Product: MDK-ARM Professional 5.10
Component: ARM Compiler 5.04 update 1 (build 49)
Tool: armlink [5040049]

==============================================================================

Section Cross References

    main.o(.text) refers to led.o(.text) for LED_GPIO_Config
    main.o(.text) refers to usart1.o(.text) for USART1_Config
    main.o(.text) refers to timer.o(.text) for Timer_Configuration
    main.o(.text) refers to mpu6050.o(.text) for MPU6050_Init
    main.o(.text) refers to ak8975.o(.text) for AK8975_Init
    main.o(.text) refers to printfb.o(i.__0printf$bare) for __2printf
    main.o(.text) refers to fflti.o(.text) for __aeabi_i2f
    main.o(.text) refers to imu.o(.text) for IMUupdate
    main.o(.text) refers to uartdebug.o(.text) for Send_Data
    main.o(.text) refers to f2d.o(.text) for __aeabi_f2d
    main.o(.text) refers to cdrcmple.o(.text) for __aeabi_cdrcmple
    main.o(.text) refers to cdcmple.o(.text) for __aeabi_cdcmple
    main.o(.text) refers to dadd.o(.text) for __aeabi_drsub
    main.o(.text) refers to d2f.o(.text) for __aeabi_d2f
    main.o(.text) refers to main.o(.data) for SYS_1MS_FLAG
    main.o(.text) refers to mpu6050.o(.data) for Mpu6050_Acc_Data
    main.o(.text) refers to imu.o(.data) for Yaw
    main.o(.text) refers to mpu6050.o(.bss) for Mpu6050_Gyo_Deg_Data
    main.o(.text) refers to ak8975.o(.data) for AK8975_Mag_Data
    stm32f10x_it.o(.text) refers to stm32f10x_usart.o(.text) for USART_GetITStatus
    stm32f10x_it.o(.text) refers to stm32f10x_tim.o(.text) for TIM_GetITStatus
    stm32f10x_it.o(.text) refers to main.o(.data) for Sensor_Acc_Calibrate_In
    stm32f10x_it.o(.text) refers to stm32f10x_it.o(.data) for timer_1ms_cnt
    usart1.o(.text) refers to stm32f10x_usart.o(.text) for USART_SendData
    usart1.o(.text) refers to stm32f10x_rcc.o(.text) for RCC_APB2PeriphClockCmd
    usart1.o(.text) refers to stm32f10x_gpio.o(.text) for GPIO_Init
    usart1.o(.text) refers to misc.o(.text) for NVIC_PriorityGroupConfig
    led.o(.text) refers to stm32f10x_rcc.o(.text) for RCC_APB2PeriphClockCmd
    led.o(.text) refers to stm32f10x_gpio.o(.text) for GPIO_Init
    timer.o(.text) refers to stm32f10x_rcc.o(.text) for RCC_APB1PeriphClockCmd
    timer.o(.text) refers to stm32f10x_tim.o(.text) for TIM_Cmd
    timer.o(.text) refers to misc.o(.text) for NVIC_PriorityGroupConfig
    i2c_soft.o(.text) refers to stm32f10x_rcc.o(.text) for RCC_APB2PeriphClockCmd
    i2c_soft.o(.text) refers to stm32f10x_gpio.o(.text) for GPIO_Init
    i2c_soft.o(.text) refers to i2c_soft.o(.data) for I2C_FastMode
    ak8975.o(.text) refers to i2c_soft.o(.text) for IIC_Write_1Byte
    ak8975.o(.text) refers to ak8975.o(.data) for AK8975_Mag_Offset
    ak8975.o(.text) refers to i2c_soft.o(.data) for I2C_FastMode
    ak8975.o(.text) refers to ak8975.o(.bss) for AK8975_FILTER_BUF
    mpu6050.o(.text) refers to i2c_soft.o(.text) for IIC_Read_nByte
    mpu6050.o(.text) refers to fflti.o(.text) for __aeabi_i2f
    mpu6050.o(.text) refers to fmul.o(.text) for __aeabi_fmul
    mpu6050.o(.text) refers to mpu6050.o(.data) for Mpu6050_Acc_Offset_Data
    mpu6050.o(.text) refers to i2c_soft.o(.data) for I2C_FastMode
    mpu6050.o(.text) refers to mpu6050.o(.bss) for mpu6050_buffer
    mymath.o(.text) refers to cfrcmple.o(.text) for __aeabi_cfrcmple
    mymath.o(.text) refers to cfcmple.o(.text) for __aeabi_cfcmpeq
    mymath.o(.text) refers to fdiv.o(.text) for __aeabi_fdiv
    mymath.o(.text) refers to fmul.o(.text) for __aeabi_fmul
    mymath.o(.text) refers to fadd.o(.text) for __aeabi_fsub
    mymath.o(.text) refers to ffixi.o(.text) for __aeabi_f2iz
    mymath.o(.text) refers to fflti.o(.text) for __aeabi_i2f
    mymath.o(.text) refers to cdcmple.o(.text) for __aeabi_cdcmple
    mymath.o(.text) refers to dmul.o(.text) for __aeabi_dmul
    mymath.o(.text) refers to dadd.o(.text) for __aeabi_dadd
    mymath.o(.text) refers to cdrcmple.o(.text) for __aeabi_cdrcmple
    mymath.o(.text) refers to dflti.o(.text) for __aeabi_i2d
    mymath.o(.text) refers to d2f.o(.text) for __aeabi_d2f
    mymath.o(.text) refers to mymath.o(.data) for fast_atan_table
    imu.o(.text) refers to fmul.o(.text) for __aeabi_fmul
    imu.o(.text) refers to fadd.o(.text) for __aeabi_fadd
    imu.o(.text) refers to mymath.o(.text) for my_sqrt
    imu.o(.text) refers to cfcmple.o(.text) for __aeabi_cfcmple
    imu.o(.text) refers to fflti.o(.text) for __aeabi_i2f
    imu.o(.text) refers to fdiv.o(.text) for __aeabi_fdiv
    imu.o(.text) refers to imu.o(.data) for h_tmp_x
    imu.o(.text) refers to ak8975.o(.data) for AK8975_Mag_Data
    imu.o(.text) refers to imu.o(.bss) for mag_tmp
    imu.o(.text) refers to cfrcmple.o(.text) for __aeabi_cfrcmple
    imu.o(.text) refers to f2d.o(.text) for __aeabi_f2d
    imu.o(.text) refers to asin.o(i.asin) for asin
    imu.o(.text) refers to dmul.o(.text) for __aeabi_dmul
    imu.o(.text) refers to d2f.o(.text) for __aeabi_d2f
    uartdebug.o(.text) refers to memseta.o(.text) for __aeabi_memclr4
[...]
    printf3.o(i.__0vfprintf$3) refers to printf3.o(i._printf_core) for _printf_core
    printf3.o(i.__0vfprintf$3) refers to usart1.o(.text) for fputc
    printf3.o(i.__0vprintf$3) refers to printf3.o(i._printf_core) for _printf_core
    printf3.o(i.__0vprintf$3) refers to usart1.o(.text) for fputc
    printf3.o(i.__0vprintf$3) refers to stdout.o(.data) for __stdout
    printf3.o(i.__0vsnprintf$3) refers to printf3.o(i._printf_core) for _printf_core
    printf3.o(i.__0vsnprintf$3) refers to printf3.o(i._snputc) for _snputc
    printf3.o(i.__0vsprintf$3) refers to printf3.o(i._printf_core) for _printf_core
    printf3.o(i.__0vsprintf$3) refers to printf3.o(i._sputc) for _sputc
    printf3.o(i._printf_core) refers to uidiv.o(.text) for __aeabi_uidivmod
    printf4.o(i.__0fprintf$4) refers to printf4.o(i._printf_core) for _printf_core
    printf4.o(i.__0fprintf$4) refers to usart1.o(.text) for fputc
    printf4.o(i.__0printf$4) refers to printf4.o(i._printf_core) for _printf_core
    printf4.o(i.__0printf$4) refers to usart1.o(.text) for fputc
    printf4.o(i.__0printf$4) refers to stdout.o(.data) for __stdout
    printf4.o(i.__0snprintf$4) refers to printf4.o(i._printf_core) for _printf_core
    printf4.o(i.__0snprintf$4) refers to printf4.o(i._snputc) for _snputc
    printf4.o(i.__0sprintf$4) refers to printf4.o(i._printf_core) for _printf_core
    printf4.o(i.__0sprintf$4) refers to printf4.o(i._sputc) for _sputc
    printf4.o(i.__0vfprintf$4) refers to printf4.o(i._printf_core) for _printf_core
    printf4.o(i.__0vfprintf$4) refers to usart1.o(.text) for fputc
    printf4.o(i.__0vprintf$4) refers to printf4.o(i._printf_core) for _printf_core
    printf4.o(i.__0vprintf$4) refers to usart1.o(.text) for fputc
    printf4.o(i.__0vprintf$4) refers to stdout.o(.data) for __stdout
    printf4.o(i.__0vsnprintf$4) refers to printf4.o(i._printf_core) for _printf_core
    printf4.o(i.__0vsnprintf$4) refers to printf4.o(i._snputc) for _snputc
    printf4.o(i.__0vsprintf$4) refers to printf4.o(i._printf_core) for _printf_core
    printf4.o(i.__0vsprintf$4) refers to printf4.o(i._sputc) for _sputc
    printf4.o(i._printf_core) refers to uldiv.o(.text) for __aeabi_uldivmod
    printf5.o(i.__0fprintf$5) refers to printf5.o(i._printf_core) for _printf_core
    printf5.o(i.__0fprintf$5) refers to usart1.o(.text) for fputc
    printf5.o(i.__0printf$5) refers to printf5.o(i._printf_core) for _printf_core
    printf5.o(i.__0printf$5) refers to usart1.o(.text) for fputc
    printf5.o(i.__0printf$5) refers to stdout.o(.data) for __stdout
    printf5.o(i.__0snprintf$5) refers to printf5.o(i._printf_core) for _printf_core
    printf5.o(i.__0snprintf$5) refers to printf5.o(i._snputc) for _snputc
    printf5.o(i.__0sprintf$5) refers to printf5.o(i._printf_core) for _printf_core
    printf5.o(i.__0sprintf$5) refers to printf5.o(i._sputc) for _sputc
    printf5.o(i.__0vfprintf$5) refers to printf5.o(i._printf_core) for _printf_core
    printf5.o(i.__0vfprintf$5) refers to usart1.o(.text) for fputc
    printf5.o(i.__0vprintf$5) refers to printf5.o(i._printf_core) for _printf_core
    printf5.o(i.__0vprintf$5) refers to usart1.o(.text) for fputc
    printf5.o(i.__0vprintf$5) refers to stdout.o(.data) for __stdout
    printf5.o(i.__0vsnprintf$5) refers to printf5.o(i._printf_core) for _printf_core
    printf5.o(i.__0vsnprintf$5) refers to printf5.o(i._snputc) for _snputc
    printf5.o(i.__0vsprintf$5) refers to printf5.o(i._printf_core) for _printf_core
    printf5.o(i.__0vsprintf$5) refers to printf5.o(i._sputc) for _sputc
    printf5.o(i._printf_core) refers to uldiv.o(.text) for __aeabi_uldivmod
    printf6.o(i.__0fprintf$6) refers to printf6.o(i._printf_core) for _printf_core
    printf6.o(i.__0fprintf$6) refers to usart1.o(.text) for fputc
    printf6.o(i.__0printf$6) refers to printf6.o(i._printf_core) for _printf_core
    printf6.o(i.__0printf$6) refers to usart1.o(.text) for fputc
    printf6.o(i.__0printf$6) refers to stdout.o(.data) for __stdout
    printf6.o(i.__0snprintf$6) refers to printf6.o(i._printf_core) for _printf_core
    printf6.o(i.__0snprintf$6) refers to printf6.o(i._snputc) for _snputc
    printf6.o(i.__0sprintf$6) refers to printf6.o(i._printf_core) for _printf_core
    printf6.o(i.__0sprintf$6) refers to printf6.o(i._sputc) for _sputc
    printf6.o(i.__0vfprintf$6) refers to printf6.o(i._printf_core) for _printf_core
    printf6.o(i.__0vfprintf$6) refers to usart1.o(.text) for fputc
    printf6.o(i.__0vprintf$6) refers to printf6.o(i._printf_core) for _printf_core
    printf6.o(i.__0vprintf$6) refers to usart1.o(.text) for fputc
    printf6.o(i.__0vprintf$6) refers to stdout.o(.data) for __stdout
    printf6.o(i.__0vsnprintf$6) refers to printf6.o(i._printf_core) for _printf_core
    printf6.o(i.__0vsnprintf$6) refers to printf6.o(i._snputc) for _snputc
    printf6.o(i.__0vsprintf$6) refers to printf6.o(i._printf_core) for _printf_core
    printf6.o(i.__0vsprintf$6) refers to printf6.o(i._sputc) for _sputc
    printf6.o(i._printf_core) refers to printf6.o(i._printf_pre_padding) for _printf_pre_padding
    printf6.o(i._printf_core) refers to uidiv.o(.text) for __aeabi_uidivmod
    printf6.o(i._printf_core) refers to printf6.o(i._printf_post_padding) for _printf_post_padding
    printf7.o(i.__0fprintf$7) refers to printf7.o(i._printf_core) for _printf_core
    printf7.o(i.__0fprintf$7) refers to usart1.o(.text) for fputc
    printf7.o(i.__0printf$7) refers to printf7.o(i._printf_core) for _printf_core
    printf7.o(i.__0printf$7) refers to usart1.o(.text) for fputc
    printf7.o(i.__0printf$7) refers to stdout.o(.data) for __stdout
    printf7.o(i.__0snprintf$7) refers to printf7.o(i._printf_core) for _printf_core
    printf7.o(i.__0snprintf$7) refers to printf7.o(i._snputc) for _snputc
    printf7.o(i.__0sprintf$7) refers to printf7.o(i._printf_core) for _printf_core
    printf7.o(i.__0sprintf$7) refers to printf7.o(i._sputc) for _sputc
    printf7.o(i.__0vfprintf$7) refers to printf7.o(i._printf_core) for _printf_core
    printf7.o(i.__0vfprintf$7) refers to usart1.o(.text) for fputc
    printf7.o(i.__0vprintf$7) refers to printf7.o(i._printf_core) for _printf_core
    printf7.o(i.__0vprintf$7) refers to usart1.o(.text) for fputc
    printf7.o(i.__0vprintf$7) refers to stdout.o(.data) for __stdout
    printf7.o(i.__0vsnprintf$7) refers to printf7.o(i._printf_core) for _printf_core
    printf7.o(i.__0vsnprintf$7) refers to printf7.o(i._snputc) for _snputc
    printf7.o(i.__0vsprintf$7) refers to printf7.o(i._printf_core) for _printf_core
    printf7.o(i.__0vsprintf$7) refers to printf7.o(i._sputc) for _sputc
    printf7.o(i._printf_core) refers to printf7.o(i._printf_pre_padding) for _printf_pre_padding
    printf7.o(i._printf_core) refers to uldiv.o(.text) for __aeabi_uldivmod
    printf7.o(i._printf_core) refers to printf7.o(i._printf_post_padding) for _printf_post_padding
    printf8.o(i.__0fprintf$8) refers to printf8.o(i._printf_core) for _printf_core
    printf8.o(i.__0fprintf$8) refers to usart1.o(.text) for fputc
    printf8.o(i.__0printf$8) refers to printf8.o(i._printf_core) for _printf_core
    printf8.o(i.__0printf$8) refers to usart1.o(.text) for fputc
    printf8.o(i.__0printf$8) refers to stdout.o(.data) for __stdout
    printf8.o(i.__0snprintf$8) refers to printf8.o(i._printf_core) for _printf_core
    printf8.o(i.__0snprintf$8) refers to printf8.o(i._snputc) for _snputc
    printf8.o(i.__0sprintf$8) refers to printf8.o(i._printf_core) for _printf_core
    printf8.o(i.__0sprintf$8) refers to printf8.o(i._sputc) for _sputc
    printf8.o(i.__0vfprintf$8) refers to printf8.o(i._printf_core) for _printf_core
    printf8.o(i.__0vfprintf$8) refers to usart1.o(.text) for fputc
    printf8.o(i.__0vprintf$8) refers to printf8.o(i._printf_core) for _printf_core
    printf8.o(i.__0vprintf$8) refers to usart1.o(.text) for fputc
    printf8.o(i.__0vprintf$8) refers to stdout.o(.data) for __stdout
    printf8.o(i.__0vsnprintf$8) refers to printf8.o(i._printf_core) for _printf_core
    printf8.o(i.__0vsnprintf$8) refers to printf8.o(i._snputc) for _snputc
    printf8.o(i.__0vsprintf$8) refers to printf8.o(i._printf_core) for _printf_core
    printf8.o(i.__0vsprintf$8) refers to printf8.o(i._sputc) for _sputc
    printf8.o(i._printf_core) refers to printf8.o(i._printf_pre_padding) for _printf_pre_padding
    printf8.o(i._printf_core) refers to uldiv.o(.text) for __aeabi_uldivmod
    printf8.o(i._printf_core) refers to printf8.o(i._printf_post_padding) for _printf_post_padding
    printfa.o(i.__0fprintf) refers (Special) to iusefp.o(.text) for __I$use$fp
    printfa.o(i.__0fprintf) refers to printfa.o(i._printf_core) for _printf_core
    printfa.o(i.__0fprintf) refers to usart1.o(.text) for fputc
    printfa.o(i.__0printf) refers (Special) to iusefp.o(.text) for __I$use$fp
    printfa.o(i.__0printf) refers to printfa.o(i._printf_core) for _printf_core
    printfa.o(i.__0printf) refers to usart1.o(.text) for fputc
    printfa.o(i.__0printf) refers to stdout.o(.data) for __stdout
    printfa.o(i.__0snprintf) refers (Special) to iusefp.o(.text) for __I$use$fp
    printfa.o(i.__0snprintf) refers to printfa.o(i._printf_core) for _printf_core
    printfa.o(i.__0snprintf) refers to printfa.o(i._snputc) for _snputc
    printfa.o(i.__0sprintf) refers (Special) to iusefp.o(.text) for __I$use$fp
    printfa.o(i.__0sprintf) refers to printfa.o(i._printf_core) for _printf_core
    printfa.o(i.__0sprintf) refers to printfa.o(i._sputc) for _sputc
    printfa.o(i.__0vfprintf) refers (Special) to iusefp.o(.text) for __I$use$fp
    printfa.o(i.__0vfprintf) refers to printfa.o(i._printf_core) for _printf_core
    printfa.o(i.__0vfprintf) refers to usart1.o(.text) for fputc
    printfa.o(i.__0vprintf) refers (Special) to iusefp.o(.text) for __I$use$fp
    printfa.o(i.__0vprintf) refers to printfa.o(i._printf_core) for _printf_core
    printfa.o(i.__0vprintf) refers to usart1.o(.text) for fputc
    printfa.o(i.__0vprintf) refers to stdout.o(.data) for __stdout
    printfa.o(i.__0vsnprintf) refers (Special) to iusefp.o(.text) for __I$use$fp
    printfa.o(i.__0vsnprintf) refers to printfa.o(i._printf_core) for _printf_core
    printfa.o(i.__0vsnprintf) refers to printfa.o(i._snputc) for _snputc
    printfa.o(i.__0vsprintf) refers (Special) to iusefp.o(.text) for __I$use$fp
    printfa.o(i.__0vsprintf) refers to printfa.o(i._printf_core) for _printf_core
    printfa.o(i.__0vsprintf) refers to printfa.o(i._sputc) for _sputc
    printfa.o(i._fp_digits) refers (Special) to iusefp.o(.text) for __I$use$fp
    printfa.o(i._fp_digits) refers to dmul.o(.text) for __aeabi_dmul
    printfa.o(i._fp_digits) refers to ddiv.o(.text) for __aeabi_ddiv
    printfa.o(i._fp_digits) refers to cdrcmple.o(.text) for __aeabi_cdrcmple
    printfa.o(i._fp_digits) refers to dadd.o(.text) for __aeabi_dadd
    printfa.o(i._fp_digits) refers to dfixul.o(.text) for __aeabi_d2ulz
    printfa.o(i._fp_digits) refers to uldiv.o(.text) for __aeabi_uldivmod
    printfa.o(i._printf_core) refers (Special) to iusefp.o(.text) for __I$use$fp
    printfa.o(i._printf_core) refers to printfa.o(i._printf_pre_padding) for _printf_pre_padding
    printfa.o(i._printf_core) refers to uldiv.o(.text) for __aeabi_uldivmod
    printfa.o(i._printf_core) refers to printfa.o(i._printf_post_padding) for _printf_post_padding
    printfa.o(i._printf_core) refers to printfa.o(i._fp_digits) for _fp_digits
    printfa.o(i._printf_core) refers to uidiv.o(.text) for __aeabi_uidivmod
    printfa.o(i._printf_post_padding) refers (Special) to iusefp.o(.text) for __I$use$fp
    printfa.o(i._printf_pre_padding) refers (Special) to iusefp.o(.text) for __I$use$fp
    printfa.o(i._snputc) refers (Special) to iusefp.o(.text) for __I$use$fp
    printfa.o(i._sputc) refers (Special) to iusefp.o(.text) for __I$use$fp
    fadd.o(.text) refers (Special) to iusefp.o(.text) for __I$use$fp
    fadd.o(.text) refers to fepilogue.o(.text) for _float_epilogue
    fmul.o(.text) refers (Special) to iusefp.o(.text) for __I$use$fp
    fdiv.o(.text) refers (Special) to iusefp.o(.text) for __I$use$fp
    fdiv.o(.text) refers to fepilogue.o(.text) for _float_round
    dadd.o(.text) refers (Special) to iusefp.o(.text) for __I$use$fp
    dadd.o(.text) refers to llshl.o(.text) for __aeabi_llsl
    dadd.o(.text) refers to llsshr.o(.text) for __aeabi_lasr
    dadd.o(.text) refers to depilogue.o(.text) for _double_epilogue
    dmul.o(.text) refers (Special) to iusefp.o(.text) for __I$use$fp
    dmul.o(.text) refers to depilogue.o(.text) for _double_epilogue
    fflti.o(.text) refers (Special) to iusefp.o(.text) for __I$use$fp
    fflti.o(.text) refers to fepilogue.o(.text) for _float_epilogue
    dflti.o(.text) refers (Special) to iusefp.o(.text) for __I$use$fp
    dflti.o(.text) refers to depilogue.o(.text) for _double_epilogue
    ffixi.o(.text) refers (Special) to iusefp.o(.text) for __I$use$fp
    f2d.o(.text) refers (Special) to iusefp.o(.text) for __I$use$fp
    cdcmple.o(.text) refers (Special) to iusefp.o(.text) for __I$use$fp
    cdrcmple.o(.text) refers (Special) to iusefp.o(.text) for __I$use$fp
    d2f.o(.text) refers (Special) to iusefp.o(.text) for __I$use$fp
    d2f.o(.text) refers to fepilogue.o(.text) for _float_round
    cfcmple.o(.text) refers (Special) to iusefp.o(.text) for __I$use$fp
    cfrcmple.o(.text) refers (Special) to iusefp.o(.text) for __I$use$fp
    dunder.o(i.__mathlib_dbl_underflow) refers to dscalb.o(.text) for __ARM_scalbn
    fpclassify.o(i.__ARM_fpclassify) refers (Special) to iusefp.o(.text) for __I$use$fp
    poly.o(i.__kernel_poly) refers (Special) to iusefp.o(.text) for __I$use$fp
    poly.o(i.__kernel_poly) refers to dmul.o(.text) for __aeabi_dmul
    poly.o(i.__kernel_poly) refers to dadd.o(.text) for __aeabi_dadd
    sqrt.o(i.__softfp_sqrt) refers (Special) to iusefp.o(.text) for __I$use$fp
    sqrt.o(i.__softfp_sqrt) refers to dsqrt.o(.text) for _dsqrt
    sqrt.o(i.__softfp_sqrt) refers to errno.o(i.__set_errno) for __set_errno
    sqrt.o(i.sqrt) refers (Special) to iusefp.o(.text) for __I$use$fp
    sqrt.o(i.sqrt) refers to dsqrt.o(.text) for _dsqrt
    sqrt.o(i.sqrt) refers to errno.o(i.__set_errno) for __set_errno
    sqrt_x.o(i.____softfp_sqrt$lsc) refers (Special) to iusefp.o(.text) for __I$use$fp
    sqrt_x.o(i.____softfp_sqrt$lsc) refers to cdcmple.o(.text) for __aeabi_cdcmple
    sqrt_x.o(i.____softfp_sqrt$lsc) refers to errno.o(i.__set_errno) for __set_errno
    sqrt_x.o(i.____softfp_sqrt$lsc) refers to dsqrt.o(.text) for _dsqrt
    sqrt_x.o(i.__sqrt$lsc) refers (Special) to iusefp.o(.text) for __I$use$fp
    sqrt_x.o(i.__sqrt$lsc) refers to cdcmple.o(.text) for __aeabi_cdcmple
    sqrt_x.o(i.__sqrt$lsc) refers to errno.o(i.__set_errno) for __set_errno
    sqrt_x.o(i.__sqrt$lsc) refers to dsqrt.o(.text) for _dsqrt
    entry2.o(.ARM.Collect$$$$00000001) refers to entry2.o(.ARM.Collect$$$$00002712) for __lit__00000000
    entry2.o(.ARM.Collect$$$$00002712) refers to startup_stm32f10x_hd.o(STACK) for __initial_sp
    entry2.o(__vectab_stack_and_reset_area) refers to startup_stm32f10x_hd.o(STACK) for __initial_sp
    entry2.o(__vectab_stack_and_reset_area) refers to entry.o(.ARM.Collect$$$$00000000) for __main
    entry5.o(.ARM.Collect$$$$00000004) refers to init.o(.text) for __scatterload
    entry9a.o(.ARM.Collect$$$$0000000B) refers to main.o(.text) for main
    entry9b.o(.ARM.Collect$$$$0000000C) refers to main.o(.text) for main
    uldiv.o(.text) refers to llushr.o(.text) for __aeabi_llsr
    uldiv.o(.text) refers to llshl.o(.text) for __aeabi_llsl
    errno.o(i.__aeabi_errno_addr) refers to errno.o(.data) for .data
    errno.o(i.__read_errno) refers to errno.o(.data) for .data
    errno.o(i.__set_errno) refers to errno.o(.data) for .data
    depilogue.o(.text) refers to llshl.o(.text) for __aeabi_llsl
    depilogue.o(.text) refers to llushr.o(.text) for __aeabi_llsr
    ddiv.o(.text) refers to depilogue.o(.text) for _double_round
    dfixul.o(.text) refers to llushr.o(.text) for __aeabi_llsr
    dfixul.o(.text) refers to llshl.o(.text) for __aeabi_llsl
    init.o(.text) refers to entry5.o(.ARM.Collect$$$$00000004) for __main_after_scatterload
    dsqrt.o(.text) refers to llushr.o(.text) for __aeabi_llsr
    dsqrt.o(.text) refers to depilogue.o(.text) for _double_round


==============================================================================

Removing Unused input sections from the image.

    Removing startup_stm32f10x_hd.o(HEAP), (512 bytes).
    Removing core_cm3.o(.emb_text), (32 bytes).
    Removing dfixul.o(.text), (48 bytes).

3 unused section(s) (total 592 bytes) removed from the image.

==============================================================================

Image Symbol Table

    Local Symbols

    Symbol Name                              Value     Ov Type        Size  Object(Section)

    ../clib/../cmprslib/zerorunl2.c          0x00000000   Number         0  __dczerorl2.o ABSOLUTE
    ../clib/microlib/division.c              0x00000000   Number         0  uldiv.o ABSOLUTE
    ../clib/microlib/division.c              0x00000000   Number         0  uidiv.o ABSOLUTE
    ../clib/microlib/errno.c                 0x00000000   Number         0  errno.o ABSOLUTE
    ../clib/microlib/init/entry.s            0x00000000   Number         0  entry9b.o ABSOLUTE
    ../clib/microlib/init/entry.s            0x00000000   Number         0  entry9a.o ABSOLUTE
    ../clib/microlib/init/entry.s            0x00000000   Number         0  entry7a.o ABSOLUTE
    ../clib/microlib/init/entry.s            0x00000000   Number         0  entry8b.o ABSOLUTE
    ../clib/microlib/init/entry.s            0x00000000   Number         0  entry8a.o ABSOLUTE
    ../clib/microlib/init/entry.s            0x00000000   Number         0  entry11a.o ABSOLUTE
    ../clib/microlib/init/entry.s            0x00000000   Number         0  entry7b.o ABSOLUTE
    ../clib/microlib/init/entry.s            0x00000000   Number         0  entry10b.o ABSOLUTE
    ../clib/microlib/init/entry.s            0x00000000   Number         0  entry11b.o ABSOLUTE
    ../clib/microlib/init/entry.s            0x00000000   Number         0  entry2.o ABSOLUTE
    ../clib/microlib/init/entry.s            0x00000000   Number         0  entry10a.o ABSOLUTE
    ../clib/microlib/init/entry.s            0x00000000   Number         0  entry5.o ABSOLUTE
    ../clib/microlib/init/entry.s            0x00000000   Number         0  entry.o ABSOLUTE
    ../clib/microlib/longlong.c              0x00000000   Number         0  llshl.o ABSOLUTE
    ../clib/microlib/longlong.c              0x00000000   Number         0  llsshr.o ABSOLUTE
    ../clib/microlib/longlong.c              0x00000000   Number         0  llushr.o ABSOLUTE
    ../clib/microlib/printf/printf.c         0x00000000   Number         0  printf4.o ABSOLUTE
    ../clib/microlib/printf/printf.c         0x00000000   Number         0  printfa.o ABSOLUTE
    ../clib/microlib/printf/printf.c         0x00000000   Number         0  printf6.o ABSOLUTE
    ../clib/microlib/printf/printf.c         0x00000000   Number         0  printf8.o ABSOLUTE
    ../clib/microlib/printf/printf.c         0x00000000   Number         0  printf5.o ABSOLUTE
    ../clib/microlib/printf/printf.c         0x00000000   Number         0  printf7.o ABSOLUTE
    ../clib/microlib/printf/printf.c         0x00000000   Number         0  printf3.o ABSOLUTE
    ../clib/microlib/printf/printf.c         0x00000000   Number         0  printf2.o ABSOLUTE
    ../clib/microlib/printf/printf.c         0x00000000   Number         0  printf0.o ABSOLUTE
    ../clib/microlib/printf/printf.c         0x00000000   Number         0  printfb.o ABSOLUTE
    ../clib/microlib/printf/printf.c         0x00000000   Number         0  printf1.o ABSOLUTE
    ../clib/microlib/stdio/streams.c         0x00000000   Number         0  stdout.o ABSOLUTE
    ../clib/microlib/string/memset.c         0x00000000   Number         0  memseta.o ABSOLUTE
    ../clib/microlib/stubs.s                 0x00000000   Number         0  iusefp.o ABSOLUTE
    ../fplib/microlib/d2f.c                  0x00000000   Number         0  d2f.o ABSOLUTE
    ../fplib/microlib/f2d.c                  0x00000000   Number         0  f2d.o ABSOLUTE
    ../fplib/microlib/fpadd.c                0x00000000   Number         0  dadd.o ABSOLUTE
    ../fplib/microlib/fpadd.c                0x00000000   Number         0  fadd.o ABSOLUTE
    ../fplib/microlib/fpdiv.c                0x00000000   Number         0  fdiv.o ABSOLUTE
    ../fplib/microlib/fpdiv.c                0x00000000   Number         0  ddiv.o ABSOLUTE
    ../fplib/microlib/fpepilogue.c           0x00000000   Number         0  depilogue.o ABSOLUTE
    ../fplib/microlib/fpepilogue.c           0x00000000   Number         0  fepilogue.o ABSOLUTE
    ../fplib/microlib/fpfix.c                0x00000000   Number         0  ffixi.o ABSOLUTE
    ../fplib/microlib/fpfix.c                0x00000000   Number         0  dfixul.o ABSOLUTE
    ../fplib/microlib/fpflt.c                0x00000000   Number         0  dflti.o ABSOLUTE
    ../fplib/microlib/fpflt.c                0x00000000   Number         0  fflti.o ABSOLUTE
    ../fplib/microlib/fpmul.c                0x00000000   Number         0  dmul.o ABSOLUTE
    ../fplib/microlib/fpmul.c                0x00000000   Number         0  fmul.o ABSOLUTE
    ../fplib/microlib/fpscalb.c              0x00000000   Number         0  dscalb.o ABSOLUTE
    ../fplib/microlib/fpsqrt.c               0x00000000   Number         0  dsqrt.o ABSOLUTE
    ../mathlib/asin.c                        0x00000000   Number         0  asin_x.o ABSOLUTE
    ../mathlib/asin.c                        0x00000000   Number         0  asin.o ABSOLUTE
    ../mathlib/dunder.c                      0x00000000   Number         0  dunder.o ABSOLUTE
    ../mathlib/fpclassify.c                  0x00000000   Number         0  fpclassify.o ABSOLUTE
    ../mathlib/poly.c                        0x00000000   Number         0  poly.o ABSOLUTE
    ../mathlib/sqrt.c                        0x00000000   Number         0  sqrt_x.o ABSOLUTE
    ../mathlib/sqrt.c                        0x00000000   Number         0  sqrt.o ABSOLUTE
    ..\CMSIS\core_cm3.c                      0x00000000   Number         0  core_cm3.o ABSOLUTE
    ..\CMSIS\startup_stm32f10x_hd.s          0x00000000   Number         0  startup_stm32f10x_hd.o ABSOLUTE
    ..\CMSIS\system_stm32f10x.c              0x00000000   Number         0  system_stm32f10x.o ABSOLUTE
    ..\LIB\src\misc.c                        0x00000000   Number         0  misc.o ABSOLUTE
    ..\LIB\src\stm32f10x_gpio.c              0x00000000   Number         0  stm32f10x_gpio.o ABSOLUTE
    ..\LIB\src\stm32f10x_rcc.c               0x00000000   Number         0  stm32f10x_rcc.o ABSOLUTE
    ..\LIB\src\stm32f10x_tim.c               0x00000000   Number         0  stm32f10x_tim.o ABSOLUTE
    ..\LIB\src\stm32f10x_usart.c             0x00000000   Number         0  stm32f10x_usart.o ABSOLUTE
    ..\\CMSIS\\core_cm3.c                    0x00000000   Number         0  core_cm3.o ABSOLUTE
    UartDebug.c                              0x00000000   Number         0  uartdebug.o ABSOLUTE
    ak8975.c                                 0x00000000   Number         0  ak8975.o ABSOLUTE
    cdcmple.s                                0x00000000   Number         0  cdcmple.o ABSOLUTE
    cdrcmple.s                               0x00000000   Number         0  cdrcmple.o ABSOLUTE
    cfcmple.s                                0x00000000   Number         0  cfcmple.o ABSOLUTE
    cfrcmple.s                               0x00000000   Number         0  cfrcmple.o ABSOLUTE
    dc.s                                     0x00000000   Number         0  dc.o ABSOLUTE
    handlers.s                               0x00000000   Number         0  handlers.o ABSOLUTE
    i2c_soft.c                               0x00000000   Number         0  i2c_soft.o ABSOLUTE
    imu.c                                    0x00000000   Number         0  imu.o ABSOLUTE
    init.s                                   0x00000000   Number         0  init.o ABSOLUTE
    led.c                                    0x00000000   Number         0  led.o ABSOLUTE
    main.c                                   0x00000000   Number         0  main.o ABSOLUTE
    mpu6050.c                                0x00000000   Number         0  mpu6050.o ABSOLUTE
    mymath.c                                 0x00000000   Number         0  mymath.o ABSOLUTE
    stm32f10x_it.c                           0x00000000   Number         0  stm32f10x_it.o ABSOLUTE
    timer.c                                  0x00000000   Number         0  timer.o ABSOLUTE
    usart1.c                                 0x00000000   Number         0  usart1.o ABSOLUTE
    RESET                                    0x08000000   Section      304  startup_stm32f10x_hd.o(RESET)
    .ARM.Collect$$$$00000000                 0x08000130   Section        0  entry.o(.ARM.Collect$$$$00000000)
    .ARM.Collect$$$$00000001                 0x08000130   Section        4  entry2.o(.ARM.Collect$$$$00000001)
    .ARM.Collect$$$$00000004                 0x08000134   Section        4  entry5.o(.ARM.Collect$$$$00000004)
    .ARM.Collect$$$$00000008                 0x08000138   Section        0  entry7b.o(.ARM.Collect$$$$00000008)
    .ARM.Collect$$$$0000000A                 0x08000138   Section        0  entry8b.o(.ARM.Collect$$$$0000000A)
    .ARM.Collect$$$$0000000B                 0x08000138   Section        8  entry9a.o(.ARM.Collect$$$$0000000B)
    .ARM.Collect$$$$0000000D                 0x08000140   Section        0  entry10a.o(.ARM.Collect$$$$0000000D)
    .ARM.Collect$$$$0000000F                 0x08000140   Section        0  entry11a.o(.ARM.Collect$$$$0000000F)
    .ARM.Collect$$$$00002712                 0x08000140   Section        4  entry2.o(.ARM.Collect$$$$00002712)
    __lit__00000000                          0x08000140   Data           4  entry2.o(.ARM.Collect$$$$00002712)
    .text                                    0x08000144   Section        0  main.o(.text)
    .text                                    0x08000348   Section        0  stm32f10x_it.o(.text)
    .text                                    0x080004e0   Section        0  usart1.o(.text)
    itoa                                     0x080005af   Thumb Code    98  usart1.o(.text)
    .text                                    0x0800074c   Section        0  led.o(.text)
    .text                                    0x080007c4   Section        0  timer.o(.text)
    .text                                    0x08000870   Section        0  i2c_soft.o(.text)
    .text                                    0x08000ca8   Section        0  ak8975.o(.text)
    .text                                    0x08000ec0   Section        0  mpu6050.o(.text)
    .text                                    0x08001378   Section        0  mymath.o(.text)
    .text                                    0x080019b4   Section        0  imu.o(.text)
    .text                                    0x080026a4   Section        0  uartdebug.o(.text)
    .text                                    0x08002960   Section        0  misc.o(.text)
    .text                                    0x08002a3c   Section        0  stm32f10x_gpio.o(.text)
    .text                                    0x08002d98   Section        0  stm32f10x_rcc.o(.text)
    .text                                    0x0800313c   Section        0  stm32f10x_usart.o(.text)
    .text                                    0x08003544   Section        0  stm32f10x_tim.o(.text)
    TI4_Config                               0x080039eb   Thumb Code   130  stm32f10x_tim.o(.text)
    TI3_Config                               0x08003a7f   Thumb Code   122  stm32f10x_tim.o(.text)
    TI2_Config                               0x08003b13   Thumb Code   130  stm32f10x_tim.o(.text)
    TI1_Config                               0x08003ba7   Thumb Code   108  stm32f10x_tim.o(.text)
    .text                                    0x08004360   Section       36  startup_stm32f10x_hd.o(.text)
    .text                                    0x08004384   Section        0  system_stm32f10x.o(.text)
    SetSysClockTo72                          0x08004385   Thumb Code   214  system_stm32f10x.o(.text)
    SetSysClock                              0x0800445b   Thumb Code     8  system_stm32f10x.o(.text)
    .text                                    0x08004564   Section        0  memseta.o(.text)
    .text                                    0x08004588   Section        0  fadd.o(.text)
    .text                                    0x08004638   Section        0  fmul.o(.text)
    .text                                    0x0800469c   Section        0  fdiv.o(.text)
    .text                                    0x08004718   Section        0  dadd.o(.text)
    .text                                    0x08004866   Section        0  dmul.o(.text)
    .text                                    0x0800494a   Section        0  fflti.o(.text)
    .text                                    0x0800495c   Section        0  dflti.o(.text)
    .text                                    0x0800497e   Section        0  ffixi.o(.text)
    .text                                    0x080049b0   Section        0  f2d.o(.text)
    .text                                    0x080049d8   Section       40  cdcmple.o(.text)
    .text                                    0x08004a00   Section       40  cdrcmple.o(.text)
    .text                                    0x08004a28   Section        0  d2f.o(.text)
    .text                                    0x08004a60   Section       20  cfcmple.o(.text)
    .text                                    0x08004a74   Section       20  cfrcmple.o(.text)
    .text                                    0x08004a88   Section        0  llshl.o(.text)
    .text                                    0x08004aa6   Section        0  llsshr.o(.text)
    .text                                    0x08004aca   Section        0  fepilogue.o(.text)
    .text                                    0x08004aca   Section        0  iusefp.o(.text)
    .text                                    0x08004b38   Section        0  depilogue.o(.text)
    .text                                    0x08004bee   Section        0  ddiv.o(.text)
    .text                                    0x08004ccc   Section        0  dscalb.o(.text)
    .text                                    0x08004cfc   Section       36  init.o(.text)
    .text                                    0x08004d20   Section        0  llushr.o(.text)
    .text                                    0x08004d40   Section        0  dsqrt.o(.text)
    .text                                    0x08004de2   Section        0  __dczerorl2.o(.text)
    i.__0printf$bare                         0x08004e38   Section        0  printfb.o(i.__0printf$bare)
    i.__ARM_fpclassify                       0x08004e48   Section        0  fpclassify.o(i.__ARM_fpclassify)
    i.__kernel_poly                          0x08004e70   Section        0  poly.o(i.__kernel_poly)
    i.__mathlib_dbl_underflow                0x08004f1c   Section        0  dunder.o(i.__mathlib_dbl_underflow)
    i.__scatterload_copy                     0x08004f2c   Section       14  handlers.o(i.__scatterload_copy)
    i.__scatterload_null                     0x08004f3a   Section        2  handlers.o(i.__scatterload_null)
    i.__scatterload_zeroinit                 0x08004f3c   Section       14  handlers.o(i.__scatterload_zeroinit)
    i.__set_errno                            0x08004f4c   Section        0  errno.o(i.__set_errno)
    i._printf_core                           0x08004f58   Section        0  printfb.o(i._printf_core)
    _printf_core                             0x08004f59   Thumb Code    34  printfb.o(i._printf_core)
    i.asin                                   0x08004f7c   Section        0  asin.o(i.asin)
    i.sqrt                                   0x080051f8   Section        0  sqrt.o(i.sqrt)
    .constdata                               0x08005248   Section       80  asin.o(.constdata)
    pS                                       0x08005248   Data          48  asin.o(.constdata)
    qS                                       0x08005278   Data          32  asin.o(.constdata)
    .data                                    0x20000000   Section       48  main.o(.data)
    .data                                    0x20000030   Section       28  stm32f10x_it.o(.data)
    timer_1ms_cnt                            0x20000030   Data           4  stm32f10x_it.o(.data)
    timer_10ms_cnt                           0x20000034   Data           4  stm32f10x_it.o(.data)
    timer_15ms_cnt                           0x20000038   Data           4  stm32f10x_it.o(.data)
    timer_20ms_cnt                           0x2000003c   Data           4  stm32f10x_it.o(.data)
    timer_50ms_cnt                           0x20000040   Data           4  stm32f10x_it.o(.data)
    timer_100ms_cnt                          0x20000044   Data           4  stm32f10x_it.o(.data)
    timer_1000ms_cnt                         0x20000048   Data           4  stm32f10x_it.o(.data)
    .data                                    0x2000004c   Section        1  i2c_soft.o(.data)
    .data                                    0x20000050   Section       20  ak8975.o(.data)
    .data                                    0x20000064   Section       32  mpu6050.o(.data)
    .data                                    0x20000084   Section     1028  mymath.o(.data)
    .data                                    0x20000488   Section       88  imu.o(.data)
    pn                                       0x200004cc   Data           1  imu.o(.data)
    h_tmp_x                                  0x200004d0   Data           4  imu.o(.data)
    h_tmp_y                                  0x200004d4   Data           4  imu.o(.data)
    yaw_correct                              0x200004d8   Data           4  imu.o(.data)
    yaw_mag                                  0x200004dc   Data           4  imu.o(.data)
    .data                                    0x200004e0   Section       20  stm32f10x_rcc.o(.data)
    APBAHBPrescTable                         0x200004e0   Data          16  stm32f10x_rcc.o(.data)
    ADCPrescTable                            0x200004f0   Data           4  stm32f10x_rcc.o(.data)
    .data                                    0x200004f4   Section       20  system_stm32f10x.o(.data)
    .data                                    0x20000508   Section        4  stdout.o(.data)
    .data                                    0x2000050c   Section        4  errno.o(.data)
    _errno                                   0x2000050c   Data           4  errno.o(.data)
    .bss                                     0x20000510   Section       72  ak8975.o(.bss)
    .bss                                     0x20000558   Section      172  mpu6050.o(.bss)
    .bss                                     0x20000604   Section      252  imu.o(.bss)
    mag_tmp                                  0x200006f4   Data          12  imu.o(.bss)
    STACK                                    0x20000700   Section     1024  startup_stm32f10x_hd.o(STACK)

    Global Symbols

    Symbol Name                              Value     Ov Type        Size  Object(Section)

    BuildAttributes$$THM_ISAv4$P$D$K$B$S$PE$A:L22UL41UL21$X:L11$S22US41US21$IEEE1$IW$USESV6$~STKCKD$USESV7$~SHL$OTIME$ROPI$IEEEX$EBA8$MICROLIB$REQ8$PRES8$EABIv2 0x00000000   Number         0  anon$$obj.o ABSOLUTE
    __ARM_use_no_argv                        0x00000000   Number         0  main.o ABSOLUTE
    __cpp_initialize__aeabi_                  - Undefined Weak Reference
    __cxa_finalize                            - Undefined Weak Reference
    _clock_init                               - Undefined Weak Reference
    _microlib_exit                            - Undefined Weak Reference
    __Vectors_Size                           0x00000130   Number         0  startup_stm32f10x_hd.o ABSOLUTE
    __Vectors                                0x08000000   Data           4  startup_stm32f10x_hd.o(RESET)
    __Vectors_End                            0x08000130   Data           0  startup_stm32f10x_hd.o(RESET)
    __main                                   0x08000131   Thumb Code     0  entry.o(.ARM.Collect$$$$00000000)
    _main_stk                                0x08000131   Thumb Code     0  entry2.o(.ARM.Collect$$$$00000001)
    _main_scatterload                        0x08000135   Thumb Code     0  entry5.o(.ARM.Collect$$$$00000004)
    __main_after_scatterload                 0x08000139   Thumb Code     0  entry5.o(.ARM.Collect$$$$00000004)
    _main_clock                              0x08000139   Thumb Code     0  entry7b.o(.ARM.Collect$$$$00000008)
    _main_cpp_init                           0x08000139   Thumb Code     0  entry8b.o(.ARM.Collect$$$$0000000A)
    _main_init                               0x08000139   Thumb Code     0  entry9a.o(.ARM.Collect$$$$0000000B)
    __rt_final_cpp                           0x08000141   Thumb Code     0  entry10a.o(.ARM.Collect$$$$0000000D)
    __rt_final_exit                          0x08000141   Thumb Code     0  entry11a.o(.ARM.Collect$$$$0000000F)
    main                                     0x08000145   Thumb Code   406  main.o(.text)
    NMI_Handler                              0x08000349   Thumb Code     2  stm32f10x_it.o(.text)
    HardFault_Handler                        0x0800034b   Thumb Code     4  stm32f10x_it.o(.text)
    MemManage_Handler                        0x0800034f   Thumb Code     4  stm32f10x_it.o(.text)
    BusFault_Handler                         0x08000353   Thumb Code     4  stm32f10x_it.o(.text)
    UsageFault_Handler                       0x08000357   Thumb Code     4  stm32f10x_it.o(.text)
    SVC_Handler                              0x0800035b   Thumb Code     2  stm32f10x_it.o(.text)
    DebugMon_Handler                         0x0800035d   Thumb Code     2  stm32f10x_it.o(.text)
    PendSV_Handler                           0x0800035f   Thumb Code     2  stm32f10x_it.o(.text)
    SysTick_Handler                          0x08000361   Thumb Code     2  stm32f10x_it.o(.text)
    USART1_IRQHandler                        0x08000363   Thumb Code    70  stm32f10x_it.o(.text)
    TIM2_IRQHandler                          0x080003a9   Thumb Code   236  stm32f10x_it.o(.text)
    USART1_Send_Data                         0x080004e1   Thumb Code    48  usart1.o(.text)
    fputc                                    0x08000511   Thumb Code    32  usart1.o(.text)
    USART1_Config                            0x08000531   Thumb Code   126  usart1.o(.text)
    USART1_printf                            0x08000611   Thumb Code   264  usart1.o(.text)
    NVIC_Configuration                       0x08000719   Thumb Code    42  usart1.o(.text)
    LED_GPIO_Config                          0x0800074d   Thumb Code    48  led.o(.text)
    LED_OFF                                  0x0800077d   Thumb Code    14  led.o(.text)
    LED_ON                                   0x0800078b   Thumb Code    14  led.o(.text)
    LED_ON_OFF                               0x08000799   Thumb Code    38  led.o(.text)
    Start_Timer                              0x080007c5   Thumb Code    20  timer.o(.text)
    Stop_Tmer                                0x080007d9   Thumb Code    22  timer.o(.text)
    Timer_Nvic_Configuration                 0x080007ef   Thumb Code    42  timer.o(.text)
    Timer_Configuration                      0x08000819   Thumb Code    88  timer.o(.text)
    I2c_Soft_delay                           0x08000871   Thumb Code    42  i2c_soft.o(.text)
    I2c_Soft_Init                            0x0800089b   Thumb Code    38  i2c_soft.o(.text)
    I2c_Soft_Start                           0x080008c1   Thumb Code   108  i2c_soft.o(.text)
    I2c_Soft_Stop                            0x0800092d   Thumb Code    74  i2c_soft.o(.text)
    I2c_Soft_Ask                             0x08000977   Thumb Code    74  i2c_soft.o(.text)
    I2c_Soft_NoAsk                           0x080009c1   Thumb Code    74  i2c_soft.o(.text)
    I2c_Soft_WaitAsk                         0x08000a0b   Thumb Code   110  i2c_soft.o(.text)
    I2c_Soft_SendByte                        0x08000a79   Thumb Code   106  i2c_soft.o(.text)
    I2c_Soft_ReadByte                        0x08000ae3   Thumb Code   118  i2c_soft.o(.text)
    IIC_Write_1Byte                          0x08000b59   Thumb Code    62  i2c_soft.o(.text)
    IIC_Read_1Byte                           0x08000b97   Thumb Code    80  i2c_soft.o(.text)
    IIC_Write_nByte                          0x08000be7   Thumb Code    78  i2c_soft.o(.text)
    IIC_Read_nByte                           0x08000c35   Thumb Code   116  i2c_soft.o(.text)
    AK8975_Get_Offset                        0x08000ca9   Thumb Code    24  ak8975.o(.text)
    AK8975_Init                              0x08000cc1   Thumb Code    12  ak8975.o(.text)
    ANO_AK8975_Run                           0x08000ccd   Thumb Code    14  ak8975.o(.text)
    ANO_AK8975_Read_Mag_Data                 0x08000cdb   Thumb Code   450  ak8975.o(.text)
    ANO_AK8975_Read                          0x08000e9d   Thumb Code     8  ak8975.o(.text)
    MPU6050_Get_Offset                       0x08000ec1   Thumb Code    38  mpu6050.o(.text)
    MPU6050_Read                             0x08000ee7   Thumb Code   502  mpu6050.o(.text)
    IICwriteBit                              0x080010dd   Thumb Code    78  mpu6050.o(.text)
    IICwriteBits                             0x0800112b   Thumb Code   102  mpu6050.o(.text)
    MPU6050_set_SMPLRT_DIV                   0x08001191   Thumb Code    28  mpu6050.o(.text)
    MPU6050_setClockSource                   0x080011ad   Thumb Code    20  mpu6050.o(.text)
    MPU6050_setFullScaleGyroRange            0x080011c1   Thumb Code    36  mpu6050.o(.text)
    MPU6050_setFullScaleAccelRange           0x080011e5   Thumb Code    36  mpu6050.o(.text)
    MPU6050_setSleepEnabled                  0x08001209   Thumb Code    18  mpu6050.o(.text)
    MPU6050_setI2CMasterModeEnabled          0x0800121b   Thumb Code    18  mpu6050.o(.text)
    MPU6050_setI2CBypassEnabled              0x0800122d   Thumb Code    18  mpu6050.o(.text)
    MPU6050_setDLPF                          0x0800123f   Thumb Code    20  mpu6050.o(.text)
    MPU6050_INT_Config                       0x08001253   Thumb Code     2  mpu6050.o(.text)
    Delay_ms                                 0x08001255   Thumb Code    26  mpu6050.o(.text)
    MPU6050_Init                             0x0800126f   Thumb Code   256  mpu6050.o(.text)
    my_abs                                   0x08001379   Thumb Code    24  mymath.o(.text)
    fast_atan2                               0x08001391   Thumb Code   344  mymath.o(.text)
    my_atan                                  0x080014e9   Thumb Code    16  mymath.o(.text)
    my_sqrt                                  0x080014f9   Thumb Code   114  mymath.o(.text)
    mx_sin                                   0x0800156b   Thumb Code   228  mymath.o(.text)
    my_sin                                   0x0800164f   Thumb Code    78  mymath.o(.text)
    my_cos                                   0x0800169d   Thumb Code   102  mymath.o(.text)
    my_deadzone_p                            0x08001703   Thumb Code    46  mymath.o(.text)
    my_deadzone_n                            0x08001731   Thumb Code    46  mymath.o(.text)
    my_deathzoom                             0x0800175f   Thumb Code    72  mymath.o(.text)
    my_deathzoom_2                           0x080017a7   Thumb Code   118  mymath.o(.text)
    To_180_degrees_db                        0x0800181d   Thumb Code    68  mymath.o(.text)
    To_180_degrees                           0x08001861   Thumb Code    48  mymath.o(.text)
    linear_interpolation_5                   0x08001891   Thumb Code   266  mymath.o(.text)
    simple_3d_trans                          0x080019b5   Thumb Code   252  imu.o(.text)
    IMUupdate                                0x08001ab1   Thumb Code  3054  imu.o(.text)
    Data_Send_Status                         0x080026a5   Thumb Code   332  uartdebug.o(.text)
    Send_Data                                0x080027f1   Thumb Code   360  uartdebug.o(.text)
    NVIC_PriorityGroupConfig                 0x08002961   Thumb Code    10  misc.o(.text)
    NVIC_Init                                0x0800296b   Thumb Code   100  misc.o(.text)
    NVIC_SetVectorTable                      0x080029cf   Thumb Code    14  misc.o(.text)
    NVIC_SystemLPConfig                      0x080029dd   Thumb Code    34  misc.o(.text)
    SysTick_CLKSourceConfig                  0x080029ff   Thumb Code    40  misc.o(.text)
    GPIO_DeInit                              0x08002a3d   Thumb Code   172  stm32f10x_gpio.o(.text)
    GPIO_AFIODeInit                          0x08002ae9   Thumb Code    20  stm32f10x_gpio.o(.text)
    GPIO_Init                                0x08002afd   Thumb Code   278  stm32f10x_gpio.o(.text)
    GPIO_StructInit                          0x08002c13   Thumb Code    16  stm32f10x_gpio.o(.text)
    GPIO_ReadInputDataBit                    0x08002c23   Thumb Code    18  stm32f10x_gpio.o(.text)
    GPIO_ReadInputData                       0x08002c35   Thumb Code     8  stm32f10x_gpio.o(.text)
    GPIO_ReadOutputDataBit                   0x08002c3d   Thumb Code    18  stm32f10x_gpio.o(.text)
    GPIO_ReadOutputData                      0x08002c4f   Thumb Code     8  stm32f10x_gpio.o(.text)
    GPIO_SetBits                             0x08002c57   Thumb Code     4  stm32f10x_gpio.o(.text)
    GPIO_ResetBits                           0x08002c5b   Thumb Code     4  stm32f10x_gpio.o(.text)
    GPIO_WriteBit                            0x08002c5f   Thumb Code    10  stm32f10x_gpio.o(.text)
    GPIO_Write                               0x08002c69   Thumb Code     4  stm32f10x_gpio.o(.text)
    GPIO_PinLockConfig                       0x08002c6d   Thumb Code    18  stm32f10x_gpio.o(.text)
    GPIO_EventOutputConfig                   0x08002c7f   Thumb Code    26  stm32f10x_gpio.o(.text)
    GPIO_EventOutputCmd                      0x08002c99   Thumb Code     6  stm32f10x_gpio.o(.text)
    GPIO_PinRemapConfig                      0x08002c9f   Thumb Code   138  stm32f10x_gpio.o(.text)
    GPIO_EXTILineConfig                      0x08002d29   Thumb Code    66  stm32f10x_gpio.o(.text)
    GPIO_ETH_MediaInterfaceConfig            0x08002d6b   Thumb Code     8  stm32f10x_gpio.o(.text)
    RCC_DeInit                               0x08002d99   Thumb Code    64  stm32f10x_rcc.o(.text)
    RCC_HSEConfig                            0x08002dd9   Thumb Code    70  stm32f10x_rcc.o(.text)
    RCC_GetFlagStatus                        0x08002e1f   Thumb Code    56  stm32f10x_rcc.o(.text)
    RCC_WaitForHSEStartUp                    0x08002e57   Thumb Code    56  stm32f10x_rcc.o(.text)
    RCC_AdjustHSICalibrationValue            0x08002e8f   Thumb Code    20  stm32f10x_rcc.o(.text)
    RCC_HSICmd                               0x08002ea3   Thumb Code     6  stm32f10x_rcc.o(.text)
    RCC_PLLConfig                            0x08002ea9   Thumb Code    24  stm32f10x_rcc.o(.text)
    RCC_PLLCmd                               0x08002ec1   Thumb Code     6  stm32f10x_rcc.o(.text)
    RCC_SYSCLKConfig                         0x08002ec7   Thumb Code    18  stm32f10x_rcc.o(.text)
    RCC_GetSYSCLKSource                      0x08002ed9   Thumb Code    10  stm32f10x_rcc.o(.text)
    RCC_HCLKConfig                           0x08002ee3   Thumb Code    18  stm32f10x_rcc.o(.text)
    RCC_PCLK1Config                          0x08002ef5   Thumb Code    18  stm32f10x_rcc.o(.text)
    RCC_PCLK2Config                          0x08002f07   Thumb Code    20  stm32f10x_rcc.o(.text)
    RCC_ITConfig                             0x08002f1b   Thumb Code    26  stm32f10x_rcc.o(.text)
    RCC_USBCLKConfig                         0x08002f35   Thumb Code     8  stm32f10x_rcc.o(.text)
    RCC_ADCCLKConfig                         0x08002f3d   Thumb Code    18  stm32f10x_rcc.o(.text)
    RCC_LSEConfig                            0x08002f4f   Thumb Code    50  stm32f10x_rcc.o(.text)
    RCC_LSICmd                               0x08002f81   Thumb Code     6  stm32f10x_rcc.o(.text)
    RCC_RTCCLKConfig                         0x08002f87   Thumb Code    12  stm32f10x_rcc.o(.text)
    RCC_RTCCLKCmd                            0x08002f93   Thumb Code     8  stm32f10x_rcc.o(.text)
    RCC_GetClocksFreq                        0x08002f9b   Thumb Code   192  stm32f10x_rcc.o(.text)
    RCC_AHBPeriphClockCmd                    0x0800305b   Thumb Code    26  stm32f10x_rcc.o(.text)
    RCC_APB2PeriphClockCmd                   0x08003075   Thumb Code    26  stm32f10x_rcc.o(.text)
    RCC_APB1PeriphClockCmd                   0x0800308f   Thumb Code    26  stm32f10x_rcc.o(.text)
    RCC_APB2PeriphResetCmd                   0x080030a9   Thumb Code    26  stm32f10x_rcc.o(.text)
    RCC_APB1PeriphResetCmd                   0x080030c3   Thumb Code    26  stm32f10x_rcc.o(.text)
    RCC_BackupResetCmd                       0x080030dd   Thumb Code     8  stm32f10x_rcc.o(.text)
    RCC_ClockSecuritySystemCmd               0x080030e5   Thumb Code     6  stm32f10x_rcc.o(.text)
    RCC_MCOConfig                            0x080030eb   Thumb Code     6  stm32f10x_rcc.o(.text)
    RCC_ClearFlag                            0x080030f1   Thumb Code    14  stm32f10x_rcc.o(.text)
    RCC_GetITStatus                          0x080030ff   Thumb Code    20  stm32f10x_rcc.o(.text)
    RCC_ClearITPendingBit                    0x08003113   Thumb Code     6  stm32f10x_rcc.o(.text)
    USART_DeInit                             0x0800313d   Thumb Code   134  stm32f10x_usart.o(.text)
    USART_Init                               0x080031c3   Thumb Code   210  stm32f10x_usart.o(.text)
    USART_StructInit                         0x08003295   Thumb Code    24  stm32f10x_usart.o(.text)
    USART_ClockInit                          0x080032ad   Thumb Code    34  stm32f10x_usart.o(.text)
    USART_ClockStructInit                    0x080032cf   Thumb Code    12  stm32f10x_usart.o(.text)
    USART_Cmd                                0x080032db   Thumb Code    24  stm32f10x_usart.o(.text)
    USART_ITConfig                           0x080032f3   Thumb Code    74  stm32f10x_usart.o(.text)
    USART_DMACmd                             0x0800333d   Thumb Code    18  stm32f10x_usart.o(.text)
    USART_SetAddress                         0x0800334f   Thumb Code    18  stm32f10x_usart.o(.text)
    USART_WakeUpConfig                       0x08003361   Thumb Code    18  stm32f10x_usart.o(.text)
    USART_ReceiverWakeUpCmd                  0x08003373   Thumb Code    24  stm32f10x_usart.o(.text)
    USART_LINBreakDetectLengthConfig         0x0800338b   Thumb Code    18  stm32f10x_usart.o(.text)
    USART_LINCmd                             0x0800339d   Thumb Code    24  stm32f10x_usart.o(.text)
    USART_SendData                           0x080033b5   Thumb Code     8  stm32f10x_usart.o(.text)
    USART_ReceiveData                        0x080033bd   Thumb Code    10  stm32f10x_usart.o(.text)
    USART_SendBreak                          0x080033c7   Thumb Code    10  stm32f10x_usart.o(.text)
    USART_SetGuardTime                       0x080033d1   Thumb Code    16  stm32f10x_usart.o(.text)
    USART_SetPrescaler                       0x080033e1   Thumb Code    16  stm32f10x_usart.o(.text)
    USART_SmartCardCmd                       0x080033f1   Thumb Code    24  stm32f10x_usart.o(.text)
    USART_SmartCardNACKCmd                   0x08003409   Thumb Code    24  stm32f10x_usart.o(.text)
    USART_HalfDuplexCmd                      0x08003421   Thumb Code    24  stm32f10x_usart.o(.text)
    USART_OverSampling8Cmd                   0x08003439   Thumb Code    22  stm32f10x_usart.o(.text)
    USART_OneBitMethodCmd                    0x0800344f   Thumb Code    24  stm32f10x_usart.o(.text)
    USART_IrDAConfig                         0x08003467   Thumb Code    18  stm32f10x_usart.o(.text)
    USART_IrDACmd                            0x08003479   Thumb Code    24  stm32f10x_usart.o(.text)
    USART_GetFlagStatus                      0x08003491   Thumb Code    26  stm32f10x_usart.o(.text)
    USART_ClearFlag                          0x080034ab   Thumb Code    18  stm32f10x_usart.o(.text)
    USART_GetITStatus                        0x080034bd   Thumb Code    84  stm32f10x_usart.o(.text)
    USART_ClearITPendingBit                  0x08003511   Thumb Code    52  stm32f10x_usart.o(.text)
    TIM_DeInit                               0x08003545   Thumb Code   424  stm32f10x_tim.o(.text)
    TIM_TimeBaseInit                         0x080036ed   Thumb Code   122  stm32f10x_tim.o(.text)
    TIM_OC1Init                              0x08003767   Thumb Code   132  stm32f10x_tim.o(.text)
    TIM_OC2Init                              0x080037eb   Thumb Code   154  stm32f10x_tim.o(.text)
    TIM_OC3Init                              0x08003885   Thumb Code   150  stm32f10x_tim.o(.text)
    TIM_OC4Init                              0x0800391b   Thumb Code   182  stm32f10x_tim.o(.text)
    TIM_SetIC4Prescaler                      0x080039d1   Thumb Code    26  stm32f10x_tim.o(.text)
    TIM_SetIC3Prescaler                      0x08003a6d   Thumb Code    18  stm32f10x_tim.o(.text)
    TIM_SetIC2Prescaler                      0x08003af9   Thumb Code    26  stm32f10x_tim.o(.text)
    TIM_SetIC1Prescaler                      0x08003b95   Thumb Code    18  stm32f10x_tim.o(.text)
    TIM_ICInit                               0x08003c13   Thumb Code   150  stm32f10x_tim.o(.text)
    TIM_PWMIConfig                           0x08003ca9   Thumb Code   124  stm32f10x_tim.o(.text)
    TIM_BDTRConfig                           0x08003d25   Thumb Code    32  stm32f10x_tim.o(.text)
    TIM_TimeBaseStructInit                   0x08003d45   Thumb Code    18  stm32f10x_tim.o(.text)
    TIM_OCStructInit                         0x08003d57   Thumb Code    20  stm32f10x_tim.o(.text)
    TIM_ICStructInit                         0x08003d6b   Thumb Code    18  stm32f10x_tim.o(.text)
    TIM_BDTRStructInit                       0x08003d7d   Thumb Code    40  stm32f10x_tim.o(.text)
    TIM_Cmd                                  0x08003da5   Thumb Code    24  stm32f10x_tim.o(.text)
    TIM_CtrlPWMOutputs                       0x08003dbd   Thumb Code    30  stm32f10x_tim.o(.text)
    TIM_ITConfig                             0x08003ddb   Thumb Code    18  stm32f10x_tim.o(.text)
    TIM_GenerateEvent                        0x08003ded   Thumb Code     4  stm32f10x_tim.o(.text)
    TIM_DMAConfig                            0x08003df1   Thumb Code    10  stm32f10x_tim.o(.text)
    TIM_DMACmd                               0x08003dfb   Thumb Code    18  stm32f10x_tim.o(.text)
    TIM_InternalClockConfig                  0x08003e0d   Thumb Code    12  stm32f10x_tim.o(.text)
    TIM_SelectInputTrigger                   0x08003e19   Thumb Code    18  stm32f10x_tim.o(.text)
    TIM_ITRxExternalClockConfig              0x08003e2b   Thumb Code    24  stm32f10x_tim.o(.text)
    TIM_TIxExternalClockConfig               0x08003e43   Thumb Code    62  stm32f10x_tim.o(.text)
    TIM_ETRConfig                            0x08003e81   Thumb Code    28  stm32f10x_tim.o(.text)
    TIM_ETRClockMode1Config                  0x08003e9d   Thumb Code    54  stm32f10x_tim.o(.text)
    TIM_ETRClockMode2Config                  0x08003ed3   Thumb Code    32  stm32f10x_tim.o(.text)
    TIM_PrescalerConfig                      0x08003ef3   Thumb Code     6  stm32f10x_tim.o(.text)
    TIM_CounterModeConfig                    0x08003ef9   Thumb Code    18  stm32f10x_tim.o(.text)
    TIM_EncoderInterfaceConfig               0x08003f0b   Thumb Code    66  stm32f10x_tim.o(.text)
    TIM_ForcedOC1Config                      0x08003f4d   Thumb Code    18  stm32f10x_tim.o(.text)
    TIM_ForcedOC2Config                      0x08003f5f   Thumb Code    26  stm32f10x_tim.o(.text)
    TIM_ForcedOC3Config                      0x08003f79   Thumb Code    18  stm32f10x_tim.o(.text)
    TIM_ForcedOC4Config                      0x08003f8b   Thumb Code    26  stm32f10x_tim.o(.text)
    TIM_ARRPreloadConfig                     0x08003fa5   Thumb Code    24  stm32f10x_tim.o(.text)
    TIM_SelectCOM                            0x08003fbd   Thumb Code    24  stm32f10x_tim.o(.text)
    TIM_SelectCCDMA                          0x08003fd5   Thumb Code    24  stm32f10x_tim.o(.text)
    TIM_CCPreloadControl                     0x08003fed   Thumb Code    24  stm32f10x_tim.o(.text)
    TIM_OC1PreloadConfig                     0x08004005   Thumb Code    18  stm32f10x_tim.o(.text)
    TIM_OC2PreloadConfig                     0x08004017   Thumb Code    26  stm32f10x_tim.o(.text)
    TIM_OC3PreloadConfig                     0x08004031   Thumb Code    18  stm32f10x_tim.o(.text)
    TIM_OC4PreloadConfig                     0x08004043   Thumb Code    26  stm32f10x_tim.o(.text)
    TIM_OC1FastConfig                        0x0800405d   Thumb Code    18  stm32f10x_tim.o(.text)
    TIM_OC2FastConfig                        0x0800406f   Thumb Code    26  stm32f10x_tim.o(.text)
    TIM_OC3FastConfig                        0x08004089   Thumb Code    18  stm32f10x_tim.o(.text)
    TIM_OC4FastConfig                        0x0800409b   Thumb Code    26  stm32f10x_tim.o(.text)
    TIM_ClearOC1Ref                          0x080040b5   Thumb Code    18  stm32f10x_tim.o(.text)
    TIM_ClearOC2Ref                          0x080040c7   Thumb Code    24  stm32f10x_tim.o(.text)
    TIM_ClearOC3Ref                          0x080040df   Thumb Code    18  stm32f10x_tim.o(.text)
    TIM_ClearOC4Ref                          0x080040f1   Thumb Code    24  stm32f10x_tim.o(.text)
    TIM_OC1PolarityConfig                    0x08004109   Thumb Code    18  stm32f10x_tim.o(.text)
    TIM_OC1NPolarityConfig                   0x0800411b   Thumb Code    18  stm32f10x_tim.o(.text)
    TIM_OC2PolarityConfig                    0x0800412d   Thumb Code    26  stm32f10x_tim.o(.text)
    TIM_OC2NPolarityConfig                   0x08004147   Thumb Code    26  stm32f10x_tim.o(.text)
    TIM_OC3PolarityConfig                    0x08004161   Thumb Code    26  stm32f10x_tim.o(.text)
    TIM_OC3NPolarityConfig                   0x0800417b   Thumb Code    26  stm32f10x_tim.o(.text)
    TIM_OC4PolarityConfig                    0x08004195   Thumb Code    26  stm32f10x_tim.o(.text)
    TIM_CCxCmd                               0x080041af   Thumb Code    30  stm32f10x_tim.o(.text)
    TIM_CCxNCmd                              0x080041cd   Thumb Code    30  stm32f10x_tim.o(.text)
    TIM_SelectOCxM                           0x080041eb   Thumb Code    82  stm32f10x_tim.o(.text)
    TIM_UpdateDisableConfig                  0x0800423d   Thumb Code    24  stm32f10x_tim.o(.text)
    TIM_UpdateRequestConfig                  0x08004255   Thumb Code    24  stm32f10x_tim.o(.text)
    TIM_SelectHallSensor                     0x0800426d   Thumb Code    24  stm32f10x_tim.o(.text)
    TIM_SelectOnePulseMode                   0x08004285   Thumb Code    18  stm32f10x_tim.o(.text)
    TIM_SelectOutputTrigger                  0x08004297   Thumb Code    18  stm32f10x_tim.o(.text)
    TIM_SelectSlaveMode                      0x080042a9   Thumb Code    18  stm32f10x_tim.o(.text)
    TIM_SelectMasterSlaveMode                0x080042bb   Thumb Code    18  stm32f10x_tim.o(.text)
    TIM_SetCounter                           0x080042cd   Thumb Code     4  stm32f10x_tim.o(.text)
    TIM_SetAutoreload                        0x080042d1   Thumb Code     4  stm32f10x_tim.o(.text)
    TIM_SetCompare1                          0x080042d5   Thumb Code     4  stm32f10x_tim.o(.text)
    TIM_SetCompare2                          0x080042d9   Thumb Code     4  stm32f10x_tim.o(.text)
    TIM_SetCompare3                          0x080042dd   Thumb Code     4  stm32f10x_tim.o(.text)
    TIM_SetCompare4                          0x080042e1   Thumb Code     6  stm32f10x_tim.o(.text)
    TIM_SetClockDivision                     0x080042e7   Thumb Code    18  stm32f10x_tim.o(.text)
    TIM_GetCapture1                          0x080042f9   Thumb Code     6  stm32f10x_tim.o(.text)
    TIM_GetCapture2                          0x080042ff   Thumb Code     6  stm32f10x_tim.o(.text)
    TIM_GetCapture3                          0x08004305   Thumb Code     6  stm32f10x_tim.o(.text)
    TIM_GetCapture4                          0x0800430b   Thumb Code     8  stm32f10x_tim.o(.text)
    TIM_GetCounter                           0x08004313   Thumb Code     6  stm32f10x_tim.o(.text)
    TIM_GetPrescaler                         0x08004319   Thumb Code     6  stm32f10x_tim.o(.text)
    TIM_GetFlagStatus                        0x0800431f   Thumb Code    18  stm32f10x_tim.o(.text)
    TIM_ClearFlag                            0x08004331   Thumb Code     6  stm32f10x_tim.o(.text)
    TIM_GetITStatus                          0x08004337   Thumb Code    34  stm32f10x_tim.o(.text)
    TIM_ClearITPendingBit                    0x08004359   Thumb Code     6  stm32f10x_tim.o(.text)
    Reset_Handler                            0x08004361   Thumb Code     8  startup_stm32f10x_hd.o(.text)
    ADC1_2_IRQHandler                        0x0800437b   Thumb Code     0  startup_stm32f10x_hd.o(.text)
    ADC3_IRQHandler                          0x0800437b   Thumb Code     0  startup_stm32f10x_hd.o(.text)
    CAN1_RX1_IRQHandler                      0x0800437b   Thumb Code     0  startup_stm32f10x_hd.o(.text)
    CAN1_SCE_IRQHandler                      0x0800437b   Thumb Code     0  startup_stm32f10x_hd.o(.text)
    DMA1_Channel1_IRQHandler                 0x0800437b   Thumb Code     0  startup_stm32f10x_hd.o(.text)
    DMA1_Channel2_IRQHandler                 0x0800437b   Thumb Code     0  startup_stm32f10x_hd.o(.text)
    DMA1_Channel3_IRQHandler                 0x0800437b   Thumb Code     0  startup_stm32f10x_hd.o(.text)
    DMA1_Channel4_IRQHandler                 0x0800437b   Thumb Code     0  startup_stm32f10x_hd.o(.text)
    DMA1_Channel5_IRQHandler                 0x0800437b   Thumb Code     0  startup_stm32f10x_hd.o(.text)
    DMA1_Channel6_IRQHandler                 0x0800437b   Thumb Code     0  startup_stm32f10x_hd.o(.text)
    DMA1_Channel7_IRQHandler                 0x0800437b   Thumb Code     0  startup_stm32f10x_hd.o(.text)
    DMA2_Channel1_IRQHandler                 0x0800437b   Thumb Code     0  startup_stm32f10x_hd.o(.text)
    DMA2_Channel2_IRQHandler                 0x0800437b   Thumb Code     0  startup_stm32f10x_hd.o(.text)
    DMA2_Channel3_IRQHandler                 0x0800437b   Thumb Code     0  startup_stm32f10x_hd.o(.text)
    DMA2_Channel4_5_IRQHandler               0x0800437b   Thumb Code     0  startup_stm32f10x_hd.o(.text)
    EXTI0_IRQHandler                         0x0800437b   Thumb Code     0  startup_stm32f10x_hd.o(.text)
    EXTI15_10_IRQHandler                     0x0800437b   Thumb Code     0  startup_stm32f10x_hd.o(.text)
    EXTI1_IRQHandler                         0x0800437b   Thumb Code     0  startup_stm32f10x_hd.o(.text)
    EXTI2_IRQHandler                         0x0800437b   Thumb Code     0  startup_stm32f10x_hd.o(.text)
    EXTI3_IRQHandler                         0x0800437b   Thumb Code     0  startup_stm32f10x_hd.o(.text)
    EXTI4_IRQHandler                         0x0800437b   Thumb Code     0  startup_stm32f10x_hd.o(.text)
    EXTI9_5_IRQHandler                       0x0800437b   Thumb Code     0  startup_stm32f10x_hd.o(.text)
    FLASH_IRQHandler                         0x0800437b   Thumb Code     0  startup_stm32f10x_hd.o(.text)
    FSMC_IRQHandler                          0x0800437b   Thumb Code     0  startup_stm32f10x_hd.o(.text)
    I2C1_ER_IRQHandler                       0x0800437b   Thumb Code     0  startup_stm32f10x_hd.o(.text)
    I2C1_EV_IRQHandler                       0x0800437b   Thumb Code     0  startup_stm32f10x_hd.o(.text)
    I2C2_ER_IRQHandler                       0x0800437b   Thumb Code     0  startup_stm32f10x_hd.o(.text)
    I2C2_EV_IRQHandler                       0x0800437b   Thumb Code     0  startup_stm32f10x_hd.o(.text)
    PVD_IRQHandler                           0x0800437b   Thumb Code     0  startup_stm32f10x_hd.o(.text)
    RCC_IRQHandler                           0x0800437b   Thumb Code     0  startup_stm32f10x_hd.o(.text)
    RTCAlarm_IRQHandler                      0x0800437b   Thumb Code     0  startup_stm32f10x_hd.o(.text)
    RTC_IRQHandler                           0x0800437b   Thumb Code     0  startup_stm32f10x_hd.o(.text)
    SDIO_IRQHandler                          0x0800437b   Thumb Code     0  startup_stm32f10x_hd.o(.text)
    SPI1_IRQHandler                          0x0800437b   Thumb Code     0  startup_stm32f10x_hd.o(.text)
    SPI2_IRQHandler                          0x0800437b   Thumb Code     0  startup_stm32f10x_hd.o(.text)
    SPI3_IRQHandler                          0x0800437b   Thumb Code     0  startup_stm32f10x_hd.o(.text)
    TAMPER_IRQHandler                        0x0800437b   Thumb Code     0  startup_stm32f10x_hd.o(.text)
    TIM1_BRK_IRQHandler                      0x0800437b   Thumb Code     0  startup_stm32f10x_hd.o(.text)
    TIM1_CC_IRQHandler                       0x0800437b   Thumb Code     0  startup_stm32f10x_hd.o(.text)
    TIM1_TRG_COM_IRQHandler                  0x0800437b   Thumb Code     0  startup_stm32f10x_hd.o(.text)
    TIM1_UP_IRQHandler                       0x0800437b   Thumb Code     0  startup_stm32f10x_hd.o(.text)
    TIM3_IRQHandler                          0x0800437b   Thumb Code     0  startup_stm32f10x_hd.o(.text)
    TIM4_IRQHandler                          0x0800437b   Thumb Code     0  startup_stm32f10x_hd.o(.text)
    TIM5_IRQHandler                          0x0800437b   Thumb Code     0  startup_stm32f10x_hd.o(.text)
    TIM6_IRQHandler                          0x0800437b   Thumb Code     0  startup_stm32f10x_hd.o(.text)
    TIM7_IRQHandler                          0x0800437b   Thumb Code     0  startup_stm32f10x_hd.o(.text)
    TIM8_BRK_IRQHandler                      0x0800437b   Thumb Code     0  startup_stm32f10x_hd.o(.text)
    TIM8_CC_IRQHandler                       0x0800437b   Thumb Code     0  startup_stm32f10x_hd.o(.text)
    TIM8_TRG_COM_IRQHandler                  0x0800437b   Thumb Code     0  startup_stm32f10x_hd.o(.text)
    TIM8_UP_IRQHandler                       0x0800437b   Thumb Code     0  startup_stm32f10x_hd.o(.text)
    UART4_IRQHandler                         0x0800437b   Thumb Code     0  startup_stm32f10x_hd.o(.text)
    UART5_IRQHandler                         0x0800437b   Thumb Code     0  startup_stm32f10x_hd.o(.text)
    USART2_IRQHandler                        0x0800437b   Thumb Code     0  startup_stm32f10x_hd.o(.text)
    USART3_IRQHandler                        0x0800437b   Thumb Code     0  startup_stm32f10x_hd.o(.text)
    USBWakeUp_IRQHandler                     0x0800437b   Thumb Code     0  startup_stm32f10x_hd.o(.text)
    USB_HP_CAN1_TX_IRQHandler                0x0800437b   Thumb Code     0  startup_stm32f10x_hd.o(.text)
    USB_LP_CAN1_RX0_IRQHandler               0x0800437b   Thumb Code     0  startup_stm32f10x_hd.o(.text)
    WWDG_IRQHandler                          0x0800437b   Thumb Code     0  startup_stm32f10x_hd.o(.text)
    SystemInit                               0x08004463   Thumb Code    78  system_stm32f10x.o(.text)
    SystemCoreClockUpdate                    0x080044b1   Thumb Code   142  system_stm32f10x.o(.text)
    __aeabi_memset                           0x08004565   Thumb Code    14  memseta.o(.text)
    __aeabi_memset4                          0x08004565   Thumb Code     0  memseta.o(.text)
    __aeabi_memset8                          0x08004565   Thumb Code     0  memseta.o(.text)
    __aeabi_memclr                           0x08004573   Thumb Code     4  memseta.o(.text)
    __aeabi_memclr4                          0x08004573   Thumb Code     0  memseta.o(.text)
    __aeabi_memclr8                          0x08004573   Thumb Code     0  memseta.o(.text)
    _memset$wrapper                          0x08004577   Thumb Code    18  memseta.o(.text)
    __aeabi_fadd                             0x08004589   Thumb Code   164  fadd.o(.text)
    __aeabi_fsub                             0x0800462d   Thumb Code     6  fadd.o(.text)
    __aeabi_frsub                            0x08004633   Thumb Code     6  fadd.o(.text)
    __aeabi_fmul                             0x08004639   Thumb Code   100  fmul.o(.text)
    __aeabi_fdiv                             0x0800469d   Thumb Code   124  fdiv.o(.text)
    __aeabi_dadd                             0x08004719   Thumb Code   322  dadd.o(.text)
    __aeabi_dsub                             0x0800485b   Thumb Code     6  dadd.o(.text)
    __aeabi_drsub                            0x08004861   Thumb Code     6  dadd.o(.text)
    __aeabi_dmul                             0x08004867   Thumb Code   228  dmul.o(.text)
    __aeabi_i2f                              0x0800494b   Thumb Code    18  fflti.o(.text)
    __aeabi_i2d                              0x0800495d   Thumb Code    34  dflti.o(.text)
    __aeabi_f2iz                             0x0800497f   Thumb Code    50  ffixi.o(.text)
    __aeabi_f2d                              0x080049b1   Thumb Code    38  f2d.o(.text)
    __aeabi_cdcmpeq                          0x080049d9   Thumb Code     0  cdcmple.o(.text)
    __aeabi_cdcmple                          0x080049d9   Thumb Code    38  cdcmple.o(.text)
    __aeabi_cdrcmple                         0x08004a01   Thumb Code    38  cdrcmple.o(.text)
    __aeabi_d2f                              0x08004a29   Thumb Code    56  d2f.o(.text)
    __aeabi_cfcmpeq                          0x08004a61   Thumb Code     0  cfcmple.o(.text)
    __aeabi_cfcmple                          0x08004a61   Thumb Code    20  cfcmple.o(.text)
    __aeabi_cfrcmple                         0x08004a75   Thumb Code    20  cfrcmple.o(.text)
    __aeabi_llsl                             0x08004a89   Thumb Code    30  llshl.o(.text)
    _ll_shift_l                              0x08004a89   Thumb Code     0  llshl.o(.text)
    __aeabi_lasr                             0x08004aa7   Thumb Code    36  llsshr.o(.text)
    _ll_sshift_r                             0x08004aa7   Thumb Code     0  llsshr.o(.text)
    __I$use$fp                               0x08004acb   Thumb Code     0  iusefp.o(.text)
    _float_round                             0x08004acb   Thumb Code    18  fepilogue.o(.text)
    _float_epilogue                          0x08004add   Thumb Code    92  fepilogue.o(.text)
    _double_round                            0x08004b39   Thumb Code    26  depilogue.o(.text)
    _double_epilogue                         0x08004b53   Thumb Code   156  depilogue.o(.text)
    __aeabi_ddiv                             0x08004bef   Thumb Code   222  ddiv.o(.text)
    __ARM_scalbn                             0x08004ccd   Thumb Code    46  dscalb.o(.text)
    scalbn                                   0x08004ccd   Thumb Code     0  dscalb.o(.text)
    __scatterload                            0x08004cfd   Thumb Code    28  init.o(.text)
    __scatterload_rt2                        0x08004cfd   Thumb Code     0  init.o(.text)
    __aeabi_llsr                             0x08004d21   Thumb Code    32  llushr.o(.text)
    _ll_ushift_r                             0x08004d21   Thumb Code     0  llushr.o(.text)
    _dsqrt                                   0x08004d41   Thumb Code   162  dsqrt.o(.text)
    __decompress                             0x08004de3   Thumb Code     0  __dczerorl2.o(.text)
    __decompress1                            0x08004de3   Thumb Code    86  __dczerorl2.o(.text)
    __0printf$bare                           0x08004e39   Thumb Code     8  printfb.o(i.__0printf$bare)
    __1printf$bare                           0x08004e39   Thumb Code     0  printfb.o(i.__0printf$bare)
    __2printf                                0x08004e39   Thumb Code     0  printfb.o(i.__0printf$bare)
    __ARM_fpclassify                         0x08004e49   Thumb Code    40  fpclassify.o(i.__ARM_fpclassify)
    __kernel_poly                            0x08004e71   Thumb Code   170  poly.o(i.__kernel_poly)
    __mathlib_dbl_underflow                  0x08004f1d   Thumb Code    10  dunder.o(i.__mathlib_dbl_underflow)
    __scatterload_copy                       0x08004f2d   Thumb Code    14  handlers.o(i.__scatterload_copy)
    __scatterload_null                       0x08004f3b   Thumb Code     2  handlers.o(i.__scatterload_null)
    __scatterload_zeroinit                   0x08004f3d   Thumb Code    14  handlers.o(i.__scatterload_zeroinit)
    __set_errno                              0x08004f4d   Thumb Code     6  errno.o(i.__set_errno)
    asin                                     0x08004f7d   Thumb Code   584  asin.o(i.asin)
    sqrt                                     0x080051f9   Thumb Code    76  sqrt.o(i.sqrt)
    Region$$Table$$Base                      0x08005298   Number         0  anon$$obj.o(Region$$Table)
    Region$$Table$$Limit                     0x080052b8   Number         0  anon$$obj.o(Region$$Table)
    SYS_1MS_FLAG                             0x20000000   Data           1  main.o(.data)
    SYS_10MS_FLAG                            0x20000001   Data           1  main.o(.data)
    SYS_15MS_FLAG                            0x20000002   Data           1  main.o(.data)
    SYS_20MS_FLAG                            0x20000003   Data           1  main.o(.data)
    SYS_50MS_FLAG                            0x20000004   Data           1  main.o(.data)
    SYS_100MS_FLAG                           0x20000005   Data           1  main.o(.data)
    SYS_1000MS_FLAG                          0x20000006   Data           1  main.o(.data)
    Sensor_Acc_Calibrate_In                  0x20000007   Data           1  main.o(.data)
    Sensor_Gyo_Calibrate_In                  0x20000008   Data           1  main.o(.data)
    Sensor_Mag_Calibrate_In                  0x20000009   Data           1  main.o(.data)
    Imu_Start_Flag                           0x2000000a   Data           1  main.o(.data)
    Acc_Offset                               0x2000000c   Data           6  main.o(.data)
    Gyo_Offset                               0x20000012   Data           6  main.o(.data)
    Mag_Max                                  0x20000018   Data           6  main.o(.data)
    Mag_Min                                  0x2000001e   Data           6  main.o(.data)
    Mag_Offset                               0x20000024   Data           6  main.o(.data)
    m_gyroScale                              0x2000002c   Data           4  main.o(.data)
    I2C_FastMode                             0x2000004c   Data           1  i2c_soft.o(.data)
    AK8975_Mag_Data                          0x20000050   Data           6  ak8975.o(.data)
    AK8975_Mag_Offset                        0x20000056   Data           6  ak8975.o(.data)
    ak8975_offset_ok                         0x2000005c   Data           1  ak8975.o(.data)
    ak8975_ok                                0x2000005d   Data           1  ak8975.o(.data)
    AK8975_FILTER_CNT                        0x20000060   Data           4  ak8975.o(.data)
    Mpu6050_Acc_Data                         0x20000064   Data           6  mpu6050.o(.data)
    Mpu6050_Gyo_Data                         0x2000006a   Data           6  mpu6050.o(.data)
    Mpu6050_Acc_Offset_Data                  0x20000070   Data           6  mpu6050.o(.data)
    Mpu6050_Gyo_Offset_Data                  0x20000076   Data           6  mpu6050.o(.data)
    mpu6050_ok                               0x2000007c   Data           1  mpu6050.o(.data)
    mpu6050_offset_ok                        0x2000007d   Data           1  mpu6050.o(.data)
    MPU6050_FILTER_CNT                       0x20000080   Data           4  mpu6050.o(.data)
    fast_atan_table                          0x20000084   Data        1028  mymath.o(.data)
    Roll                                     0x20000488   Data           4  imu.o(.data)
    Pitch                                    0x2000048c   Data           4  imu.o(.data)
    Yaw                                      0x20000490   Data           4  imu.o(.data)
    ref_q                                    0x20000494   Data          16  imu.o(.data)
    norm_acc                                 0x200004a4   Data           4  imu.o(.data)
    norm_q                                   0x200004a8   Data           4  imu.o(.data)
    norm_acc_lpf                             0x200004ac   Data           4  imu.o(.data)
    mag_norm                                 0x200004b0   Data           4  imu.o(.data)
    mag_norm_xyz                             0x200004b4   Data           4  imu.o(.data)
    acc_ng_cali                              0x200004b8   Data           1  imu.o(.data)
    fly_ready                                0x200004b9   Data           1  imu.o(.data)
    Yaw_Cnt                                  0x200004bc   Data           4  imu.o(.data)
    i                                        0x200004c0   Data           4  imu.o(.data)
    Yaw_Sum                                  0x200004c4   Data           4  imu.o(.data)
    Temp_Yaw                                 0x200004c8   Data           4  imu.o(.data)
    SystemCoreClock                          0x200004f4   Data           4  system_stm32f10x.o(.data)
    AHBPrescTable                            0x200004f8   Data          16  system_stm32f10x.o(.data)
    __stdout                                 0x20000508   Data           4  stdout.o(.data)
    AK8975_FILTER_BUF                        0x20000510   Data          60  ak8975.o(.bss)
    AK8975_FILTER_SUM                        0x2000054c   Data          12  ak8975.o(.bss)
    Mpu6050_Gyo_Deg_Data                     0x20000558   Data          12  mpu6050.o(.bss)
    mpu6050_buffer                           0x20000564   Data          14  mpu6050.o(.bss)
    MPU6050_ACC_FILTER_BUF                   0x20000572   Data          60  mpu6050.o(.bss)
    MPU6050_GYO_FILTER_BUF                   0x200005ae   Data          60  mpu6050.o(.bss)
    MPU6050_ACC_FILTER_SUM                   0x200005ec   Data          12  mpu6050.o(.bss)
    MPU6050_GYO_FILTER_SUM                   0x200005f8   Data          12  mpu6050.o(.bss)
    reference_v                              0x20000604   Data          12  imu.o(.bss)
    ref                                      0x20000610   Data          60  imu.o(.bss)
    mag_sim_3d                               0x2000064c   Data          12  imu.o(.bss)
    acc_3d_hg                                0x20000658   Data          12  imu.o(.bss)
    acc_ng                                   0x20000664   Data          12  imu.o(.bss)
    acc_ng_offset                            0x20000670   Data          12  imu.o(.bss)
    Yaw_Filter_Buf                           0x2000067c   Data         120  imu.o(.bss)
    __initial_sp                             0x20000b00   Data           0  startup_stm32f10x_hd.o(STACK)



==============================================================================

Memory Map of the image

  Image Entry point : 0x08000131

  Load Region LR_IROM1 (Base: 0x08000000, Size: 0x000057c8, Max: 0x00080000, ABSOLUTE, COMPRESSED[0x000056e8])

    Execution Region ER_IROM1 (Base: 0x08000000, Size: 0x000052b8, Max: 0x00080000, ABSOLUTE)

    Base Addr    Size         Type   Attr      Idx    E Section Name        Object

    0x08000000   0x00000130   Data   RO          324    RESET               startup_stm32f10x_hd.o
    0x08000130   0x00000000   Code   RO          368  * .ARM.Collect$$$$00000000  mc_w.l(entry.o)
    0x08000130   0x00000004   Code   RO          675    .ARM.Collect$$$$00000001  mc_w.l(entry2.o)
    0x08000134   0x00000004   Code   RO          678    .ARM.Collect$$$$00000004  mc_w.l(entry5.o)
    0x08000138   0x00000000   Code   RO          680    .ARM.Collect$$$$00000008  mc_w.l(entry7b.o)
    0x08000138   0x00000000   Code   RO          682    .ARM.Collect$$$$0000000A  mc_w.l(entry8b.o)
    0x08000138   0x00000008   Code   RO          683    .ARM.Collect$$$$0000000B  mc_w.l(entry9a.o)
    0x08000140   0x00000000   Code   RO          685    .ARM.Collect$$$$0000000D  mc_w.l(entry10a.o)
    0x08000140   0x00000000   Code   RO          687    .ARM.Collect$$$$0000000F  mc_w.l(entry11a.o)
    0x08000140   0x00000004   Code   RO          676    .ARM.Collect$$$$00002712  mc_w.l(entry2.o)
    0x08000144   0x00000204   Code   RO            1    .text               main.o
    0x08000348   0x00000198   Code   RO           95    .text               stm32f10x_it.o
    0x080004e0   0x0000026c   Code   RO          112    .text               usart1.o
    0x0800074c   0x00000078   Code   RO          131    .text               led.o
    0x080007c4   0x000000ac   Code   RO          143    .text               timer.o
    0x08000870   0x00000438   Code   RO          155    .text               i2c_soft.o
    0x08000ca8   0x00000218   Code   RO          173    .text               ak8975.o
    0x08000ec0   0x000004b8   Code   RO          192    .text               mpu6050.o
    0x08001378   0x0000063c   Code   RO          211    .text               mymath.o
    0x080019b4   0x00000cf0   Code   RO          226    .text               imu.o
    0x080026a4   0x000002bc   Code   RO          248    .text               uartdebug.o
    0x08002960   0x000000dc   Code   RO          260    .text               misc.o
    0x08002a3c   0x0000035c   Code   RO          272    .text               stm32f10x_gpio.o
    0x08002d98   0x000003a4   Code   RO          284    .text               stm32f10x_rcc.o
    0x0800313c   0x00000408   Code   RO          298    .text               stm32f10x_usart.o
    0x08003544   0x00000e1a   Code   RO          310    .text               stm32f10x_tim.o
    0x0800435e   0x00000002   PAD
    0x08004360   0x00000024   Code   RO          325    .text               startup_stm32f10x_hd.o
    0x08004384   0x000001e0   Code   RO          340    .text               system_stm32f10x.o
    0x08004564   0x00000024   Code   RO          371    .text               mc_w.l(memseta.o)
    0x08004588   0x000000b0   Code   RO          633    .text               mf_w.l(fadd.o)
    0x08004638   0x00000064   Code   RO          635    .text               mf_w.l(fmul.o)
    0x0800469c   0x0000007c   Code   RO          637    .text               mf_w.l(fdiv.o)
    0x08004718   0x0000014e   Code   RO          639    .text               mf_w.l(dadd.o)
    0x08004866   0x000000e4   Code   RO          641    .text               mf_w.l(dmul.o)
    0x0800494a   0x00000012   Code   RO          643    .text               mf_w.l(fflti.o)
    0x0800495c   0x00000022   Code   RO          645    .text               mf_w.l(dflti.o)
    0x0800497e   0x00000032   Code   RO          647    .text               mf_w.l(ffixi.o)
    0x080049b0   0x00000026   Code   RO          649    .text               mf_w.l(f2d.o)
    0x080049d6   0x00000002   PAD
    0x080049d8   0x00000028   Code   RO          651    .text               mf_w.l(cdcmple.o)
    0x08004a00   0x00000028   Code   RO          653    .text               mf_w.l(cdrcmple.o)
    0x08004a28   0x00000038   Code   RO          655    .text               mf_w.l(d2f.o)
    0x08004a60   0x00000014   Code   RO          657    .text               mf_w.l(cfcmple.o)
    0x08004a74   0x00000014   Code   RO          659    .text               mf_w.l(cfrcmple.o)
    0x08004a88   0x0000001e   Code   RO          694    .text               mc_w.l(llshl.o)
    0x08004aa6   0x00000024   Code   RO          696    .text               mc_w.l(llsshr.o)
    0x08004aca   0x00000000   Code   RO          705    .text               mc_w.l(iusefp.o)
    0x08004aca   0x0000006e   Code   RO          706    .text               mf_w.l(fepilogue.o)
    0x08004b38   0x000000b6   Code   RO          708    .text               mf_w.l(depilogue.o)
    0x08004bee   0x000000de   Code   RO          710    .text               mf_w.l(ddiv.o)
    0x08004ccc   0x0000002e   Code   RO          712    .text               mf_w.l(dscalb.o)
    0x08004cfa   0x00000002   PAD
    0x08004cfc   0x00000024   Code   RO          716    .text               mc_w.l(init.o)
    0x08004d20   0x00000020   Code   RO          718    .text               mc_w.l(llushr.o)
    0x08004d40   0x000000a2   Code   RO          720    .text               mf_w.l(dsqrt.o)
    0x08004de2   0x00000056   Code   RO          730    .text               mc_w.l(__dczerorl2.o)
    0x08004e38   0x00000010   Code   RO          374    i.__0printf$bare    mc_w.l(printfb.o)
    0x08004e48   0x00000028   Code   RO          663    i.__ARM_fpclassify  m_ws.l(fpclassify.o)
    0x08004e70   0x000000aa   Code   RO          665    i.__kernel_poly     m_ws.l(poly.o)
    0x08004f1a   0x00000002   PAD
    0x08004f1c   0x00000010   Code   RO          661    i.__mathlib_dbl_underflow  m_ws.l(dunder.o)
    0x08004f2c   0x0000000e   Code   RO          724    i.__scatterload_copy  mc_w.l(handlers.o)
    0x08004f3a   0x00000002   Code   RO          725    i.__scatterload_null  mc_w.l(handlers.o)
    0x08004f3c   0x0000000e   Code   RO          726    i.__scatterload_zeroinit  mc_w.l(handlers.o)
    0x08004f4a   0x00000002   PAD
    0x08004f4c   0x0000000c   Code   RO          700    i.__set_errno       mc_w.l(errno.o)
    0x08004f58   0x00000022   Code   RO          381    i._printf_core      mc_w.l(printfb.o)
    0x08004f7a   0x00000002   PAD
    0x08004f7c   0x0000027c   Code   RO          359    i.asin              m_ws.l(asin.o)
    0x080051f8   0x0000004c   Code   RO          668    i.sqrt              m_ws.l(sqrt.o)
    0x08005244   0x00000004   PAD
    0x08005248   0x00000050   Data   RO          360    .constdata          m_ws.l(asin.o)
    0x08005298   0x00000020   Data   RO          722    Region$$Table       anon$$obj.o


    Execution Region RW_IRAM1 (Base: 0x20000000, Size: 0x00000b00, Max: 0x00010000, ABSOLUTE, COMPRESSED[0x00000430])

    Base Addr    Size         Type   Attr      Idx    E Section Name        Object

    0x20000000   0x00000030   Data   RW            2    .data               main.o
    0x20000030   0x0000001c   Data   RW           96    .data               stm32f10x_it.o
    0x2000004c   0x00000001   Data   RW          156    .data               i2c_soft.o
    0x2000004d   0x00000003   PAD
    0x20000050   0x00000014   Data   RW          175    .data               ak8975.o
    0x20000064   0x00000020   Data   RW          194    .data               mpu6050.o
    0x20000084   0x00000404   Data   RW          212    .data               mymath.o
    0x20000488   0x00000058   Data   RW          228    .data               imu.o
    0x200004e0   0x00000014   Data   RW          285    .data               stm32f10x_rcc.o
    0x200004f4   0x00000014   Data   RW          341    .data               system_stm32f10x.o
    0x20000508   0x00000004   Data   RW          689    .data               mc_w.l(stdout.o)
    0x2000050c   0x00000004   Data   RW          701    .data               mc_w.l(errno.o)
    0x20000510   0x00000048   Zero   RW          174    .bss                ak8975.o
    0x20000558   0x000000ac   Zero   RW          193    .bss                mpu6050.o
    0x20000604   0x000000fc   Zero   RW          227    .bss                imu.o
    0x20000700   0x00000400   Zero   RW          322    STACK               startup_stm32f10x_hd.o


==============================================================================

Image component sizes


      Code (inc. data)   RO Data    RW Data    ZI Data      Debug   Object Name

       536         28          0         20         72       2433   ak8975.o
      1080          8          0          1          0       4282   i2c_soft.o
      3312        174          0         88        252       3368   imu.o
       120          6          0          0          0        776   led.o
       516        110          0         48          0     254289   main.o
       220         22          0          0          0       1689   misc.o
      1208         70          0         32        172       5015   mpu6050.o
      1596         82          0       1028          0       4783   mymath.o
        36          8        304          0       1024        800   startup_stm32f10x_hd.o
       860         38          0          0          0       5533   stm32f10x_gpio.o
       408         76          0         28          0       1892   stm32f10x_it.o
       932         36          0         20          0       8668   stm32f10x_rcc.o
      3610         88          0          0          0      22020   stm32f10x_tim.o
      1032         22          0          0          0       8260   stm32f10x_usart.o
       480         38          0         20          0       1715   system_stm32f10x.o
       172          0          0          0          0        905   timer.o
       700          8          0          0          0       1325   uartdebug.o
       620         10          0          0          0       4288   usart1.o

    ----------------------------------------------------------------------
     17440        824        336       1288       1520     332041   Object Totals
         0          0         32          0          0          0   (incl. Generated)
         2          0          0          3          0          0   (incl. Padding)

    ----------------------------------------------------------------------

      Code (inc. data)   RO Data    RW Data    ZI Data      Debug   Library Member Name

       636         52         80          0          0        168   asin.o
        16          6          0          0          0         68   dunder.o
        40          0          0          0          0         68   fpclassify.o
       170          0          0          0          0         96   poly.o
        76          0          0          0          0         84   sqrt.o
        86          0          0          0          0          0   __dczerorl2.o
         0          0          0          0          0          0   entry.o
         0          0          0          0          0          0   entry10a.o
         0          0          0          0          0          0   entry11a.o
         8          4          0          0          0          0   entry2.o
         4          0          0          0          0          0   entry5.o
         0          0          0          0          0          0   entry7b.o
         0          0          0          0          0          0   entry8b.o
         8          4          0          0          0          0   entry9a.o
        12          6          0          4          0         68   errno.o
        30          0          0          0          0          0   handlers.o
        36          8          0          0          0         68   init.o
         0          0          0          0          0          0   iusefp.o
        30          0          0          0          0         68   llshl.o
        36          0          0          0          0         68   llsshr.o
        32          0          0          0          0         68   llushr.o
        36          0          0          0          0        108   memseta.o
        50          8          0          0          0        152   printfb.o
         0          0          0          4          0          0   stdout.o
        40          2          0          0          0         68   cdcmple.o
        40          2          0          0          0         68   cdrcmple.o
        20          0          0          0          0         68   cfcmple.o
        20          0          0          0          0         68   cfrcmple.o
        56          0          0          0          0         88   d2f.o
       334          0          0          0          0        148   dadd.o
       222          0          0          0          0        100   ddiv.o
       182          0          0          0          0        176   depilogue.o
        34          0          0          0          0         76   dflti.o
       228          0          0          0          0         96   dmul.o
        46          0          0          0          0         80   dscalb.o
       162          0          0          0          0        100   dsqrt.o
        38          0          0          0          0         68   f2d.o
       176          0          0          0          0        140   fadd.o
       124          0          0          0          0         88   fdiv.o
       110          0          0          0          0        168   fepilogue.o
        50          0          0          0          0         68   ffixi.o
        18          0          0          0          0         68   fflti.o
       100          0          0          0          0         76   fmul.o

    ----------------------------------------------------------------------
      3320         92         80          8          0       2896   Library Totals
        14          0          0          0          0          0   (incl. Padding)

    ----------------------------------------------------------------------

      Code (inc. data)   RO Data    RW Data    ZI Data      Debug   Library Name

       938         58         80          0          0        484   m_ws.l
       368         30          0          8          0        600   mc_w.l
      2000          4          0          0          0       1812   mf_w.l

    ----------------------------------------------------------------------
      3320         92         80          8          0       2896   Library Totals

    ----------------------------------------------------------------------

==============================================================================


      Code (inc. data)   RO Data    RW Data    ZI Data      Debug   

     20760        916        416       1296       1520     332205   Grand Totals
     20760        916        416       1072       1520     332205   ELF Image Totals (compressed)
     20760        916        416       1072          0          0   ROM Totals

==============================================================================

    Total RO  Size (Code + RO Data)                21176 (  20.68kB)
    Total RW  Size (RW Data + ZI Data)              2816 (   2.75kB)
    Total ROM Size (Code + RO Data + RW Data)      22248 (  21.73kB)

==============================================================================

