Product: MDK-ARM Professional 5.10
Component: ARM Compiler 5.04 update 1 (build 49)
Tool: armlink [5040049]

==============================================================================

Section Cross References

    main.o(.text) refers to printf1.o(i.__0printf$1) for __2printf
    main.o(.text) refers to memseta.o(.text) for __aeabi_memclr4
    main.o(.text) refers to fmul.o(.text) for __aeabi_fmul
    main.o(.text) refers to ffixi.o(.text) for __aeabi_f2iz
    main.o(.text) refers to mpu6050.o(.bss) for mpu6050
    main.o(.text) refers to main.o(.data) for Acc_Offset
    main.o(.text) refers to ak8975.o(.data) for ak8975
    main.o(.text) refers to stm32f10x_usart.o(.text) for USART_SendData
    main.o(.text) refers to led.o(.text) for LED_GPIO_Config
    main.o(.text) refers to usart1.o(.text) for USART1_Config
    main.o(.text) refers to timer.o(.text) for Timer_Configuration
    main.o(.text) refers to i2c_soft.o(.text) for I2c_Soft_Init
    main.o(.text) refers to mpu6050.o(.text) for MPU6050_Init
    main.o(.text) refers to ak8975.o(.text) for ANO_AK8975_Read
    main.o(.text) refers to fflti.o(.text) for __aeabi_i2f
    main.o(.text) refers to fadd.o(.text) for __aeabi_fsub
    main.o(.text) refers to imu.o(.text) for IMUupdate
    stm32f10x_it.o(.text) refers to stm32f10x_usart.o(.text) for USART_GetITStatus
    stm32f10x_it.o(.text) refers to stm32f10x_tim.o(.text) for TIM_GetITStatus
    stm32f10x_it.o(.text) refers to main.o(.data) for Sensor_Acc_Calibrate_In
    stm32f10x_it.o(.text) refers to stm32f10x_it.o(.data) for timer_1ms_cnt
    usart1.o(.text) refers to stm32f10x_usart.o(.text) for USART_SendData
    usart1.o(.text) refers to stm32f10x_rcc.o(.text) for RCC_APB2PeriphClockCmd
    usart1.o(.text) refers to stm32f10x_gpio.o(.text) for GPIO_Init
    usart1.o(.text) refers to misc.o(.text) for NVIC_PriorityGroupConfig
    led.o(.text) refers to stm32f10x_rcc.o(.text) for RCC_APB2PeriphClockCmd
    led.o(.text) refers to stm32f10x_gpio.o(.text) for GPIO_Init
    timer.o(.text) refers to stm32f10x_rcc.o(.text) for RCC_APB1PeriphClockCmd
    timer.o(.text) refers to stm32f10x_tim.o(.text) for TIM_Cmd
    timer.o(.text) refers to misc.o(.text) for NVIC_PriorityGroupConfig
    i2c_soft.o(.text) refers to stm32f10x_rcc.o(.text) for RCC_APB2PeriphClockCmd
    i2c_soft.o(.text) refers to stm32f10x_gpio.o(.text) for GPIO_Init
    i2c_soft.o(.text) refers to i2c_soft.o(.data) for I2C_FastMode
    ak8975.o(.text) refers to i2c_soft.o(.text) for IIC_Write_1Byte
    ak8975.o(.text) refers to fflti.o(.text) for __aeabi_i2f
    ak8975.o(.text) refers to fadd.o(.text) for __aeabi_fsub
    ak8975.o(.text) refers to cfrcmple.o(.text) for __aeabi_cfrcmple
    ak8975.o(.text) refers to cfcmple.o(.text) for __aeabi_cfcmple
    ak8975.o(.text) refers to fmul.o(.text) for __aeabi_fmul
    ak8975.o(.text) refers to ffixi.o(.text) for __aeabi_f2iz
    ak8975.o(.text) refers to fdiv.o(.text) for __aeabi_fdiv
    ak8975.o(.text) refers to i2c_soft.o(.data) for I2C_FastMode
    ak8975.o(.text) refers to ak8975.o(.data) for ak8975
    ak8975.o(.text) refers to ak8975.o(.bss) for MagSum
    mpu6050.o(.text) refers to i2c_soft.o(.text) for IIC_Read_nByte
    mpu6050.o(.text) refers to fflti.o(.text) for __aeabi_i2f
    mpu6050.o(.text) refers to mymath.o(.text) for my_sqrt
    mpu6050.o(.text) refers to cfcmple.o(.text) for __aeabi_cfcmple
    mpu6050.o(.text) refers to cfrcmple.o(.text) for __aeabi_cfrcmple
    mpu6050.o(.text) refers to i2c_soft.o(.data) for I2C_FastMode
    mpu6050.o(.text) refers to mpu6050.o(.bss) for mpu6050_buffer
    mpu6050.o(.text) refers to mpu6050.o(.data) for mpu6050_ok
    mpu6050.o(.text) refers to fdiv.o(.text) for __aeabi_fdiv
    mpu6050.o(.text) refers to memseta.o(.text) for __aeabi_memclr4
    mpu6050.o(.text) refers to fmul.o(.text) for __aeabi_fmul
    mymath.o(.text) refers to cfrcmple.o(.text) for __aeabi_cfrcmple
    mymath.o(.text) refers to cfcmple.o(.text) for __aeabi_cfcmpeq
    mymath.o(.text) refers to fdiv.o(.text) for __aeabi_fdiv
    mymath.o(.text) refers to fmul.o(.text) for __aeabi_fmul
    mymath.o(.text) refers to fadd.o(.text) for __aeabi_fsub
    mymath.o(.text) refers to ffixi.o(.text) for __aeabi_f2iz
    mymath.o(.text) refers to fflti.o(.text) for __aeabi_i2f
    mymath.o(.text) refers to cdcmple.o(.text) for __aeabi_cdcmple
    mymath.o(.text) refers to dmul.o(.text) for __aeabi_dmul
    mymath.o(.text) refers to dadd.o(.text) for __aeabi_dadd
    mymath.o(.text) refers to cdrcmple.o(.text) for __aeabi_cdrcmple
    mymath.o(.text) refers to dflti.o(.text) for __aeabi_i2d
    mymath.o(.text) refers to d2f.o(.text) for __aeabi_d2f
    mymath.o(.text) refers to mymath.o(.data) for fast_atan_table
    imu.o(.text) refers to fmul.o(.text) for __aeabi_fmul
    imu.o(.text) refers to fadd.o(.text) for __aeabi_fadd
    imu.o(.text) refers to mymath.o(.text) for my_sqrt
    imu.o(.text) refers to cfcmple.o(.text) for __aeabi_cfcmple
[...]
    printf6.o(i.__0vsnprintf$6) refers to printf6.o(i._snputc) for _snputc
    printf6.o(i.__0vsprintf$6) refers to printf6.o(i._printf_core) for _printf_core
    printf6.o(i.__0vsprintf$6) refers to printf6.o(i._sputc) for _sputc
    printf6.o(i._printf_core) refers to printf6.o(i._printf_pre_padding) for _printf_pre_padding
    printf6.o(i._printf_core) refers to uidiv.o(.text) for __aeabi_uidivmod
    printf6.o(i._printf_core) refers to printf6.o(i._printf_post_padding) for _printf_post_padding
    printf7.o(i.__0fprintf$7) refers to printf7.o(i._printf_core) for _printf_core
    printf7.o(i.__0fprintf$7) refers to usart1.o(.text) for fputc
    printf7.o(i.__0printf$7) refers to printf7.o(i._printf_core) for _printf_core
    printf7.o(i.__0printf$7) refers to usart1.o(.text) for fputc
    printf7.o(i.__0printf$7) refers to stdout.o(.data) for __stdout
    printf7.o(i.__0snprintf$7) refers to printf7.o(i._printf_core) for _printf_core
    printf7.o(i.__0snprintf$7) refers to printf7.o(i._snputc) for _snputc
    printf7.o(i.__0sprintf$7) refers to printf7.o(i._printf_core) for _printf_core
    printf7.o(i.__0sprintf$7) refers to printf7.o(i._sputc) for _sputc
    printf7.o(i.__0vfprintf$7) refers to printf7.o(i._printf_core) for _printf_core
    printf7.o(i.__0vfprintf$7) refers to usart1.o(.text) for fputc
    printf7.o(i.__0vprintf$7) refers to printf7.o(i._printf_core) for _printf_core
    printf7.o(i.__0vprintf$7) refers to usart1.o(.text) for fputc
    printf7.o(i.__0vprintf$7) refers to stdout.o(.data) for __stdout
    printf7.o(i.__0vsnprintf$7) refers to printf7.o(i._printf_core) for _printf_core
    printf7.o(i.__0vsnprintf$7) refers to printf7.o(i._snputc) for _snputc
    printf7.o(i.__0vsprintf$7) refers to printf7.o(i._printf_core) for _printf_core
    printf7.o(i.__0vsprintf$7) refers to printf7.o(i._sputc) for _sputc
    printf7.o(i._printf_core) refers to printf7.o(i._printf_pre_padding) for _printf_pre_padding
    printf7.o(i._printf_core) refers to uldiv.o(.text) for __aeabi_uldivmod
    printf7.o(i._printf_core) refers to printf7.o(i._printf_post_padding) for _printf_post_padding
    printf8.o(i.__0fprintf$8) refers to printf8.o(i._printf_core) for _printf_core
    printf8.o(i.__0fprintf$8) refers to usart1.o(.text) for fputc
    printf8.o(i.__0printf$8) refers to printf8.o(i._printf_core) for _printf_core
    printf8.o(i.__0printf$8) refers to usart1.o(.text) for fputc
    printf8.o(i.__0printf$8) refers to stdout.o(.data) for __stdout
    printf8.o(i.__0snprintf$8) refers to printf8.o(i._printf_core) for _printf_core
    printf8.o(i.__0snprintf$8) refers to printf8.o(i._snputc) for _snputc
    printf8.o(i.__0sprintf$8) refers to printf8.o(i._printf_core) for _printf_core
    printf8.o(i.__0sprintf$8) refers to printf8.o(i._sputc) for _sputc
    printf8.o(i.__0vfprintf$8) refers to printf8.o(i._printf_core) for _printf_core
    printf8.o(i.__0vfprintf$8) refers to usart1.o(.text) for fputc
    printf8.o(i.__0vprintf$8) refers to printf8.o(i._printf_core) for _printf_core
    printf8.o(i.__0vprintf$8) refers to usart1.o(.text) for fputc
    printf8.o(i.__0vprintf$8) refers to stdout.o(.data) for __stdout
    printf8.o(i.__0vsnprintf$8) refers to printf8.o(i._printf_core) for _printf_core
    printf8.o(i.__0vsnprintf$8) refers to printf8.o(i._snputc) for _snputc
    printf8.o(i.__0vsprintf$8) refers to printf8.o(i._printf_core) for _printf_core
    printf8.o(i.__0vsprintf$8) refers to printf8.o(i._sputc) for _sputc
    printf8.o(i._printf_core) refers to printf8.o(i._printf_pre_padding) for _printf_pre_padding
    printf8.o(i._printf_core) refers to uldiv.o(.text) for __aeabi_uldivmod
    printf8.o(i._printf_core) refers to printf8.o(i._printf_post_padding) for _printf_post_padding
    printfa.o(i.__0fprintf) refers (Special) to iusefp.o(.text) for __I$use$fp
    printfa.o(i.__0fprintf) refers to printfa.o(i._printf_core) for _printf_core
    printfa.o(i.__0fprintf) refers to usart1.o(.text) for fputc
    printfa.o(i.__0printf) refers (Special) to iusefp.o(.text) for __I$use$fp
    printfa.o(i.__0printf) refers to printfa.o(i._printf_core) for _printf_core
    printfa.o(i.__0printf) refers to usart1.o(.text) for fputc
    printfa.o(i.__0printf) refers to stdout.o(.data) for __stdout
    printfa.o(i.__0snprintf) refers (Special) to iusefp.o(.text) for __I$use$fp
    printfa.o(i.__0snprintf) refers to printfa.o(i._printf_core) for _printf_core
    printfa.o(i.__0snprintf) refers to printfa.o(i._snputc) for _snputc
    printfa.o(i.__0sprintf) refers (Special) to iusefp.o(.text) for __I$use$fp
    printfa.o(i.__0sprintf) refers to printfa.o(i._printf_core) for _printf_core
    printfa.o(i.__0sprintf) refers to printfa.o(i._sputc) for _sputc
    printfa.o(i.__0vfprintf) refers (Special) to iusefp.o(.text) for __I$use$fp
    printfa.o(i.__0vfprintf) refers to printfa.o(i._printf_core) for _printf_core
    printfa.o(i.__0vfprintf) refers to usart1.o(.text) for fputc
    printfa.o(i.__0vprintf) refers (Special) to iusefp.o(.text) for __I$use$fp
    printfa.o(i.__0vprintf) refers to printfa.o(i._printf_core) for _printf_core
    printfa.o(i.__0vprintf) refers to usart1.o(.text) for fputc
    printfa.o(i.__0vprintf) refers to stdout.o(.data) for __stdout
    printfa.o(i.__0vsnprintf) refers (Special) to iusefp.o(.text) for __I$use$fp
    printfa.o(i.__0vsnprintf) refers to printfa.o(i._printf_core) for _printf_core
    printfa.o(i.__0vsnprintf) refers to printfa.o(i._snputc) for _snputc
    printfa.o(i.__0vsprintf) refers (Special) to iusefp.o(.text) for __I$use$fp
    printfa.o(i.__0vsprintf) refers to printfa.o(i._printf_core) for _printf_core
    printfa.o(i.__0vsprintf) refers to printfa.o(i._sputc) for _sputc
    printfa.o(i._fp_digits) refers (Special) to iusefp.o(.text) for __I$use$fp
    printfa.o(i._fp_digits) refers to dmul.o(.text) for __aeabi_dmul
    printfa.o(i._fp_digits) refers to ddiv.o(.text) for __aeabi_ddiv
    printfa.o(i._fp_digits) refers to cdrcmple.o(.text) for __aeabi_cdrcmple
    printfa.o(i._fp_digits) refers to dadd.o(.text) for __aeabi_dadd
    printfa.o(i._fp_digits) refers to dfixul.o(.text) for __aeabi_d2ulz
    printfa.o(i._fp_digits) refers to uldiv.o(.text) for __aeabi_uldivmod
    printfa.o(i._printf_core) refers (Special) to iusefp.o(.text) for __I$use$fp
    printfa.o(i._printf_core) refers to printfa.o(i._printf_pre_padding) for _printf_pre_padding
    printfa.o(i._printf_core) refers to uldiv.o(.text) for __aeabi_uldivmod
    printfa.o(i._printf_core) refers to printfa.o(i._printf_post_padding) for _printf_post_padding
    printfa.o(i._printf_core) refers to printfa.o(i._fp_digits) for _fp_digits
    printfa.o(i._printf_core) refers to uidiv.o(.text) for __aeabi_uidivmod
    printfa.o(i._printf_post_padding) refers (Special) to iusefp.o(.text) for __I$use$fp
    printfa.o(i._printf_pre_padding) refers (Special) to iusefp.o(.text) for __I$use$fp
    printfa.o(i._snputc) refers (Special) to iusefp.o(.text) for __I$use$fp
    printfa.o(i._sputc) refers (Special) to iusefp.o(.text) for __I$use$fp
    fadd.o(.text) refers (Special) to iusefp.o(.text) for __I$use$fp
    fadd.o(.text) refers to fepilogue.o(.text) for _float_epilogue
    fmul.o(.text) refers (Special) to iusefp.o(.text) for __I$use$fp
    fdiv.o(.text) refers (Special) to iusefp.o(.text) for __I$use$fp
    fdiv.o(.text) refers to fepilogue.o(.text) for _float_round
    dadd.o(.text) refers (Special) to iusefp.o(.text) for __I$use$fp
    dadd.o(.text) refers to llshl.o(.text) for __aeabi_llsl
    dadd.o(.text) refers to llsshr.o(.text) for __aeabi_lasr
    dadd.o(.text) refers to depilogue.o(.text) for _double_epilogue
    dmul.o(.text) refers (Special) to iusefp.o(.text) for __I$use$fp
    dmul.o(.text) refers to depilogue.o(.text) for _double_epilogue
    fflti.o(.text) refers (Special) to iusefp.o(.text) for __I$use$fp
    fflti.o(.text) refers to fepilogue.o(.text) for _float_epilogue
    dflti.o(.text) refers (Special) to iusefp.o(.text) for __I$use$fp
    dflti.o(.text) refers to depilogue.o(.text) for _double_epilogue
    ffixi.o(.text) refers (Special) to iusefp.o(.text) for __I$use$fp
    f2d.o(.text) refers (Special) to iusefp.o(.text) for __I$use$fp
    cdcmple.o(.text) refers (Special) to iusefp.o(.text) for __I$use$fp
    cdrcmple.o(.text) refers (Special) to iusefp.o(.text) for __I$use$fp
    d2f.o(.text) refers (Special) to iusefp.o(.text) for __I$use$fp
    d2f.o(.text) refers to fepilogue.o(.text) for _float_round
    cfcmple.o(.text) refers (Special) to iusefp.o(.text) for __I$use$fp
    cfrcmple.o(.text) refers (Special) to iusefp.o(.text) for __I$use$fp
    dunder.o(i.__mathlib_dbl_underflow) refers to dscalb.o(.text) for __ARM_scalbn
    fpclassify.o(i.__ARM_fpclassify) refers (Special) to iusefp.o(.text) for __I$use$fp
    poly.o(i.__kernel_poly) refers (Special) to iusefp.o(.text) for __I$use$fp
    poly.o(i.__kernel_poly) refers to dmul.o(.text) for __aeabi_dmul
    poly.o(i.__kernel_poly) refers to dadd.o(.text) for __aeabi_dadd
    sqrt.o(i.__softfp_sqrt) refers (Special) to iusefp.o(.text) for __I$use$fp
    sqrt.o(i.__softfp_sqrt) refers to dsqrt.o(.text) for _dsqrt
    sqrt.o(i.__softfp_sqrt) refers to errno.o(i.__set_errno) for __set_errno
    sqrt.o(i.sqrt) refers (Special) to iusefp.o(.text) for __I$use$fp
    sqrt.o(i.sqrt) refers to dsqrt.o(.text) for _dsqrt
    sqrt.o(i.sqrt) refers to errno.o(i.__set_errno) for __set_errno
    sqrt_x.o(i.____softfp_sqrt$lsc) refers (Special) to iusefp.o(.text) for __I$use$fp
    sqrt_x.o(i.____softfp_sqrt$lsc) refers to cdcmple.o(.text) for __aeabi_cdcmple
    sqrt_x.o(i.____softfp_sqrt$lsc) refers to errno.o(i.__set_errno) for __set_errno
    sqrt_x.o(i.____softfp_sqrt$lsc) refers to dsqrt.o(.text) for _dsqrt
    sqrt_x.o(i.__sqrt$lsc) refers (Special) to iusefp.o(.text) for __I$use$fp
    sqrt_x.o(i.__sqrt$lsc) refers to cdcmple.o(.text) for __aeabi_cdcmple
    sqrt_x.o(i.__sqrt$lsc) refers to errno.o(i.__set_errno) for __set_errno
    sqrt_x.o(i.__sqrt$lsc) refers to dsqrt.o(.text) for _dsqrt
    entry2.o(.ARM.Collect$$$$00000001) refers to entry2.o(.ARM.Collect$$$$00002712) for __lit__00000000
    entry2.o(.ARM.Collect$$$$00002712) refers to startup_stm32f10x_hd.o(STACK) for __initial_sp
    entry2.o(__vectab_stack_and_reset_area) refers to startup_stm32f10x_hd.o(STACK) for __initial_sp
    entry2.o(__vectab_stack_and_reset_area) refers to entry.o(.ARM.Collect$$$$00000000) for __main
    entry5.o(.ARM.Collect$$$$00000004) refers to init.o(.text) for __scatterload
    entry9a.o(.ARM.Collect$$$$0000000B) refers to main.o(.text) for main
    entry9b.o(.ARM.Collect$$$$0000000C) refers to main.o(.text) for main
    uldiv.o(.text) refers to llushr.o(.text) for __aeabi_llsr
    uldiv.o(.text) refers to llshl.o(.text) for __aeabi_llsl
    errno.o(i.__aeabi_errno_addr) refers to errno.o(.data) for .data
    errno.o(i.__read_errno) refers to errno.o(.data) for .data
    errno.o(i.__set_errno) refers to errno.o(.data) for .data
    depilogue.o(.text) refers to llshl.o(.text) for __aeabi_llsl
    depilogue.o(.text) refers to llushr.o(.text) for __aeabi_llsr
    ddiv.o(.text) refers to depilogue.o(.text) for _double_round
    dfixul.o(.text) refers to llushr.o(.text) for __aeabi_llsr
    dfixul.o(.text) refers to llshl.o(.text) for __aeabi_llsl
    init.o(.text) refers to entry5.o(.ARM.Collect$$$$00000004) for __main_after_scatterload
    dsqrt.o(.text) refers to llushr.o(.text) for __aeabi_llsr
    dsqrt.o(.text) refers to depilogue.o(.text) for _double_round


==============================================================================

Removing Unused input sections from the image.

    Removing startup_stm32f10x_hd.o(HEAP), (512 bytes).
    Removing core_cm3.o(.emb_text), (32 bytes).
    Removing dfixul.o(.text), (48 bytes).

3 unused section(s) (total 592 bytes) removed from the image.

==============================================================================

Image Symbol Table

    Local Symbols

    Symbol Name                              Value     Ov Type        Size  Object(Section)

    ../clib/../cmprslib/zerorunl2.c          0x00000000   Number         0  __dczerorl2.o ABSOLUTE
    ../clib/microlib/division.c              0x00000000   Number         0  uldiv.o ABSOLUTE
    ../clib/microlib/division.c              0x00000000   Number         0  uidiv.o ABSOLUTE
    ../clib/microlib/errno.c                 0x00000000   Number         0  errno.o ABSOLUTE
    ../clib/microlib/init/entry.s            0x00000000   Number         0  entry11b.o ABSOLUTE
    ../clib/microlib/init/entry.s            0x00000000   Number         0  entry11a.o ABSOLUTE
    ../clib/microlib/init/entry.s            0x00000000   Number         0  entry10b.o ABSOLUTE
    ../clib/microlib/init/entry.s            0x00000000   Number         0  entry5.o ABSOLUTE
    ../clib/microlib/init/entry.s            0x00000000   Number         0  entry7b.o ABSOLUTE
    ../clib/microlib/init/entry.s            0x00000000   Number         0  entry.o ABSOLUTE
    ../clib/microlib/init/entry.s            0x00000000   Number         0  entry10a.o ABSOLUTE
    ../clib/microlib/init/entry.s            0x00000000   Number         0  entry9b.o ABSOLUTE
    ../clib/microlib/init/entry.s            0x00000000   Number         0  entry7a.o ABSOLUTE
    ../clib/microlib/init/entry.s            0x00000000   Number         0  entry9a.o ABSOLUTE
    ../clib/microlib/init/entry.s            0x00000000   Number         0  entry2.o ABSOLUTE
    ../clib/microlib/init/entry.s            0x00000000   Number         0  entry8b.o ABSOLUTE
    ../clib/microlib/init/entry.s            0x00000000   Number         0  entry8a.o ABSOLUTE
    ../clib/microlib/longlong.c              0x00000000   Number         0  llushr.o ABSOLUTE
    ../clib/microlib/longlong.c              0x00000000   Number         0  llsshr.o ABSOLUTE
    ../clib/microlib/longlong.c              0x00000000   Number         0  llshl.o ABSOLUTE
    ../clib/microlib/printf/printf.c         0x00000000   Number         0  printf1.o ABSOLUTE
    ../clib/microlib/printf/printf.c         0x00000000   Number         0  printf0.o ABSOLUTE
    ../clib/microlib/printf/printf.c         0x00000000   Number         0  printfa.o ABSOLUTE
    ../clib/microlib/printf/printf.c         0x00000000   Number         0  printf6.o ABSOLUTE
    ../clib/microlib/printf/printf.c         0x00000000   Number         0  printfb.o ABSOLUTE
    ../clib/microlib/printf/printf.c         0x00000000   Number         0  printf5.o ABSOLUTE
    ../clib/microlib/printf/printf.c         0x00000000   Number         0  printf4.o ABSOLUTE
    ../clib/microlib/printf/printf.c         0x00000000   Number         0  printf2.o ABSOLUTE
    ../clib/microlib/printf/printf.c         0x00000000   Number         0  printf7.o ABSOLUTE
    ../clib/microlib/printf/printf.c         0x00000000   Number         0  printf8.o ABSOLUTE
    ../clib/microlib/printf/printf.c         0x00000000   Number         0  printf3.o ABSOLUTE
    ../clib/microlib/printf/stubs.s          0x00000000   Number         0  stubs.o ABSOLUTE
    ../clib/microlib/stdio/streams.c         0x00000000   Number         0  stdout.o ABSOLUTE
    ../clib/microlib/string/memset.c         0x00000000   Number         0  memseta.o ABSOLUTE
    ../clib/microlib/stubs.s                 0x00000000   Number         0  iusefp.o ABSOLUTE
    ../fplib/microlib/d2f.c                  0x00000000   Number         0  d2f.o ABSOLUTE
    ../fplib/microlib/f2d.c                  0x00000000   Number         0  f2d.o ABSOLUTE
    ../fplib/microlib/fpadd.c                0x00000000   Number         0  fadd.o ABSOLUTE
    ../fplib/microlib/fpadd.c                0x00000000   Number         0  dadd.o ABSOLUTE
    ../fplib/microlib/fpdiv.c                0x00000000   Number         0  ddiv.o ABSOLUTE
    ../fplib/microlib/fpdiv.c                0x00000000   Number         0  fdiv.o ABSOLUTE
    ../fplib/microlib/fpepilogue.c           0x00000000   Number         0  depilogue.o ABSOLUTE
    ../fplib/microlib/fpepilogue.c           0x00000000   Number         0  fepilogue.o ABSOLUTE
    ../fplib/microlib/fpfix.c                0x00000000   Number         0  dfixul.o ABSOLUTE
    ../fplib/microlib/fpfix.c                0x00000000   Number         0  ffixi.o ABSOLUTE
    ../fplib/microlib/fpflt.c                0x00000000   Number         0  fflti.o ABSOLUTE
    ../fplib/microlib/fpflt.c                0x00000000   Number         0  dflti.o ABSOLUTE
    ../fplib/microlib/fpmul.c                0x00000000   Number         0  dmul.o ABSOLUTE
    ../fplib/microlib/fpmul.c                0x00000000   Number         0  fmul.o ABSOLUTE
    ../fplib/microlib/fpscalb.c              0x00000000   Number         0  dscalb.o ABSOLUTE
    ../fplib/microlib/fpsqrt.c               0x00000000   Number         0  dsqrt.o ABSOLUTE
    ../mathlib/asin.c                        0x00000000   Number         0  asin_x.o ABSOLUTE
    ../mathlib/asin.c                        0x00000000   Number         0  asin.o ABSOLUTE
    ../mathlib/dunder.c                      0x00000000   Number         0  dunder.o ABSOLUTE
    ../mathlib/fpclassify.c                  0x00000000   Number         0  fpclassify.o ABSOLUTE
    ../mathlib/poly.c                        0x00000000   Number         0  poly.o ABSOLUTE
    ../mathlib/sqrt.c                        0x00000000   Number         0  sqrt_x.o ABSOLUTE
    ../mathlib/sqrt.c                        0x00000000   Number         0  sqrt.o ABSOLUTE
    ..\CMSIS\core_cm3.c                      0x00000000   Number         0  core_cm3.o ABSOLUTE
    ..\CMSIS\startup_stm32f10x_hd.s          0x00000000   Number         0  startup_stm32f10x_hd.o ABSOLUTE
    ..\CMSIS\system_stm32f10x.c              0x00000000   Number         0  system_stm32f10x.o ABSOLUTE
    ..\LIB\src\misc.c                        0x00000000   Number         0  misc.o ABSOLUTE
    ..\LIB\src\stm32f10x_gpio.c              0x00000000   Number         0  stm32f10x_gpio.o ABSOLUTE
    ..\LIB\src\stm32f10x_rcc.c               0x00000000   Number         0  stm32f10x_rcc.o ABSOLUTE
    ..\LIB\src\stm32f10x_tim.c               0x00000000   Number         0  stm32f10x_tim.o ABSOLUTE
    ..\LIB\src\stm32f10x_usart.c             0x00000000   Number         0  stm32f10x_usart.o ABSOLUTE
    ..\\CMSIS\\core_cm3.c                    0x00000000   Number         0  core_cm3.o ABSOLUTE
    ak8975.c                                 0x00000000   Number         0  ak8975.o ABSOLUTE
    cdcmple.s                                0x00000000   Number         0  cdcmple.o ABSOLUTE
    cdrcmple.s                               0x00000000   Number         0  cdrcmple.o ABSOLUTE
    cfcmple.s                                0x00000000   Number         0  cfcmple.o ABSOLUTE
    cfrcmple.s                               0x00000000   Number         0  cfrcmple.o ABSOLUTE
    dc.s                                     0x00000000   Number         0  dc.o ABSOLUTE
    handlers.s                               0x00000000   Number         0  handlers.o ABSOLUTE
    i2c_soft.c                               0x00000000   Number         0  i2c_soft.o ABSOLUTE
    imu.c                                    0x00000000   Number         0  imu.o ABSOLUTE
    init.s                                   0x00000000   Number         0  init.o ABSOLUTE
    led.c                                    0x00000000   Number         0  led.o ABSOLUTE
    main.c                                   0x00000000   Number         0  main.o ABSOLUTE
    mpu6050.c                                0x00000000   Number         0  mpu6050.o ABSOLUTE
    mymath.c                                 0x00000000   Number         0  mymath.o ABSOLUTE
    stm32f10x_it.c                           0x00000000   Number         0  stm32f10x_it.o ABSOLUTE
    timer.c                                  0x00000000   Number         0  timer.o ABSOLUTE
    usart1.c                                 0x00000000   Number         0  usart1.o ABSOLUTE
    RESET                                    0x08000000   Section      304  startup_stm32f10x_hd.o(RESET)
    .ARM.Collect$$$$00000000                 0x08000130   Section        0  entry.o(.ARM.Collect$$$$00000000)
    .ARM.Collect$$$$00000001                 0x08000130   Section        4  entry2.o(.ARM.Collect$$$$00000001)
    .ARM.Collect$$$$00000004                 0x08000134   Section        4  entry5.o(.ARM.Collect$$$$00000004)
    .ARM.Collect$$$$00000008                 0x08000138   Section        0  entry7b.o(.ARM.Collect$$$$00000008)
    .ARM.Collect$$$$0000000A                 0x08000138   Section        0  entry8b.o(.ARM.Collect$$$$0000000A)
    .ARM.Collect$$$$0000000B                 0x08000138   Section        8  entry9a.o(.ARM.Collect$$$$0000000B)
    .ARM.Collect$$$$0000000D                 0x08000140   Section        0  entry10a.o(.ARM.Collect$$$$0000000D)
    .ARM.Collect$$$$0000000F                 0x08000140   Section        0  entry11a.o(.ARM.Collect$$$$0000000F)
    .ARM.Collect$$$$00002712                 0x08000140   Section        4  entry2.o(.ARM.Collect$$$$00002712)
    __lit__00000000                          0x08000140   Data           4  entry2.o(.ARM.Collect$$$$00002712)
    .text                                    0x08000144   Section        0  main.o(.text)
    .text                                    0x08000b00   Section        0  stm32f10x_it.o(.text)
    .text                                    0x08000c98   Section        0  usart1.o(.text)
    itoa                                     0x08000d67   Thumb Code    98  usart1.o(.text)
    .text                                    0x08000f04   Section        0  led.o(.text)
    .text                                    0x08000f7c   Section        0  timer.o(.text)
    .text                                    0x08001028   Section        0  i2c_soft.o(.text)
    .text                                    0x08001460   Section        0  ak8975.o(.text)
    .text                                    0x08001810   Section        0  mpu6050.o(.text)
    .text                                    0x08001dd4   Section        0  mymath.o(.text)
    .text                                    0x08002410   Section        0  imu.o(.text)
    .text                                    0x08003224   Section        0  misc.o(.text)
    .text                                    0x08003300   Section        0  stm32f10x_gpio.o(.text)
    .text                                    0x0800365c   Section        0  stm32f10x_rcc.o(.text)
    .text                                    0x08003a00   Section        0  stm32f10x_usart.o(.text)
    .text                                    0x08003e08   Section        0  stm32f10x_tim.o(.text)
    TI4_Config                               0x080042af   Thumb Code   130  stm32f10x_tim.o(.text)
    TI3_Config                               0x08004343   Thumb Code   122  stm32f10x_tim.o(.text)
    TI2_Config                               0x080043d7   Thumb Code   130  stm32f10x_tim.o(.text)
    TI1_Config                               0x0800446b   Thumb Code   108  stm32f10x_tim.o(.text)
    .text                                    0x08004c24   Section       36  startup_stm32f10x_hd.o(.text)
    .text                                    0x08004c48   Section        0  system_stm32f10x.o(.text)
    SetSysClockTo72                          0x08004c49   Thumb Code   214  system_stm32f10x.o(.text)
    SetSysClock                              0x08004d1f   Thumb Code     8  system_stm32f10x.o(.text)
    .text                                    0x08004e28   Section        0  memseta.o(.text)
    .text                                    0x08004e4c   Section        0  fadd.o(.text)
    .text                                    0x08004efc   Section        0  fmul.o(.text)
    .text                                    0x08004f60   Section        0  fdiv.o(.text)
    .text                                    0x08004fdc   Section        0  dadd.o(.text)
    .text                                    0x0800512a   Section        0  dmul.o(.text)
    .text                                    0x0800520e   Section        0  fflti.o(.text)
    .text                                    0x08005220   Section        0  dflti.o(.text)
    .text                                    0x08005242   Section        0  ffixi.o(.text)
    .text                                    0x08005274   Section        0  f2d.o(.text)
    .text                                    0x0800529c   Section       40  cdcmple.o(.text)
    .text                                    0x080052c4   Section       40  cdrcmple.o(.text)
    .text                                    0x080052ec   Section        0  d2f.o(.text)
    .text                                    0x08005324   Section       20  cfcmple.o(.text)
    .text                                    0x08005338   Section       20  cfrcmple.o(.text)
    .text                                    0x0800534c   Section        0  uidiv.o(.text)
    .text                                    0x08005378   Section        0  llshl.o(.text)
    .text                                    0x08005396   Section        0  llsshr.o(.text)
    .text                                    0x080053ba   Section        0  fepilogue.o(.text)
    .text                                    0x080053ba   Section        0  iusefp.o(.text)
    .text                                    0x08005428   Section        0  depilogue.o(.text)
    .text                                    0x080054de   Section        0  ddiv.o(.text)
    .text                                    0x080055bc   Section        0  dscalb.o(.text)
    .text                                    0x080055ec   Section       36  init.o(.text)
    .text                                    0x08005610   Section        0  llushr.o(.text)
    .text                                    0x08005630   Section        0  dsqrt.o(.text)
    .text                                    0x080056d2   Section        0  __dczerorl2.o(.text)
    i.__0printf$1                            0x08005728   Section        0  printf1.o(i.__0printf$1)
    i.__ARM_fpclassify                       0x08005748   Section        0  fpclassify.o(i.__ARM_fpclassify)
    i.__kernel_poly                          0x08005770   Section        0  poly.o(i.__kernel_poly)
    i.__mathlib_dbl_underflow                0x0800581c   Section        0  dunder.o(i.__mathlib_dbl_underflow)
    i.__scatterload_copy                     0x0800582c   Section       14  handlers.o(i.__scatterload_copy)
    i.__scatterload_null                     0x0800583a   Section        2  handlers.o(i.__scatterload_null)
    i.__scatterload_zeroinit                 0x0800583c   Section       14  handlers.o(i.__scatterload_zeroinit)
    i.__set_errno                            0x0800584c   Section        0  errno.o(i.__set_errno)
    i._printf_core                           0x08005858   Section        0  printf1.o(i._printf_core)
    _printf_core                             0x08005859   Thumb Code   336  printf1.o(i._printf_core)
    i.asin                                   0x080059ac   Section        0  asin.o(i.asin)
    i.sqrt                                   0x08005c28   Section        0  sqrt.o(i.sqrt)
    .constdata                               0x08005c78   Section       80  asin.o(.constdata)
    pS                                       0x08005c78   Data          48  asin.o(.constdata)
    qS                                       0x08005ca8   Data          32  asin.o(.constdata)
    .data                                    0x20000000   Section       48  main.o(.data)
    mag_cal_cnt                              0x2000002c   Data           4  main.o(.data)
    .data                                    0x20000030   Section       28  stm32f10x_it.o(.data)
    timer_1ms_cnt                            0x20000030   Data           4  stm32f10x_it.o(.data)
    timer_10ms_cnt                           0x20000034   Data           4  stm32f10x_it.o(.data)
    timer_15ms_cnt                           0x20000038   Data           4  stm32f10x_it.o(.data)
    timer_20ms_cnt                           0x2000003c   Data           4  stm32f10x_it.o(.data)
    timer_50ms_cnt                           0x20000040   Data           4  stm32f10x_it.o(.data)
    timer_100ms_cnt                          0x20000044   Data           4  stm32f10x_it.o(.data)
    timer_1000ms_cnt                         0x20000048   Data           4  stm32f10x_it.o(.data)
    .data                                    0x2000004c   Section        1  i2c_soft.o(.data)
    .data                                    0x20000050   Section       74  ak8975.o(.data)
    MagMAX                                   0x20000080   Data          12  ak8975.o(.data)
    MagMIN                                   0x2000008c   Data          12  ak8975.o(.data)
    cnt_m                                    0x20000098   Data           2  ak8975.o(.data)
    .data                                    0x2000009c   Section       28  mpu6050.o(.data)
    .data                                    0x200000b8   Section     1028  mymath.o(.data)
    .data                                    0x200004bc   Section       88  imu.o(.data)
    pn                                       0x20000500   Data           1  imu.o(.data)
    h_tmp_x                                  0x20000504   Data           4  imu.o(.data)
    h_tmp_y                                  0x20000508   Data           4  imu.o(.data)
    yaw_correct                              0x2000050c   Data           4  imu.o(.data)
    yaw_mag                                  0x20000510   Data           4  imu.o(.data)
    .data                                    0x20000514   Section       20  stm32f10x_rcc.o(.data)
    APBAHBPrescTable                         0x20000514   Data          16  stm32f10x_rcc.o(.data)
    ADCPrescTable                            0x20000524   Data           4  stm32f10x_rcc.o(.data)
    .data                                    0x20000528   Section       20  system_stm32f10x.o(.data)
    .data                                    0x2000053c   Section        4  stdout.o(.data)
    .data                                    0x20000540   Section        4  errno.o(.data)
    _errno                                   0x20000540   Data           4  errno.o(.data)
    .bss                                     0x20000544   Section       12  ak8975.o(.bss)
    MagSum                                   0x20000544   Data          12  ak8975.o(.bss)
    .bss                                     0x20000550   Section      384  mpu6050.o(.bss)
    .bss                                     0x200006d0   Section      252  imu.o(.bss)
    mag_tmp                                  0x200007c0   Data          12  imu.o(.bss)
    STACK                                    0x200007d0   Section     1024  startup_stm32f10x_hd.o(STACK)

    Global Symbols

    Symbol Name                              Value     Ov Type        Size  Object(Section)

    BuildAttributes$$THM_ISAv4$P$D$K$B$S$PE$A:L22UL41UL21$X:L11$S22US41US21$IEEE1$IW$USESV6$~STKCKD$USESV7$~SHL$OTIME$ROPI$IEEEX$EBA8$MICROLIB$REQ8$PRES8$EABIv2 0x00000000   Number         0  anon$$obj.o ABSOLUTE
    __ARM_use_no_argv                        0x00000000   Number         0  main.o ABSOLUTE
    _printf_a                                0x00000000   Number         0  stubs.o ABSOLUTE
    _printf_c                                0x00000000   Number         0  stubs.o ABSOLUTE
    _printf_charcount                        0x00000000   Number         0  stubs.o ABSOLUTE
    _printf_d                                0x00000000   Number         0  stubs.o ABSOLUTE
    _printf_e                                0x00000000   Number         0  stubs.o ABSOLUTE
    _printf_f                                0x00000000   Number         0  stubs.o ABSOLUTE
    _printf_flags                            0x00000000   Number         0  stubs.o ABSOLUTE
    _printf_fp_dec                           0x00000000   Number         0  stubs.o ABSOLUTE
    _printf_fp_hex                           0x00000000   Number         0  stubs.o ABSOLUTE
    _printf_g                                0x00000000   Number         0  stubs.o ABSOLUTE
    _printf_i                                0x00000000   Number         0  stubs.o ABSOLUTE
    _printf_int_dec                          0x00000000   Number         0  stubs.o ABSOLUTE
    _printf_l                                0x00000000   Number         0  stubs.o ABSOLUTE
    _printf_lc                               0x00000000   Number         0  stubs.o ABSOLUTE
    _printf_ll                               0x00000000   Number         0  stubs.o ABSOLUTE
    _printf_lld                              0x00000000   Number         0  stubs.o ABSOLUTE
    _printf_lli                              0x00000000   Number         0  stubs.o ABSOLUTE
    _printf_llo                              0x00000000   Number         0  stubs.o ABSOLUTE
    _printf_llu                              0x00000000   Number         0  stubs.o ABSOLUTE
    _printf_llx                              0x00000000   Number         0  stubs.o ABSOLUTE
    _printf_longlong_dec                     0x00000000   Number         0  stubs.o ABSOLUTE
    _printf_longlong_hex                     0x00000000   Number         0  stubs.o ABSOLUTE
    _printf_longlong_oct                     0x00000000   Number         0  stubs.o ABSOLUTE
    _printf_ls                               0x00000000   Number         0  stubs.o ABSOLUTE
    _printf_mbtowc                           0x00000000   Number         0  stubs.o ABSOLUTE
    _printf_n                                0x00000000   Number         0  stubs.o ABSOLUTE
    _printf_o                                0x00000000   Number         0  stubs.o ABSOLUTE
    _printf_p                                0x00000000   Number         0  stubs.o ABSOLUTE
    _printf_percent                          0x00000000   Number         0  stubs.o ABSOLUTE
    _printf_pre_padding                      0x00000000   Number         0  stubs.o ABSOLUTE
    _printf_return_value                     0x00000000   Number         0  stubs.o ABSOLUTE
    _printf_s                                0x00000000   Number         0  stubs.o ABSOLUTE
    _printf_sizespec                         0x00000000   Number         0  stubs.o ABSOLUTE
    _printf_str                              0x00000000   Number         0  stubs.o ABSOLUTE
    _printf_truncate_signed                  0x00000000   Number         0  stubs.o ABSOLUTE
    _printf_truncate_unsigned                0x00000000   Number         0  stubs.o ABSOLUTE
    _printf_u                                0x00000000   Number         0  stubs.o ABSOLUTE
    _printf_wc                               0x00000000   Number         0  stubs.o ABSOLUTE
    _printf_wctomb                           0x00000000   Number         0  stubs.o ABSOLUTE
    _printf_widthprec                        0x00000000   Number         0  stubs.o ABSOLUTE
    _printf_x                                0x00000000   Number         0  stubs.o ABSOLUTE
    __cpp_initialize__aeabi_                  - Undefined Weak Reference
    __cxa_finalize                            - Undefined Weak Reference
    _clock_init                               - Undefined Weak Reference
    _microlib_exit                            - Undefined Weak Reference
    __Vectors_Size                           0x00000130   Number         0  startup_stm32f10x_hd.o ABSOLUTE
    __Vectors                                0x08000000   Data           4  startup_stm32f10x_hd.o(RESET)
    __Vectors_End                            0x08000130   Data           0  startup_stm32f10x_hd.o(RESET)
    __main                                   0x08000131   Thumb Code     0  entry.o(.ARM.Collect$$$$00000000)
    _main_stk                                0x08000131   Thumb Code     0  entry2.o(.ARM.Collect$$$$00000001)
    _main_scatterload                        0x08000135   Thumb Code     0  entry5.o(.ARM.Collect$$$$00000004)
    __main_after_scatterload                 0x08000139   Thumb Code     0  entry5.o(.ARM.Collect$$$$00000004)
    _main_clock                              0x08000139   Thumb Code     0  entry7b.o(.ARM.Collect$$$$00000008)
    _main_cpp_init                           0x08000139   Thumb Code     0  entry8b.o(.ARM.Collect$$$$0000000A)
    _main_init                               0x08000139   Thumb Code     0  entry9a.o(.ARM.Collect$$$$0000000B)
    __rt_final_cpp                           0x08000141   Thumb Code     0  entry10a.o(.ARM.Collect$$$$0000000D)
    __rt_final_exit                          0x08000141   Thumb Code     0  entry11a.o(.ARM.Collect$$$$0000000F)
    Sener_Calibrate                          0x08000145   Thumb Code   610  main.o(.text)
    Data_Send_Status                         0x080003a7   Thumb Code   778  main.o(.text)
    Send_Data                                0x080006b1   Thumb Code   360  main.o(.text)
    main                                     0x08000819   Thumb Code   742  main.o(.text)
    NMI_Handler                              0x08000b01   Thumb Code     2  stm32f10x_it.o(.text)
    HardFault_Handler                        0x08000b03   Thumb Code     4  stm32f10x_it.o(.text)
    MemManage_Handler                        0x08000b07   Thumb Code     4  stm32f10x_it.o(.text)
    BusFault_Handler                         0x08000b0b   Thumb Code     4  stm32f10x_it.o(.text)
    UsageFault_Handler                       0x08000b0f   Thumb Code     4  stm32f10x_it.o(.text)
    SVC_Handler                              0x08000b13   Thumb Code     2  stm32f10x_it.o(.text)
    DebugMon_Handler                         0x08000b15   Thumb Code     2  stm32f10x_it.o(.text)
    PendSV_Handler                           0x08000b17   Thumb Code     2  stm32f10x_it.o(.text)
    SysTick_Handler                          0x08000b19   Thumb Code     2  stm32f10x_it.o(.text)
    USART1_IRQHandler                        0x08000b1b   Thumb Code    70  stm32f10x_it.o(.text)
    TIM2_IRQHandler                          0x08000b61   Thumb Code   236  stm32f10x_it.o(.text)
    USART1_Send_Data                         0x08000c99   Thumb Code    48  usart1.o(.text)
    fputc                                    0x08000cc9   Thumb Code    32  usart1.o(.text)
    USART1_Config                            0x08000ce9   Thumb Code   126  usart1.o(.text)
    USART1_printf                            0x08000dc9   Thumb Code   264  usart1.o(.text)
    NVIC_Configuration                       0x08000ed1   Thumb Code    42  usart1.o(.text)
    LED_GPIO_Config                          0x08000f05   Thumb Code    48  led.o(.text)
    LED_OFF                                  0x08000f35   Thumb Code    14  led.o(.text)
    LED_ON                                   0x08000f43   Thumb Code    14  led.o(.text)
    LED_ON_OFF                               0x08000f51   Thumb Code    38  led.o(.text)
    Start_Timer                              0x08000f7d   Thumb Code    20  timer.o(.text)
    Stop_Tmer                                0x08000f91   Thumb Code    22  timer.o(.text)
    Timer_Nvic_Configuration                 0x08000fa7   Thumb Code    42  timer.o(.text)
    Timer_Configuration                      0x08000fd1   Thumb Code    88  timer.o(.text)
    I2c_Soft_delay                           0x08001029   Thumb Code    42  i2c_soft.o(.text)
    I2c_Soft_Init                            0x08001053   Thumb Code    38  i2c_soft.o(.text)
    I2c_Soft_Start                           0x08001079   Thumb Code   108  i2c_soft.o(.text)
    I2c_Soft_Stop                            0x080010e5   Thumb Code    74  i2c_soft.o(.text)
    I2c_Soft_Ask                             0x0800112f   Thumb Code    74  i2c_soft.o(.text)
    I2c_Soft_NoAsk                           0x08001179   Thumb Code    74  i2c_soft.o(.text)
    I2c_Soft_WaitAsk                         0x080011c3   Thumb Code   110  i2c_soft.o(.text)
    I2c_Soft_SendByte                        0x08001231   Thumb Code   106  i2c_soft.o(.text)
    I2c_Soft_ReadByte                        0x0800129b   Thumb Code   118  i2c_soft.o(.text)
    IIC_Write_1Byte                          0x08001311   Thumb Code    62  i2c_soft.o(.text)
    IIC_Read_1Byte                           0x0800134f   Thumb Code    80  i2c_soft.o(.text)
    IIC_Write_nByte                          0x0800139f   Thumb Code    78  i2c_soft.o(.text)
    IIC_Read_nByte                           0x080013ed   Thumb Code   116  i2c_soft.o(.text)
    ANO_AK8975_Run                           0x08001461   Thumb Code    22  ak8975.o(.text)
    XYZ_STRUCT_COPY                          0x08001477   Thumb Code    18  ak8975.o(.text)
    delay                                    0x08001489   Thumb Code    18  ak8975.o(.text)
    ANO_AK8975_Read_Mag_Data                 0x0800149b   Thumb Code   232  ak8975.o(.text)
    ANO_AK8975_Get_Mag                       0x08001583   Thumb Code    12  ak8975.o(.text)
    ANO_AK8975_CalOffset_Mag                 0x0800158f   Thumb Code   604  ak8975.o(.text)
    ANO_AK8975_Read                          0x080017eb   Thumb Code     8  ak8975.o(.text)
    MPU6050_Read                             0x08001811   Thumb Code   130  mpu6050.o(.text)
    IICwriteBit                              0x08001893   Thumb Code    78  mpu6050.o(.text)
    IICwriteBits                             0x080018e1   Thumb Code   102  mpu6050.o(.text)
    MPU6050_set_SMPLRT_DIV                   0x08001947   Thumb Code    28  mpu6050.o(.text)
    MPU6050_setClockSource                   0x08001963   Thumb Code    20  mpu6050.o(.text)
    MPU6050_setFullScaleGyroRange            0x08001977   Thumb Code    36  mpu6050.o(.text)
    MPU6050_setFullScaleAccelRange           0x0800199b   Thumb Code    36  mpu6050.o(.text)
    MPU6050_setSleepEnabled                  0x080019bf   Thumb Code    18  mpu6050.o(.text)
    MPU6050_setI2CMasterModeEnabled          0x080019d1   Thumb Code    18  mpu6050.o(.text)
    MPU6050_setI2CBypassEnabled              0x080019e3   Thumb Code    18  mpu6050.o(.text)
    MPU6050_setDLPF                          0x080019f5   Thumb Code    20  mpu6050.o(.text)
    MPU6050_INT_Config                       0x08001a09   Thumb Code     2  mpu6050.o(.text)
    Delay_ms                                 0x08001a0b   Thumb Code    26  mpu6050.o(.text)
    MPU6050_Init                             0x08001a25   Thumb Code   188  mpu6050.o(.text)
    MPU6050_Data_Offset                      0x08001ae1   Thumb Code   548  mpu6050.o(.text)
    Transform                                0x08001d05   Thumb Code    14  mpu6050.o(.text)
    MPU6050_Data_Prepare                     0x08001d13   Thumb Code   168  mpu6050.o(.text)
    my_abs                                   0x08001dd5   Thumb Code    24  mymath.o(.text)
    fast_atan2                               0x08001ded   Thumb Code   344  mymath.o(.text)
    my_atan                                  0x08001f45   Thumb Code    16  mymath.o(.text)
    my_sqrt                                  0x08001f55   Thumb Code   114  mymath.o(.text)
    mx_sin                                   0x08001fc7   Thumb Code   228  mymath.o(.text)
    my_sin                                   0x080020ab   Thumb Code    78  mymath.o(.text)
    my_cos                                   0x080020f9   Thumb Code   102  mymath.o(.text)
    my_deadzone_p                            0x0800215f   Thumb Code    46  mymath.o(.text)
    my_deadzone_n                            0x0800218d   Thumb Code    46  mymath.o(.text)
    my_deathzoom                             0x080021bb   Thumb Code    72  mymath.o(.text)
    my_deathzoom_2                           0x08002203   Thumb Code   118  mymath.o(.text)
    To_180_degrees_db                        0x08002279   Thumb Code    68  mymath.o(.text)
    To_180_degrees                           0x080022bd   Thumb Code    48  mymath.o(.text)
    linear_interpolation_5                   0x080022ed   Thumb Code   266  mymath.o(.text)
    simple_3d_trans                          0x08002411   Thumb Code   252  imu.o(.text)
    IMUupdate                                0x0800250d   Thumb Code  3332  imu.o(.text)
    NVIC_PriorityGroupConfig                 0x08003225   Thumb Code    10  misc.o(.text)
    NVIC_Init                                0x0800322f   Thumb Code   100  misc.o(.text)
    NVIC_SetVectorTable                      0x08003293   Thumb Code    14  misc.o(.text)
    NVIC_SystemLPConfig                      0x080032a1   Thumb Code    34  misc.o(.text)
    SysTick_CLKSourceConfig                  0x080032c3   Thumb Code    40  misc.o(.text)
    GPIO_DeInit                              0x08003301   Thumb Code   172  stm32f10x_gpio.o(.text)
    GPIO_AFIODeInit                          0x080033ad   Thumb Code    20  stm32f10x_gpio.o(.text)
    GPIO_Init                                0x080033c1   Thumb Code   278  stm32f10x_gpio.o(.text)
    GPIO_StructInit                          0x080034d7   Thumb Code    16  stm32f10x_gpio.o(.text)
    GPIO_ReadInputDataBit                    0x080034e7   Thumb Code    18  stm32f10x_gpio.o(.text)
    GPIO_ReadInputData                       0x080034f9   Thumb Code     8  stm32f10x_gpio.o(.text)
    GPIO_ReadOutputDataBit                   0x08003501   Thumb Code    18  stm32f10x_gpio.o(.text)
    GPIO_ReadOutputData                      0x08003513   Thumb Code     8  stm32f10x_gpio.o(.text)
    GPIO_SetBits                             0x0800351b   Thumb Code     4  stm32f10x_gpio.o(.text)
    GPIO_ResetBits                           0x0800351f   Thumb Code     4  stm32f10x_gpio.o(.text)
    GPIO_WriteBit                            0x08003523   Thumb Code    10  stm32f10x_gpio.o(.text)
    GPIO_Write                               0x0800352d   Thumb Code     4  stm32f10x_gpio.o(.text)
    GPIO_PinLockConfig                       0x08003531   Thumb Code    18  stm32f10x_gpio.o(.text)
    GPIO_EventOutputConfig                   0x08003543   Thumb Code    26  stm32f10x_gpio.o(.text)
    GPIO_EventOutputCmd                      0x0800355d   Thumb Code     6  stm32f10x_gpio.o(.text)
    GPIO_PinRemapConfig                      0x08003563   Thumb Code   138  stm32f10x_gpio.o(.text)
    GPIO_EXTILineConfig                      0x080035ed   Thumb Code    66  stm32f10x_gpio.o(.text)
    GPIO_ETH_MediaInterfaceConfig            0x0800362f   Thumb Code     8  stm32f10x_gpio.o(.text)
    RCC_DeInit                               0x0800365d   Thumb Code    64  stm32f10x_rcc.o(.text)
    RCC_HSEConfig                            0x0800369d   Thumb Code    70  stm32f10x_rcc.o(.text)
    RCC_GetFlagStatus                        0x080036e3   Thumb Code    56  stm32f10x_rcc.o(.text)
    RCC_WaitForHSEStartUp                    0x0800371b   Thumb Code    56  stm32f10x_rcc.o(.text)
    RCC_AdjustHSICalibrationValue            0x08003753   Thumb Code    20  stm32f10x_rcc.o(.text)
    RCC_HSICmd                               0x08003767   Thumb Code     6  stm32f10x_rcc.o(.text)
    RCC_PLLConfig                            0x0800376d   Thumb Code    24  stm32f10x_rcc.o(.text)
    RCC_PLLCmd                               0x08003785   Thumb Code     6  stm32f10x_rcc.o(.text)
    RCC_SYSCLKConfig                         0x0800378b   Thumb Code    18  stm32f10x_rcc.o(.text)
    RCC_GetSYSCLKSource                      0x0800379d   Thumb Code    10  stm32f10x_rcc.o(.text)
    RCC_HCLKConfig                           0x080037a7   Thumb Code    18  stm32f10x_rcc.o(.text)
    RCC_PCLK1Config                          0x080037b9   Thumb Code    18  stm32f10x_rcc.o(.text)
    RCC_PCLK2Config                          0x080037cb   Thumb Code    20  stm32f10x_rcc.o(.text)
    RCC_ITConfig                             0x080037df   Thumb Code    26  stm32f10x_rcc.o(.text)
    RCC_USBCLKConfig                         0x080037f9   Thumb Code     8  stm32f10x_rcc.o(.text)
    RCC_ADCCLKConfig                         0x08003801   Thumb Code    18  stm32f10x_rcc.o(.text)
    RCC_LSEConfig                            0x08003813   Thumb Code    50  stm32f10x_rcc.o(.text)
    RCC_LSICmd                               0x08003845   Thumb Code     6  stm32f10x_rcc.o(.text)
    RCC_RTCCLKConfig                         0x0800384b   Thumb Code    12  stm32f10x_rcc.o(.text)
    RCC_RTCCLKCmd                            0x08003857   Thumb Code     8  stm32f10x_rcc.o(.text)
    RCC_GetClocksFreq                        0x0800385f   Thumb Code   192  stm32f10x_rcc.o(.text)
    RCC_AHBPeriphClockCmd                    0x0800391f   Thumb Code    26  stm32f10x_rcc.o(.text)
    RCC_APB2PeriphClockCmd                   0x08003939   Thumb Code    26  stm32f10x_rcc.o(.text)
    RCC_APB1PeriphClockCmd                   0x08003953   Thumb Code    26  stm32f10x_rcc.o(.text)
    RCC_APB2PeriphResetCmd                   0x0800396d   Thumb Code    26  stm32f10x_rcc.o(.text)
    RCC_APB1PeriphResetCmd                   0x08003987   Thumb Code    26  stm32f10x_rcc.o(.text)
    RCC_BackupResetCmd                       0x080039a1   Thumb Code     8  stm32f10x_rcc.o(.text)
    RCC_ClockSecuritySystemCmd               0x080039a9   Thumb Code     6  stm32f10x_rcc.o(.text)
    RCC_MCOConfig                            0x080039af   Thumb Code     6  stm32f10x_rcc.o(.text)
    RCC_ClearFlag                            0x080039b5   Thumb Code    14  stm32f10x_rcc.o(.text)
    RCC_GetITStatus                          0x080039c3   Thumb Code    20  stm32f10x_rcc.o(.text)
    RCC_ClearITPendingBit                    0x080039d7   Thumb Code     6  stm32f10x_rcc.o(.text)
    USART_DeInit                             0x08003a01   Thumb Code   134  stm32f10x_usart.o(.text)
    USART_Init                               0x08003a87   Thumb Code   210  stm32f10x_usart.o(.text)
    USART_StructInit                         0x08003b59   Thumb Code    24  stm32f10x_usart.o(.text)
    USART_ClockInit                          0x08003b71   Thumb Code    34  stm32f10x_usart.o(.text)
    USART_ClockStructInit                    0x08003b93   Thumb Code    12  stm32f10x_usart.o(.text)
    USART_Cmd                                0x08003b9f   Thumb Code    24  stm32f10x_usart.o(.text)
    USART_ITConfig                           0x08003bb7   Thumb Code    74  stm32f10x_usart.o(.text)
    USART_DMACmd                             0x08003c01   Thumb Code    18  stm32f10x_usart.o(.text)
    USART_SetAddress                         0x08003c13   Thumb Code    18  stm32f10x_usart.o(.text)
    USART_WakeUpConfig                       0x08003c25   Thumb Code    18  stm32f10x_usart.o(.text)
    USART_ReceiverWakeUpCmd                  0x08003c37   Thumb Code    24  stm32f10x_usart.o(.text)
    USART_LINBreakDetectLengthConfig         0x08003c4f   Thumb Code    18  stm32f10x_usart.o(.text)
    USART_LINCmd                             0x08003c61   Thumb Code    24  stm32f10x_usart.o(.text)
    USART_SendData                           0x08003c79   Thumb Code     8  stm32f10x_usart.o(.text)
    USART_ReceiveData                        0x08003c81   Thumb Code    10  stm32f10x_usart.o(.text)
    USART_SendBreak                          0x08003c8b   Thumb Code    10  stm32f10x_usart.o(.text)
    USART_SetGuardTime                       0x08003c95   Thumb Code    16  stm32f10x_usart.o(.text)
    USART_SetPrescaler                       0x08003ca5   Thumb Code    16  stm32f10x_usart.o(.text)
    USART_SmartCardCmd                       0x08003cb5   Thumb Code    24  stm32f10x_usart.o(.text)
    USART_SmartCardNACKCmd                   0x08003ccd   Thumb Code    24  stm32f10x_usart.o(.text)
    USART_HalfDuplexCmd                      0x08003ce5   Thumb Code    24  stm32f10x_usart.o(.text)
    USART_OverSampling8Cmd                   0x08003cfd   Thumb Code    22  stm32f10x_usart.o(.text)
    USART_OneBitMethodCmd                    0x08003d13   Thumb Code    24  stm32f10x_usart.o(.text)
    USART_IrDAConfig                         0x08003d2b   Thumb Code    18  stm32f10x_usart.o(.text)
    USART_IrDACmd                            0x08003d3d   Thumb Code    24  stm32f10x_usart.o(.text)
    USART_GetFlagStatus                      0x08003d55   Thumb Code    26  stm32f10x_usart.o(.text)
    USART_ClearFlag                          0x08003d6f   Thumb Code    18  stm32f10x_usart.o(.text)
    USART_GetITStatus                        0x08003d81   Thumb Code    84  stm32f10x_usart.o(.text)
    USART_ClearITPendingBit                  0x08003dd5   Thumb Code    52  stm32f10x_usart.o(.text)
    TIM_DeInit                               0x08003e09   Thumb Code   424  stm32f10x_tim.o(.text)
    TIM_TimeBaseInit                         0x08003fb1   Thumb Code   122  stm32f10x_tim.o(.text)
    TIM_OC1Init                              0x0800402b   Thumb Code   132  stm32f10x_tim.o(.text)
    TIM_OC2Init                              0x080040af   Thumb Code   154  stm32f10x_tim.o(.text)
    TIM_OC3Init                              0x08004149   Thumb Code   150  stm32f10x_tim.o(.text)
    TIM_OC4Init                              0x080041df   Thumb Code   182  stm32f10x_tim.o(.text)
    TIM_SetIC4Prescaler                      0x08004295   Thumb Code    26  stm32f10x_tim.o(.text)
    TIM_SetIC3Prescaler                      0x08004331   Thumb Code    18  stm32f10x_tim.o(.text)
    TIM_SetIC2Prescaler                      0x080043bd   Thumb Code    26  stm32f10x_tim.o(.text)
    TIM_SetIC1Prescaler                      0x08004459   Thumb Code    18  stm32f10x_tim.o(.text)
    TIM_ICInit                               0x080044d7   Thumb Code   150  stm32f10x_tim.o(.text)
    TIM_PWMIConfig                           0x0800456d   Thumb Code   124  stm32f10x_tim.o(.text)
    TIM_BDTRConfig                           0x080045e9   Thumb Code    32  stm32f10x_tim.o(.text)
    TIM_TimeBaseStructInit                   0x08004609   Thumb Code    18  stm32f10x_tim.o(.text)
    TIM_OCStructInit                         0x0800461b   Thumb Code    20  stm32f10x_tim.o(.text)
    TIM_ICStructInit                         0x0800462f   Thumb Code    18  stm32f10x_tim.o(.text)
    TIM_BDTRStructInit                       0x08004641   Thumb Code    40  stm32f10x_tim.o(.text)
    TIM_Cmd                                  0x08004669   Thumb Code    24  stm32f10x_tim.o(.text)
    TIM_CtrlPWMOutputs                       0x08004681   Thumb Code    30  stm32f10x_tim.o(.text)
    TIM_ITConfig                             0x0800469f   Thumb Code    18  stm32f10x_tim.o(.text)
    TIM_GenerateEvent                        0x080046b1   Thumb Code     4  stm32f10x_tim.o(.text)
    TIM_DMAConfig                            0x080046b5   Thumb Code    10  stm32f10x_tim.o(.text)
    TIM_DMACmd                               0x080046bf   Thumb Code    18  stm32f10x_tim.o(.text)
    TIM_InternalClockConfig                  0x080046d1   Thumb Code    12  stm32f10x_tim.o(.text)
    TIM_SelectInputTrigger                   0x080046dd   Thumb Code    18  stm32f10x_tim.o(.text)
    TIM_ITRxExternalClockConfig              0x080046ef   Thumb Code    24  stm32f10x_tim.o(.text)
    TIM_TIxExternalClockConfig               0x08004707   Thumb Code    62  stm32f10x_tim.o(.text)
    TIM_ETRConfig                            0x08004745   Thumb Code    28  stm32f10x_tim.o(.text)
    TIM_ETRClockMode1Config                  0x08004761   Thumb Code    54  stm32f10x_tim.o(.text)
    TIM_ETRClockMode2Config                  0x08004797   Thumb Code    32  stm32f10x_tim.o(.text)
    TIM_PrescalerConfig                      0x080047b7   Thumb Code     6  stm32f10x_tim.o(.text)
    TIM_CounterModeConfig                    0x080047bd   Thumb Code    18  stm32f10x_tim.o(.text)
    TIM_EncoderInterfaceConfig               0x080047cf   Thumb Code    66  stm32f10x_tim.o(.text)
    TIM_ForcedOC1Config                      0x08004811   Thumb Code    18  stm32f10x_tim.o(.text)
    TIM_ForcedOC2Config                      0x08004823   Thumb Code    26  stm32f10x_tim.o(.text)
    TIM_ForcedOC3Config                      0x0800483d   Thumb Code    18  stm32f10x_tim.o(.text)
    TIM_ForcedOC4Config                      0x0800484f   Thumb Code    26  stm32f10x_tim.o(.text)
    TIM_ARRPreloadConfig                     0x08004869   Thumb Code    24  stm32f10x_tim.o(.text)
    TIM_SelectCOM                            0x08004881   Thumb Code    24  stm32f10x_tim.o(.text)
    TIM_SelectCCDMA                          0x08004899   Thumb Code    24  stm32f10x_tim.o(.text)
    TIM_CCPreloadControl                     0x080048b1   Thumb Code    24  stm32f10x_tim.o(.text)
    TIM_OC1PreloadConfig                     0x080048c9   Thumb Code    18  stm32f10x_tim.o(.text)
    TIM_OC2PreloadConfig                     0x080048db   Thumb Code    26  stm32f10x_tim.o(.text)
    TIM_OC3PreloadConfig                     0x080048f5   Thumb Code    18  stm32f10x_tim.o(.text)
    TIM_OC4PreloadConfig                     0x08004907   Thumb Code    26  stm32f10x_tim.o(.text)
    TIM_OC1FastConfig                        0x08004921   Thumb Code    18  stm32f10x_tim.o(.text)
    TIM_OC2FastConfig                        0x08004933   Thumb Code    26  stm32f10x_tim.o(.text)
    TIM_OC3FastConfig                        0x0800494d   Thumb Code    18  stm32f10x_tim.o(.text)
    TIM_OC4FastConfig                        0x0800495f   Thumb Code    26  stm32f10x_tim.o(.text)
    TIM_ClearOC1Ref                          0x08004979   Thumb Code    18  stm32f10x_tim.o(.text)
    TIM_ClearOC2Ref                          0x0800498b   Thumb Code    24  stm32f10x_tim.o(.text)
    TIM_ClearOC3Ref                          0x080049a3   Thumb Code    18  stm32f10x_tim.o(.text)
    TIM_ClearOC4Ref                          0x080049b5   Thumb Code    24  stm32f10x_tim.o(.text)
    TIM_OC1PolarityConfig                    0x080049cd   Thumb Code    18  stm32f10x_tim.o(.text)
    TIM_OC1NPolarityConfig                   0x080049df   Thumb Code    18  stm32f10x_tim.o(.text)
    TIM_OC2PolarityConfig                    0x080049f1   Thumb Code    26  stm32f10x_tim.o(.text)
    TIM_OC2NPolarityConfig                   0x08004a0b   Thumb Code    26  stm32f10x_tim.o(.text)
    TIM_OC3PolarityConfig                    0x08004a25   Thumb Code    26  stm32f10x_tim.o(.text)
    TIM_OC3NPolarityConfig                   0x08004a3f   Thumb Code    26  stm32f10x_tim.o(.text)
    TIM_OC4PolarityConfig                    0x08004a59   Thumb Code    26  stm32f10x_tim.o(.text)
    TIM_CCxCmd                               0x08004a73   Thumb Code    30  stm32f10x_tim.o(.text)
    TIM_CCxNCmd                              0x08004a91   Thumb Code    30  stm32f10x_tim.o(.text)
    TIM_SelectOCxM                           0x08004aaf   Thumb Code    82  stm32f10x_tim.o(.text)
    TIM_UpdateDisableConfig                  0x08004b01   Thumb Code    24  stm32f10x_tim.o(.text)
    TIM_UpdateRequestConfig                  0x08004b19   Thumb Code    24  stm32f10x_tim.o(.text)
    TIM_SelectHallSensor                     0x08004b31   Thumb Code    24  stm32f10x_tim.o(.text)
    TIM_SelectOnePulseMode                   0x08004b49   Thumb Code    18  stm32f10x_tim.o(.text)
    TIM_SelectOutputTrigger                  0x08004b5b   Thumb Code    18  stm32f10x_tim.o(.text)
    TIM_SelectSlaveMode                      0x08004b6d   Thumb Code    18  stm32f10x_tim.o(.text)
    TIM_SelectMasterSlaveMode                0x08004b7f   Thumb Code    18  stm32f10x_tim.o(.text)
    TIM_SetCounter                           0x08004b91   Thumb Code     4  stm32f10x_tim.o(.text)
    TIM_SetAutoreload                        0x08004b95   Thumb Code     4  stm32f10x_tim.o(.text)
    TIM_SetCompare1                          0x08004b99   Thumb Code     4  stm32f10x_tim.o(.text)
    TIM_SetCompare2                          0x08004b9d   Thumb Code     4  stm32f10x_tim.o(.text)
    TIM_SetCompare3                          0x08004ba1   Thumb Code     4  stm32f10x_tim.o(.text)
    TIM_SetCompare4                          0x08004ba5   Thumb Code     6  stm32f10x_tim.o(.text)
    TIM_SetClockDivision                     0x08004bab   Thumb Code    18  stm32f10x_tim.o(.text)
    TIM_GetCapture1                          0x08004bbd   Thumb Code     6  stm32f10x_tim.o(.text)
    TIM_GetCapture2                          0x08004bc3   Thumb Code     6  stm32f10x_tim.o(.text)
    TIM_GetCapture3                          0x08004bc9   Thumb Code     6  stm32f10x_tim.o(.text)
    TIM_GetCapture4                          0x08004bcf   Thumb Code     8  stm32f10x_tim.o(.text)
    TIM_GetCounter                           0x08004bd7   Thumb Code     6  stm32f10x_tim.o(.text)
    TIM_GetPrescaler                         0x08004bdd   Thumb Code     6  stm32f10x_tim.o(.text)
    TIM_GetFlagStatus                        0x08004be3   Thumb Code    18  stm32f10x_tim.o(.text)
    TIM_ClearFlag                            0x08004bf5   Thumb Code     6  stm32f10x_tim.o(.text)
    TIM_GetITStatus                          0x08004bfb   Thumb Code    34  stm32f10x_tim.o(.text)
    TIM_ClearITPendingBit                    0x08004c1d   Thumb Code     6  stm32f10x_tim.o(.text)
    Reset_Handler                            0x08004c25   Thumb Code     8  startup_stm32f10x_hd.o(.text)
    ADC1_2_IRQHandler                        0x08004c3f   Thumb Code     0  startup_stm32f10x_hd.o(.text)
    ADC3_IRQHandler                          0x08004c3f   Thumb Code     0  startup_stm32f10x_hd.o(.text)
    CAN1_RX1_IRQHandler                      0x08004c3f   Thumb Code     0  startup_stm32f10x_hd.o(.text)
    CAN1_SCE_IRQHandler                      0x08004c3f   Thumb Code     0  startup_stm32f10x_hd.o(.text)
    DMA1_Channel1_IRQHandler                 0x08004c3f   Thumb Code     0  startup_stm32f10x_hd.o(.text)
    DMA1_Channel2_IRQHandler                 0x08004c3f   Thumb Code     0  startup_stm32f10x_hd.o(.text)
    DMA1_Channel3_IRQHandler                 0x08004c3f   Thumb Code     0  startup_stm32f10x_hd.o(.text)
    DMA1_Channel4_IRQHandler                 0x08004c3f   Thumb Code     0  startup_stm32f10x_hd.o(.text)
    DMA1_Channel5_IRQHandler                 0x08004c3f   Thumb Code     0  startup_stm32f10x_hd.o(.text)
    DMA1_Channel6_IRQHandler                 0x08004c3f   Thumb Code     0  startup_stm32f10x_hd.o(.text)
    DMA1_Channel7_IRQHandler                 0x08004c3f   Thumb Code     0  startup_stm32f10x_hd.o(.text)
    DMA2_Channel1_IRQHandler                 0x08004c3f   Thumb Code     0  startup_stm32f10x_hd.o(.text)
    DMA2_Channel2_IRQHandler                 0x08004c3f   Thumb Code     0  startup_stm32f10x_hd.o(.text)
    DMA2_Channel3_IRQHandler                 0x08004c3f   Thumb Code     0  startup_stm32f10x_hd.o(.text)
    DMA2_Channel4_5_IRQHandler               0x08004c3f   Thumb Code     0  startup_stm32f10x_hd.o(.text)
    EXTI0_IRQHandler                         0x08004c3f   Thumb Code     0  startup_stm32f10x_hd.o(.text)
    EXTI15_10_IRQHandler                     0x08004c3f   Thumb Code     0  startup_stm32f10x_hd.o(.text)
    EXTI1_IRQHandler                         0x08004c3f   Thumb Code     0  startup_stm32f10x_hd.o(.text)
    EXTI2_IRQHandler                         0x08004c3f   Thumb Code     0  startup_stm32f10x_hd.o(.text)
    EXTI3_IRQHandler                         0x08004c3f   Thumb Code     0  startup_stm32f10x_hd.o(.text)
    EXTI4_IRQHandler                         0x08004c3f   Thumb Code     0  startup_stm32f10x_hd.o(.text)
    EXTI9_5_IRQHandler                       0x08004c3f   Thumb Code     0  startup_stm32f10x_hd.o(.text)
    FLASH_IRQHandler                         0x08004c3f   Thumb Code     0  startup_stm32f10x_hd.o(.text)
    FSMC_IRQHandler                          0x08004c3f   Thumb Code     0  startup_stm32f10x_hd.o(.text)
    I2C1_ER_IRQHandler                       0x08004c3f   Thumb Code     0  startup_stm32f10x_hd.o(.text)
    I2C1_EV_IRQHandler                       0x08004c3f   Thumb Code     0  startup_stm32f10x_hd.o(.text)
    I2C2_ER_IRQHandler                       0x08004c3f   Thumb Code     0  startup_stm32f10x_hd.o(.text)
    I2C2_EV_IRQHandler                       0x08004c3f   Thumb Code     0  startup_stm32f10x_hd.o(.text)
    PVD_IRQHandler                           0x08004c3f   Thumb Code     0  startup_stm32f10x_hd.o(.text)
    RCC_IRQHandler                           0x08004c3f   Thumb Code     0  startup_stm32f10x_hd.o(.text)
    RTCAlarm_IRQHandler                      0x08004c3f   Thumb Code     0  startup_stm32f10x_hd.o(.text)
    RTC_IRQHandler                           0x08004c3f   Thumb Code     0  startup_stm32f10x_hd.o(.text)
    SDIO_IRQHandler                          0x08004c3f   Thumb Code     0  startup_stm32f10x_hd.o(.text)
    SPI1_IRQHandler                          0x08004c3f   Thumb Code     0  startup_stm32f10x_hd.o(.text)
    SPI2_IRQHandler                          0x08004c3f   Thumb Code     0  startup_stm32f10x_hd.o(.text)
    SPI3_IRQHandler                          0x08004c3f   Thumb Code     0  startup_stm32f10x_hd.o(.text)
    TAMPER_IRQHandler                        0x08004c3f   Thumb Code     0  startup_stm32f10x_hd.o(.text)
    TIM1_BRK_IRQHandler                      0x08004c3f   Thumb Code     0  startup_stm32f10x_hd.o(.text)
    TIM1_CC_IRQHandler                       0x08004c3f   Thumb Code     0  startup_stm32f10x_hd.o(.text)
    TIM1_TRG_COM_IRQHandler                  0x08004c3f   Thumb Code     0  startup_stm32f10x_hd.o(.text)
    TIM1_UP_IRQHandler                       0x08004c3f   Thumb Code     0  startup_stm32f10x_hd.o(.text)
    TIM3_IRQHandler                          0x08004c3f   Thumb Code     0  startup_stm32f10x_hd.o(.text)
    TIM4_IRQHandler                          0x08004c3f   Thumb Code     0  startup_stm32f10x_hd.o(.text)
    TIM5_IRQHandler                          0x08004c3f   Thumb Code     0  startup_stm32f10x_hd.o(.text)
    TIM6_IRQHandler                          0x08004c3f   Thumb Code     0  startup_stm32f10x_hd.o(.text)
    TIM7_IRQHandler                          0x08004c3f   Thumb Code     0  startup_stm32f10x_hd.o(.text)
    TIM8_BRK_IRQHandler                      0x08004c3f   Thumb Code     0  startup_stm32f10x_hd.o(.text)
    TIM8_CC_IRQHandler                       0x08004c3f   Thumb Code     0  startup_stm32f10x_hd.o(.text)
    TIM8_TRG_COM_IRQHandler                  0x08004c3f   Thumb Code     0  startup_stm32f10x_hd.o(.text)
    TIM8_UP_IRQHandler                       0x08004c3f   Thumb Code     0  startup_stm32f10x_hd.o(.text)
    UART4_IRQHandler                         0x08004c3f   Thumb Code     0  startup_stm32f10x_hd.o(.text)
    UART5_IRQHandler                         0x08004c3f   Thumb Code     0  startup_stm32f10x_hd.o(.text)
    USART2_IRQHandler                        0x08004c3f   Thumb Code     0  startup_stm32f10x_hd.o(.text)
    USART3_IRQHandler                        0x08004c3f   Thumb Code     0  startup_stm32f10x_hd.o(.text)
    USBWakeUp_IRQHandler                     0x08004c3f   Thumb Code     0  startup_stm32f10x_hd.o(.text)
    USB_HP_CAN1_TX_IRQHandler                0x08004c3f   Thumb Code     0  startup_stm32f10x_hd.o(.text)
    USB_LP_CAN1_RX0_IRQHandler               0x08004c3f   Thumb Code     0  startup_stm32f10x_hd.o(.text)
    WWDG_IRQHandler                          0x08004c3f   Thumb Code     0  startup_stm32f10x_hd.o(.text)
    SystemInit                               0x08004d27   Thumb Code    78  system_stm32f10x.o(.text)
    SystemCoreClockUpdate                    0x08004d75   Thumb Code   142  system_stm32f10x.o(.text)
    __aeabi_memset                           0x08004e29   Thumb Code    14  memseta.o(.text)
    __aeabi_memset4                          0x08004e29   Thumb Code     0  memseta.o(.text)
    __aeabi_memset8                          0x08004e29   Thumb Code     0  memseta.o(.text)
    __aeabi_memclr                           0x08004e37   Thumb Code     4  memseta.o(.text)
    __aeabi_memclr4                          0x08004e37   Thumb Code     0  memseta.o(.text)
    __aeabi_memclr8                          0x08004e37   Thumb Code     0  memseta.o(.text)
    _memset$wrapper                          0x08004e3b   Thumb Code    18  memseta.o(.text)
    __aeabi_fadd                             0x08004e4d   Thumb Code   164  fadd.o(.text)
    __aeabi_fsub                             0x08004ef1   Thumb Code     6  fadd.o(.text)
    __aeabi_frsub                            0x08004ef7   Thumb Code     6  fadd.o(.text)
    __aeabi_fmul                             0x08004efd   Thumb Code   100  fmul.o(.text)
    __aeabi_fdiv                             0x08004f61   Thumb Code   124  fdiv.o(.text)
    __aeabi_dadd                             0x08004fdd   Thumb Code   322  dadd.o(.text)
    __aeabi_dsub                             0x0800511f   Thumb Code     6  dadd.o(.text)
    __aeabi_drsub                            0x08005125   Thumb Code     6  dadd.o(.text)
    __aeabi_dmul                             0x0800512b   Thumb Code   228  dmul.o(.text)
    __aeabi_i2f                              0x0800520f   Thumb Code    18  fflti.o(.text)
    __aeabi_i2d                              0x08005221   Thumb Code    34  dflti.o(.text)
    __aeabi_f2iz                             0x08005243   Thumb Code    50  ffixi.o(.text)
    __aeabi_f2d                              0x08005275   Thumb Code    38  f2d.o(.text)
    __aeabi_cdcmpeq                          0x0800529d   Thumb Code     0  cdcmple.o(.text)
    __aeabi_cdcmple                          0x0800529d   Thumb Code    38  cdcmple.o(.text)
    __aeabi_cdrcmple                         0x080052c5   Thumb Code    38  cdrcmple.o(.text)
    __aeabi_d2f                              0x080052ed   Thumb Code    56  d2f.o(.text)
    __aeabi_cfcmpeq                          0x08005325   Thumb Code     0  cfcmple.o(.text)
    __aeabi_cfcmple                          0x08005325   Thumb Code    20  cfcmple.o(.text)
    __aeabi_cfrcmple                         0x08005339   Thumb Code    20  cfrcmple.o(.text)
    __aeabi_uidiv                            0x0800534d   Thumb Code     0  uidiv.o(.text)
    __aeabi_uidivmod                         0x0800534d   Thumb Code    44  uidiv.o(.text)
    __aeabi_llsl                             0x08005379   Thumb Code    30  llshl.o(.text)
    _ll_shift_l                              0x08005379   Thumb Code     0  llshl.o(.text)
    __aeabi_lasr                             0x08005397   Thumb Code    36  llsshr.o(.text)
    _ll_sshift_r                             0x08005397   Thumb Code     0  llsshr.o(.text)
    __I$use$fp                               0x080053bb   Thumb Code     0  iusefp.o(.text)
    _float_round                             0x080053bb   Thumb Code    18  fepilogue.o(.text)
    _float_epilogue                          0x080053cd   Thumb Code    92  fepilogue.o(.text)
    _double_round                            0x08005429   Thumb Code    26  depilogue.o(.text)
    _double_epilogue                         0x08005443   Thumb Code   156  depilogue.o(.text)
    __aeabi_ddiv                             0x080054df   Thumb Code   222  ddiv.o(.text)
    __ARM_scalbn                             0x080055bd   Thumb Code    46  dscalb.o(.text)
    scalbn                                   0x080055bd   Thumb Code     0  dscalb.o(.text)
    __scatterload                            0x080055ed   Thumb Code    28  init.o(.text)
    __scatterload_rt2                        0x080055ed   Thumb Code     0  init.o(.text)
    __aeabi_llsr                             0x08005611   Thumb Code    32  llushr.o(.text)
    _ll_ushift_r                             0x08005611   Thumb Code     0  llushr.o(.text)
    _dsqrt                                   0x08005631   Thumb Code   162  dsqrt.o(.text)
    __decompress                             0x080056d3   Thumb Code     0  __dczerorl2.o(.text)
    __decompress1                            0x080056d3   Thumb Code    86  __dczerorl2.o(.text)
    __0printf$1                              0x08005729   Thumb Code    22  printf1.o(i.__0printf$1)
    __1printf$1                              0x08005729   Thumb Code     0  printf1.o(i.__0printf$1)
    __2printf                                0x08005729   Thumb Code     0  printf1.o(i.__0printf$1)
    __ARM_fpclassify                         0x08005749   Thumb Code    40  fpclassify.o(i.__ARM_fpclassify)
    __kernel_poly                            0x08005771   Thumb Code   170  poly.o(i.__kernel_poly)
    __mathlib_dbl_underflow                  0x0800581d   Thumb Code    10  dunder.o(i.__mathlib_dbl_underflow)
    __scatterload_copy                       0x0800582d   Thumb Code    14  handlers.o(i.__scatterload_copy)
    __scatterload_null                       0x0800583b   Thumb Code     2  handlers.o(i.__scatterload_null)
    __scatterload_zeroinit                   0x0800583d   Thumb Code    14  handlers.o(i.__scatterload_zeroinit)
    __set_errno                              0x0800584d   Thumb Code     6  errno.o(i.__set_errno)
    asin                                     0x080059ad   Thumb Code   584  asin.o(i.asin)
    sqrt                                     0x08005c29   Thumb Code    76  sqrt.o(i.sqrt)
    Region$$Table$$Base                      0x08005cc8   Number         0  anon$$obj.o(Region$$Table)
    Region$$Table$$Limit                     0x08005ce8   Number         0  anon$$obj.o(Region$$Table)
    SYS_1MS_FLAG                             0x20000000   Data           1  main.o(.data)
    SYS_10MS_FLAG                            0x20000001   Data           1  main.o(.data)
    SYS_15MS_FLAG                            0x20000002   Data           1  main.o(.data)
    SYS_20MS_FLAG                            0x20000003   Data           1  main.o(.data)
    SYS_50MS_FLAG                            0x20000004   Data           1  main.o(.data)
    SYS_100MS_FLAG                           0x20000005   Data           1  main.o(.data)
    SYS_1000MS_FLAG                          0x20000006   Data           1  main.o(.data)
    Sensor_Acc_Calibrate_In                  0x20000007   Data           1  main.o(.data)
    Sensor_Gyo_Calibrate_In                  0x20000008   Data           1  main.o(.data)
    Sensor_Mag_Calibrate_In                  0x20000009   Data           1  main.o(.data)
    Imu_Start_Flag                           0x2000000a   Data           1  main.o(.data)
    Acc_Offset                               0x2000000c   Data           6  main.o(.data)
    Gyo_Offset                               0x20000012   Data           6  main.o(.data)
    Mag_Max                                  0x20000018   Data           6  main.o(.data)
    Mag_Min                                  0x2000001e   Data           6  main.o(.data)
    Mag_Offset                               0x20000024   Data           6  main.o(.data)
    I2C_FastMode                             0x2000004c   Data           1  i2c_soft.o(.data)
    ak8975                                   0x20000050   Data          44  ak8975.o(.data)
    ak8975_ok                                0x2000007c   Data           1  ak8975.o(.data)
    Mag_CALIBRATED                           0x2000007d   Data           1  ak8975.o(.data)
    mpu6050_ok                               0x2000009c   Data           1  mpu6050.o(.data)
    acc_sum_cnt                              0x2000009e   Data           2  mpu6050.o(.data)
    gyro_sum_cnt                             0x200000a0   Data           2  mpu6050.o(.data)
    filter_cnt                               0x200000a2   Data           1  mpu6050.o(.data)
    filter_cnt_old                           0x200000a3   Data           1  mpu6050.o(.data)
    test_ang                                 0x200000a4   Data           4  mpu6050.o(.data)
    test_ang_old                             0x200000a8   Data           4  mpu6050.o(.data)
    test_ang_d                               0x200000ac   Data           4  mpu6050.o(.data)
    test_fli_a                               0x200000b0   Data           4  mpu6050.o(.data)
    test_i                                   0x200000b4   Data           4  mpu6050.o(.data)
    fast_atan_table                          0x200000b8   Data        1028  mymath.o(.data)
    Roll                                     0x200004bc   Data           4  imu.o(.data)
    Pitch                                    0x200004c0   Data           4  imu.o(.data)
    Yaw                                      0x200004c4   Data           4  imu.o(.data)
    ref_q                                    0x200004c8   Data          16  imu.o(.data)
    norm_acc                                 0x200004d8   Data           4  imu.o(.data)
    norm_q                                   0x200004dc   Data           4  imu.o(.data)
    norm_acc_lpf                             0x200004e0   Data           4  imu.o(.data)
    mag_norm                                 0x200004e4   Data           4  imu.o(.data)
    mag_norm_xyz                             0x200004e8   Data           4  imu.o(.data)
    acc_ng_cali                              0x200004ec   Data           1  imu.o(.data)
    fly_ready                                0x200004ed   Data           1  imu.o(.data)
    Yaw_Cnt                                  0x200004f0   Data           4  imu.o(.data)
    i                                        0x200004f4   Data           4  imu.o(.data)
    Yaw_Sum                                  0x200004f8   Data           4  imu.o(.data)
    Temp_Yaw                                 0x200004fc   Data           4  imu.o(.data)
    SystemCoreClock                          0x20000528   Data           4  system_stm32f10x.o(.data)
    AHBPrescTable                            0x2000052c   Data          16  system_stm32f10x.o(.data)
    __stdout                                 0x2000053c   Data           4  stdout.o(.data)
    mpu6050                                  0x20000550   Data         128  mpu6050.o(.bss)
    mpu6050_buffer                           0x200005d0   Data          14  mpu6050.o(.bss)
    sum_temp                                 0x200005e0   Data          28  mpu6050.o(.bss)
    FILT_BUF                                 0x200005fc   Data         154  mpu6050.o(.bss)
    mpu6050_tmp                              0x20000698   Data          28  mpu6050.o(.bss)
    mpu_fil_tmp                              0x200006b4   Data          28  mpu6050.o(.bss)
    reference_v                              0x200006d0   Data          12  imu.o(.bss)
    ref                                      0x200006dc   Data          60  imu.o(.bss)
    mag_sim_3d                               0x20000718   Data          12  imu.o(.bss)
    acc_3d_hg                                0x20000724   Data          12  imu.o(.bss)
    acc_ng                                   0x20000730   Data          12  imu.o(.bss)
    acc_ng_offset                            0x2000073c   Data          12  imu.o(.bss)
    Yaw_Filter_Buf                           0x20000748   Data         120  imu.o(.bss)
    __initial_sp                             0x20000bd0   Data           0  startup_stm32f10x_hd.o(STACK)



==============================================================================

Memory Map of the image

  Image Entry point : 0x08000131

  Load Region LR_IROM1 (Base: 0x08000000, Size: 0x0000622c, Max: 0x00080000, ABSOLUTE, COMPRESSED[0x00006134])

    Execution Region ER_IROM1 (Base: 0x08000000, Size: 0x00005ce8, Max: 0x00080000, ABSOLUTE)

    Base Addr    Size         Type   Attr      Idx    E Section Name        Object

    0x08000000   0x00000130   Data   RO          313    RESET               startup_stm32f10x_hd.o
    0x08000130   0x00000000   Code   RO          357  * .ARM.Collect$$$$00000000  mc_w.l(entry.o)
    0x08000130   0x00000004   Code   RO          665    .ARM.Collect$$$$00000001  mc_w.l(entry2.o)
    0x08000134   0x00000004   Code   RO          668    .ARM.Collect$$$$00000004  mc_w.l(entry5.o)
    0x08000138   0x00000000   Code   RO          670    .ARM.Collect$$$$00000008  mc_w.l(entry7b.o)
    0x08000138   0x00000000   Code   RO          672    .ARM.Collect$$$$0000000A  mc_w.l(entry8b.o)
    0x08000138   0x00000008   Code   RO          673    .ARM.Collect$$$$0000000B  mc_w.l(entry9a.o)
    0x08000140   0x00000000   Code   RO          675    .ARM.Collect$$$$0000000D  mc_w.l(entry10a.o)
    0x08000140   0x00000000   Code   RO          677    .ARM.Collect$$$$0000000F  mc_w.l(entry11a.o)
    0x08000140   0x00000004   Code   RO          666    .ARM.Collect$$$$00002712  mc_w.l(entry2.o)
    0x08000144   0x000009ba   Code   RO            1    .text               main.o
    0x08000afe   0x00000002   PAD
    0x08000b00   0x00000198   Code   RO           95    .text               stm32f10x_it.o
    0x08000c98   0x0000026c   Code   RO          112    .text               usart1.o
    0x08000f04   0x00000078   Code   RO          131    .text               led.o
    0x08000f7c   0x000000ac   Code   RO          143    .text               timer.o
    0x08001028   0x00000438   Code   RO          155    .text               i2c_soft.o
    0x08001460   0x000003b0   Code   RO          173    .text               ak8975.o
    0x08001810   0x000005c4   Code   RO          192    .text               mpu6050.o
    0x08001dd4   0x0000063c   Code   RO          212    .text               mymath.o
    0x08002410   0x00000e14   Code   RO          227    .text               imu.o
    0x08003224   0x000000dc   Code   RO          249    .text               misc.o
    0x08003300   0x0000035c   Code   RO          261    .text               stm32f10x_gpio.o
    0x0800365c   0x000003a4   Code   RO          273    .text               stm32f10x_rcc.o
    0x08003a00   0x00000408   Code   RO          287    .text               stm32f10x_usart.o
    0x08003e08   0x00000e1a   Code   RO          299    .text               stm32f10x_tim.o
    0x08004c22   0x00000002   PAD
    0x08004c24   0x00000024   Code   RO          314    .text               startup_stm32f10x_hd.o
    0x08004c48   0x000001e0   Code   RO          329    .text               system_stm32f10x.o
    0x08004e28   0x00000024   Code   RO          360    .text               mc_w.l(memseta.o)
    0x08004e4c   0x000000b0   Code   RO          623    .text               mf_w.l(fadd.o)
    0x08004efc   0x00000064   Code   RO          625    .text               mf_w.l(fmul.o)
    0x08004f60   0x0000007c   Code   RO          627    .text               mf_w.l(fdiv.o)
    0x08004fdc   0x0000014e   Code   RO          629    .text               mf_w.l(dadd.o)
    0x0800512a   0x000000e4   Code   RO          631    .text               mf_w.l(dmul.o)
    0x0800520e   0x00000012   Code   RO          633    .text               mf_w.l(fflti.o)
    0x08005220   0x00000022   Code   RO          635    .text               mf_w.l(dflti.o)
    0x08005242   0x00000032   Code   RO          637    .text               mf_w.l(ffixi.o)
    0x08005274   0x00000026   Code   RO          639    .text               mf_w.l(f2d.o)
    0x0800529a   0x00000002   PAD
    0x0800529c   0x00000028   Code   RO          641    .text               mf_w.l(cdcmple.o)
    0x080052c4   0x00000028   Code   RO          643    .text               mf_w.l(cdrcmple.o)
    0x080052ec   0x00000038   Code   RO          645    .text               mf_w.l(d2f.o)
    0x08005324   0x00000014   Code   RO          647    .text               mf_w.l(cfcmple.o)
    0x08005338   0x00000014   Code   RO          649    .text               mf_w.l(cfrcmple.o)
    0x0800534c   0x0000002c   Code   RO          680    .text               mc_w.l(uidiv.o)
    0x08005378   0x0000001e   Code   RO          684    .text               mc_w.l(llshl.o)
    0x08005396   0x00000024   Code   RO          686    .text               mc_w.l(llsshr.o)
    0x080053ba   0x00000000   Code   RO          695    .text               mc_w.l(iusefp.o)
    0x080053ba   0x0000006e   Code   RO          696    .text               mf_w.l(fepilogue.o)
    0x08005428   0x000000b6   Code   RO          698    .text               mf_w.l(depilogue.o)
    0x080054de   0x000000de   Code   RO          700    .text               mf_w.l(ddiv.o)
    0x080055bc   0x0000002e   Code   RO          702    .text               mf_w.l(dscalb.o)
    0x080055ea   0x00000002   PAD
    0x080055ec   0x00000024   Code   RO          706    .text               mc_w.l(init.o)
    0x08005610   0x00000020   Code   RO          708    .text               mc_w.l(llushr.o)
    0x08005630   0x000000a2   Code   RO          710    .text               mf_w.l(dsqrt.o)
    0x080056d2   0x00000056   Code   RO          720    .text               mc_w.l(__dczerorl2.o)
    0x08005728   0x00000020   Code   RO          407    i.__0printf$1       mc_w.l(printf1.o)
    0x08005748   0x00000028   Code   RO          653    i.__ARM_fpclassify  m_ws.l(fpclassify.o)
    0x08005770   0x000000aa   Code   RO          655    i.__kernel_poly     m_ws.l(poly.o)
    0x0800581a   0x00000002   PAD
    0x0800581c   0x00000010   Code   RO          651    i.__mathlib_dbl_underflow  m_ws.l(dunder.o)
    0x0800582c   0x0000000e   Code   RO          714    i.__scatterload_copy  mc_w.l(handlers.o)
    0x0800583a   0x00000002   Code   RO          715    i.__scatterload_null  mc_w.l(handlers.o)
    0x0800583c   0x0000000e   Code   RO          716    i.__scatterload_zeroinit  mc_w.l(handlers.o)
    0x0800584a   0x00000002   PAD
    0x0800584c   0x0000000c   Code   RO          690    i.__set_errno       mc_w.l(errno.o)
    0x08005858   0x00000154   Code   RO          414    i._printf_core      mc_w.l(printf1.o)
    0x080059ac   0x0000027c   Code   RO          348    i.asin              m_ws.l(asin.o)
    0x08005c28   0x0000004c   Code   RO          658    i.sqrt              m_ws.l(sqrt.o)
    0x08005c74   0x00000004   PAD
    0x08005c78   0x00000050   Data   RO          349    .constdata          m_ws.l(asin.o)
    0x08005cc8   0x00000020   Data   RO          712    Region$$Table       anon$$obj.o


    Execution Region RW_IRAM1 (Base: 0x20000000, Size: 0x00000bd0, Max: 0x00010000, ABSOLUTE, COMPRESSED[0x0000044c])

    Base Addr    Size         Type   Attr      Idx    E Section Name        Object

    0x20000000   0x00000030   Data   RW            2    .data               main.o
    0x20000030   0x0000001c   Data   RW           96    .data               stm32f10x_it.o
    0x2000004c   0x00000001   Data   RW          156    .data               i2c_soft.o
    0x2000004d   0x00000003   PAD
    0x20000050   0x0000004a   Data   RW          175    .data               ak8975.o
    0x2000009a   0x00000002   PAD
    0x2000009c   0x0000001c   Data   RW          194    .data               mpu6050.o
    0x200000b8   0x00000404   Data   RW          213    .data               mymath.o
    0x200004bc   0x00000058   Data   RW          229    .data               imu.o
    0x20000514   0x00000014   Data   RW          274    .data               stm32f10x_rcc.o
    0x20000528   0x00000014   Data   RW          330    .data               system_stm32f10x.o
    0x2000053c   0x00000004   Data   RW          679    .data               mc_w.l(stdout.o)
    0x20000540   0x00000004   Data   RW          691    .data               mc_w.l(errno.o)
    0x20000544   0x0000000c   Zero   RW          174    .bss                ak8975.o
    0x20000550   0x00000180   Zero   RW          193    .bss                mpu6050.o
    0x200006d0   0x000000fc   Zero   RW          228    .bss                imu.o
    0x200007cc   0x00000004   PAD
    0x200007d0   0x00000400   Zero   RW          311    STACK               startup_stm32f10x_hd.o


==============================================================================

Image component sizes


      Code (inc. data)   RO Data    RW Data    ZI Data      Debug   Object Name

       944         30          0         74         12       3294   ak8975.o
      1080          8          0          1          0       4282   i2c_soft.o
      3604        204          0         88        252       3412   imu.o
       120          6          0          0          0        776   led.o
      2490        558          0         48          0     257144   main.o
       220         22          0          0          0       1689   misc.o
      1476         58          0         28        384      16084   mpu6050.o
      1596         82          0       1028          0       4783   mymath.o
        36          8        304          0       1024        800   startup_stm32f10x_hd.o
       860         38          0          0          0       5533   stm32f10x_gpio.o
       408         76          0         28          0       1892   stm32f10x_it.o
       932         36          0         20          0       8668   stm32f10x_rcc.o
      3610         88          0          0          0      22020   stm32f10x_tim.o
      1032         22          0          0          0       8260   stm32f10x_usart.o
       480         38          0         20          0       1715   system_stm32f10x.o
       172          0          0          0          0        905   timer.o
       620         10          0          0          0       4288   usart1.o

    ----------------------------------------------------------------------
     19684       1284        336       1340       1676     345545   Object Totals
         0          0         32          0          0          0   (incl. Generated)
         4          0          0          5          4          0   (incl. Padding)

    ----------------------------------------------------------------------

      Code (inc. data)   RO Data    RW Data    ZI Data      Debug   Library Member Name

       636         52         80          0          0        168   asin.o
        16          6          0          0          0         68   dunder.o
        40          0          0          0          0         68   fpclassify.o
       170          0          0          0          0         96   poly.o
        76          0          0          0          0         84   sqrt.o
        86          0          0          0          0          0   __dczerorl2.o
         0          0          0          0          0          0   entry.o
         0          0          0          0          0          0   entry10a.o
         0          0          0          0          0          0   entry11a.o
         8          4          0          0          0          0   entry2.o
         4          0          0          0          0          0   entry5.o
         0          0          0          0          0          0   entry7b.o
         0          0          0          0          0          0   entry8b.o
         8          4          0          0          0          0   entry9a.o
        12          6          0          4          0         68   errno.o
        30          0          0          0          0          0   handlers.o
        36          8          0          0          0         68   init.o
         0          0          0          0          0          0   iusefp.o
        30          0          0          0          0         68   llshl.o
        36          0          0          0          0         68   llsshr.o
        32          0          0          0          0         68   llushr.o
        36          0          0          0          0        108   memseta.o
       372         14          0          0          0        184   printf1.o
         0          0          0          4          0          0   stdout.o
        44          0          0          0          0         80   uidiv.o
        40          2          0          0          0         68   cdcmple.o
        40          2          0          0          0         68   cdrcmple.o
        20          0          0          0          0         68   cfcmple.o
        20          0          0          0          0         68   cfrcmple.o
        56          0          0          0          0         88   d2f.o
       334          0          0          0          0        148   dadd.o
       222          0          0          0          0        100   ddiv.o
       182          0          0          0          0        176   depilogue.o
        34          0          0          0          0         76   dflti.o
       228          0          0          0          0         96   dmul.o
        46          0          0          0          0         80   dscalb.o
       162          0          0          0          0        100   dsqrt.o
        38          0          0          0          0         68   f2d.o
       176          0          0          0          0        140   fadd.o
       124          0          0          0          0         88   fdiv.o
       110          0          0          0          0        168   fepilogue.o
        50          0          0          0          0         68   ffixi.o
        18          0          0          0          0         68   fflti.o
       100          0          0          0          0         76   fmul.o

    ----------------------------------------------------------------------
      3684         98         80          8          0       3008   Library Totals
        12          0          0          0          0          0   (incl. Padding)

    ----------------------------------------------------------------------

      Code (inc. data)   RO Data    RW Data    ZI Data      Debug   Library Name

       938         58         80          0          0        484   m_ws.l
       734         36          0          8          0        712   mc_w.l
      2000          4          0          0          0       1812   mf_w.l

    ----------------------------------------------------------------------
      3684         98         80          8          0       3008   Library Totals

    ----------------------------------------------------------------------

==============================================================================


      Code (inc. data)   RO Data    RW Data    ZI Data      Debug   

     23368       1382        416       1348       1676     345873   Grand Totals
     23368       1382        416       1100       1676     345873   ELF Image Totals (compressed)
     23368       1382        416       1100          0          0   ROM Totals

==============================================================================

    Total RO  Size (Code + RO Data)                23784 (  23.23kB)
    Total RW  Size (RW Data + ZI Data)              3024 (   2.95kB)
    Total ROM Size (Code + RO Data + RW Data)      24884 (  24.30kB)

==============================================================================

